Archive member included to satisfy reference by file (symbol)

libpico_sleep_manual.a(sleep.c.o)
                              CMakeFiles/tflite_test.dir/main.cpp.o (sleep_run_from_dormant_source)
/home/jslucena/Work/tflite-micro/gen/cortex_m_generic_cortex-m33_default_cmsis_nn_gcc/lib/libtensorflow-microlite.a(micro_allocator.o)
                              CMakeFiles/tflite_test.dir/main.cpp.o (tflite::MicroAllocator::used_bytes() const)
/home/jslucena/Work/tflite-micro/gen/cortex_m_generic_cortex-m33_default_cmsis_nn_gcc/lib/libtensorflow-microlite.a(micro_interpreter.o)
                              CMakeFiles/tflite_test.dir/main.cpp.o (tflite::MicroInterpreter::MicroInterpreter(tflite::Model const*, tflite::MicroOpResolver const&, unsigned char*, unsigned int, tflite::MicroResourceVariables*, tflite::MicroProfilerInterface*, bool))
/home/jslucena/Work/tflite-micro/gen/cortex_m_generic_cortex-m33_default_cmsis_nn_gcc/lib/libtensorflow-microlite.a(micro_interpreter_context.o)
                              /home/jslucena/Work/tflite-micro/gen/cortex_m_generic_cortex-m33_default_cmsis_nn_gcc/lib/libtensorflow-microlite.a(micro_interpreter.o) (tflite::MicroInterpreterContext::~MicroInterpreterContext())
/home/jslucena/Work/tflite-micro/gen/cortex_m_generic_cortex-m33_default_cmsis_nn_gcc/lib/libtensorflow-microlite.a(micro_interpreter_graph.o)
                              /home/jslucena/Work/tflite-micro/gen/cortex_m_generic_cortex-m33_default_cmsis_nn_gcc/lib/libtensorflow-microlite.a(micro_interpreter.o) (tflite::MicroInterpreterGraph::~MicroInterpreterGraph())
/home/jslucena/Work/tflite-micro/gen/cortex_m_generic_cortex-m33_default_cmsis_nn_gcc/lib/libtensorflow-microlite.a(micro_log.o)
                              CMakeFiles/tflite_test.dir/main.cpp.o (MicroPrintf(char const*, ...))
/home/jslucena/Work/tflite-micro/gen/cortex_m_generic_cortex-m33_default_cmsis_nn_gcc/lib/libtensorflow-microlite.a(micro_op_resolver.o)
                              /home/jslucena/Work/tflite-micro/gen/cortex_m_generic_cortex-m33_default_cmsis_nn_gcc/lib/libtensorflow-microlite.a(micro_interpreter.o) (tflite::GetRegistrationFromOpCode(tflite::OperatorCode const*, tflite::MicroOpResolver const&, TFLMRegistration const**))
/home/jslucena/Work/tflite-micro/gen/cortex_m_generic_cortex-m33_default_cmsis_nn_gcc/lib/libtensorflow-microlite.a(micro_resource_variable.o)
                              /home/jslucena/Work/tflite-micro/gen/cortex_m_generic_cortex-m33_default_cmsis_nn_gcc/lib/libtensorflow-microlite.a(micro_interpreter_graph.o) (tflite::MicroResourceVariables::ResetAll())
/home/jslucena/Work/tflite-micro/gen/cortex_m_generic_cortex-m33_default_cmsis_nn_gcc/lib/libtensorflow-microlite.a(micro_utils.o)
                              /home/jslucena/Work/tflite-micro/gen/cortex_m_generic_cortex-m33_default_cmsis_nn_gcc/lib/libtensorflow-microlite.a(micro_resource_variable.o) (tflite::EvalTensorBytes(TfLiteEvalTensor const*))
/home/jslucena/Work/tflite-micro/gen/cortex_m_generic_cortex-m33_default_cmsis_nn_gcc/lib/libtensorflow-microlite.a(system_setup.o)
                              CMakeFiles/tflite_test.dir/main.cpp.o (tflite::InitializeTarget())
/home/jslucena/Work/tflite-micro/gen/cortex_m_generic_cortex-m33_default_cmsis_nn_gcc/lib/libtensorflow-microlite.a(non_persistent_arena_buffer_allocator.o)
                              /home/jslucena/Work/tflite-micro/gen/cortex_m_generic_cortex-m33_default_cmsis_nn_gcc/lib/libtensorflow-microlite.a(micro_allocator.o) (tflite::NonPersistentArenaBufferAllocator::NonPersistentArenaBufferAllocator(unsigned char*, unsigned int))
/home/jslucena/Work/tflite-micro/gen/cortex_m_generic_cortex-m33_default_cmsis_nn_gcc/lib/libtensorflow-microlite.a(persistent_arena_buffer_allocator.o)
                              /home/jslucena/Work/tflite-micro/gen/cortex_m_generic_cortex-m33_default_cmsis_nn_gcc/lib/libtensorflow-microlite.a(micro_allocator.o) (tflite::PersistentArenaBufferAllocator::~PersistentArenaBufferAllocator())
/home/jslucena/Work/tflite-micro/gen/cortex_m_generic_cortex-m33_default_cmsis_nn_gcc/lib/libtensorflow-microlite.a(single_arena_buffer_allocator.o)
                              /home/jslucena/Work/tflite-micro/gen/cortex_m_generic_cortex-m33_default_cmsis_nn_gcc/lib/libtensorflow-microlite.a(micro_allocator.o) (tflite::SingleArenaBufferAllocator::Create(unsigned char*, unsigned int))
/home/jslucena/Work/tflite-micro/gen/cortex_m_generic_cortex-m33_default_cmsis_nn_gcc/lib/libtensorflow-microlite.a(greedy_memory_planner.o)
                              /home/jslucena/Work/tflite-micro/gen/cortex_m_generic_cortex-m33_default_cmsis_nn_gcc/lib/libtensorflow-microlite.a(micro_allocator.o) (tflite::GreedyMemoryPlanner::GreedyMemoryPlanner())
/home/jslucena/Work/tflite-micro/gen/cortex_m_generic_cortex-m33_default_cmsis_nn_gcc/lib/libtensorflow-microlite.a(linear_memory_planner.o)
[...]
Memory Configuration

Name             Origin             Length             Attributes
FLASH            0x10000000         0x00400000         xr
RAM              0x20000000         0x00080000         xrw
SCRATCH_X        0x20080000         0x00001000         xrw
SCRATCH_Y        0x20081000         0x00001000         xrw
*default*        0x00000000         0xffffffff

Linker script and memory map

LOAD /usr/bin/../lib/gcc/arm-none-eabi/14.2.1/thumb/v8-m.main+fp/softfp/crti.o
LOAD /usr/bin/../lib/gcc/arm-none-eabi/14.2.1/thumb/v8-m.main+fp/softfp/crtbegin.o
LOAD /usr/bin/../lib/gcc/arm-none-eabi/14.2.1/../../../../arm-none-eabi/lib/thumb/v8-m.main+fp/softfp/crt0.o

.flash_begin    0x10000000        0x0
                0x10000000                        __flash_binary_start = .

.text           0x10000000    0x252d4
                0x10000000                        __logical_binary_start = .
 *(.vectors)
 .vectors       0x10000000      0x124 CMakeFiles/tflite_test.dir/home/jslucena/Work/pico-sdk/src/rp2_common/pico_crt0/crt0.S.o
                0x10000000                __vectors
                0x10000000                __VECTOR_TABLE
                0x10000110                isr_invalid
                0x10000110                __default_isrs_start
                0x10000112                isr_nmi
                0x10000114                isr_hardfault
                0x10000116                isr_svcall
                0x10000118                isr_pendsv
                0x1000011a                isr_systick
                0x1000011c                isr_irq30
                0x1000011c                __unhandled_user_irq
                0x1000011c                isr_irq49
                0x1000011c                isr_irq13
                0x1000011c                isr_irq43
                0x1000011c                isr_irq45
                0x1000011c                isr_irq27
                0x1000011c                isr_irq32
                0x1000011c                isr_irq31
                0x1000011c                isr_irq5
                0x1000011c                isr_irq11
                0x1000011c                isr_irq23
                0x1000011c                isr_irq48
                0x1000011c                isr_irq35
                0x1000011c                isr_irq18
                0x1000011c                isr_irq50
                0x1000011c                isr_irq40
                0x1000011c                isr_irq28
                0x1000011c                isr_irq19
                0x1000011c                isr_irq36
                0x1000011c                isr_irq41
                0x1000011c                isr_irq0
                0x1000011c                isr_irq6
                0x1000011c                isr_irq37
                0x1000011c                isr_irq42
                0x1000011c                isr_irq22
                0x1000011c                isr_irq17
                0x1000011c                isr_irq38
                0x1000011c                isr_irq14
                0x1000011c                isr_irq2
                0x1000011c                isr_irq10
                0x1000011c                isr_irq8
                0x1000011c                isr_irq24
                0x1000011c                isr_irq46
                0x1000011c                isr_irq1
                0x1000011c                isr_irq47
                0x1000011c                isr_irq51
                0x1000011c                isr_irq7
                0x1000011c                isr_irq21
                0x1000011c                isr_irq39
                0x1000011c                isr_irq20
                0x1000011c                isr_irq15
                0x1000011c                isr_irq25
                0x1000011c                isr_irq34
                0x1000011c                isr_irq4
                0x1000011c                isr_irq16
                0x1000011c                isr_irq44
                0x1000011c                isr_irq29
                0x1000011c                isr_irq26
                0x1000011c                __default_isrs_end
                0x1000011c                isr_irq33
                0x1000011c                isr_irq3
                0x1000011c                isr_irq12
                0x1000011c                isr_irq9
                0x10000122                unhandled_user_irq_num_in_r0
 *(.binary_info_header)
 .binary_info_header
                0x10000124       0x14 CMakeFiles/tflite_test.dir/home/jslucena/Work/pico-sdk/src/rp2_common/pico_crt0/crt0.S.o
                0x10000138                        __binary_info_header_end = .
 *(.embedded_block)
 .embedded_block
                0x10000138       0x14 CMakeFiles/tflite_test.dir/home/jslucena/Work/pico-sdk/src/rp2_common/pico_crt0/crt0.S.o
                0x1000014c                        __embedded_block_end = .
 *(.reset)
 .reset         0x1000014c       0xa0 CMakeFiles/tflite_test.dir/home/jslucena/Work/pico-sdk/src/rp2_common/pico_crt0/crt0.S.o
                0x1000014c                _entry_point
 *(.init)
 .init          0x100001ec        0x4 /usr/bin/../lib/gcc/arm-none-eabi/14.2.1/thumb/v8-m.main+fp/softfp/crti.o
                0x100001ec                _init
 *libgcc.a:cmse_nonsecure_call.o()
 *(EXCLUDE_FILE(*libm.a: *libc.a:*lib_a-mem*.o *libgcc.a:) .text*)
 .text.register_tm_clones
                0x100001f0       0x28 /usr/bin/../lib/gcc/arm-none-eabi/14.2.1/thumb/v8-m.main+fp/softfp/crtbegin.o
 .text.frame_dummy
                0x10000218       0x24 /usr/bin/../lib/gcc/arm-none-eabi/14.2.1/thumb/v8-m.main+fp/softfp/crtbegin.o
 .text._ZNK6tflite22MicroMutableOpResolverILj10EE6FindOpENS_15BuiltinOperatorE
                0x1000023c       0xac CMakeFiles/tflite_test.dir/main.cpp.o
                0x1000023c                tflite::MicroMutableOpResolver<10u>::FindOp(tflite::BuiltinOperator) const
 .text._ZN6tflite22MicroMutableOpResolverILj10EED0Ev
                0x100002e8        0x4 CMakeFiles/tflite_test.dir/main.cpp.o
                0x100002e8                tflite::MicroMutableOpResolver<10u>::~MicroMutableOpResolver()
                0x100002e8                tflite::MicroMutableOpResolver<10u>::~MicroMutableOpResolver()
                0x100002e8                tflite::MicroMutableOpResolver<10u>::~MicroMutableOpResolver()
 .text._ZNK6tflite22MicroMutableOpResolverILj10EE15GetOpDataParserENS_15BuiltinOperatorE
                0x100002ec       0xac CMakeFiles/tflite_test.dir/main.cpp.o
                0x100002ec                tflite::MicroMutableOpResolver<10u>::GetOpDataParser(tflite::BuiltinOperator) const
 .text.__tcf_0  0x10000398        0xc CMakeFiles/tflite_test.dir/main.cpp.o
 .text._ZNK6tflite22MicroMutableOpResolverILj10EE6FindOpEPKc
                0x100003a4      0x130 CMakeFiles/tflite_test.dir/main.cpp.o
                0x100003a4                tflite::MicroMutableOpResolver<10u>::FindOp(char const*) const
 .text._Z5setupPK11ModelConfig
                0x100004d4      0xc74 CMakeFiles/tflite_test.dir/main.cpp.o
                0x100004d4                setup(ModelConfig const*)
 .text._Z21wait_for_button_pressv
                0x10001148       0x4c CMakeFiles/tflite_test.dir/main.cpp.o
                0x10001148                wait_for_button_press()
 .text.startup.main
                0x10001194      0x314 CMakeFiles/tflite_test.dir/main.cpp.o
                0x10001194                main
 .text.startup._GLOBAL__sub_I_models_baseline_tflite
                0x100014a8       0x2c CMakeFiles/tflite_test.dir/main.cpp.o
 .text.setup_default_uart
                0x100014d4       0x2c CMakeFiles/tflite_test.dir/home/jslucena/Work/pico-sdk/src/rp2_common/pico_stdlib/stdlib.c.o
                0x100014d4                setup_default_uart
 .text.gpio_set_function
                0x10001500       0x3c CMakeFiles/tflite_test.dir/home/jslucena/Work/pico-sdk/src/rp2_common/hardware_gpio/gpio.c.o
                0x10001500                gpio_set_function
 .text.gpio_set_pulls
                0x1000153c       0x28 CMakeFiles/tflite_test.dir/home/jslucena/Work/pico-sdk/src/rp2_common/hardware_gpio/gpio.c.o
                0x1000153c                gpio_set_pulls
 .text.gpio_set_dormant_irq_enabled
                0x10001564       0x40 CMakeFiles/tflite_test.dir/home/jslucena/Work/pico-sdk/src/rp2_common/hardware_gpio/gpio.c.o
                0x10001564                gpio_set_dormant_irq_enabled
 .text.gpio_acknowledge_irq
                0x100015a4       0x18 CMakeFiles/tflite_test.dir/home/jslucena/Work/pico-sdk/src/rp2_common/hardware_gpio/gpio.c.o
                0x100015a4                gpio_acknowledge_irq
 .text.gpio_set_input_enabled
                0x100015bc       0x20 CMakeFiles/tflite_test.dir/home/jslucena/Work/pico-sdk/src/rp2_common/hardware_gpio/gpio.c.o
                0x100015bc                gpio_set_input_enabled
 .text.gpio_init
                0x100015dc       0x48 CMakeFiles/tflite_test.dir/home/jslucena/Work/pico-sdk/src/rp2_common/hardware_gpio/gpio.c.o
                0x100015dc                gpio_init
 .text.panic    0x10001624       0x30 CMakeFiles/tflite_test.dir/home/jslucena/Work/pico-sdk/src/rp2_common/pico_platform_panic/panic.c.o
                0x10001624                panic
 .text.hw_claim_or_assert
                0x10001654       0x58 CMakeFiles/tflite_test.dir/home/jslucena/Work/pico-sdk/src/common/hardware_claim/claim.c.o
                0x10001654                hw_claim_or_assert
 .text.hw_claim_unused_from_range
                0x100016ac       0x80 CMakeFiles/tflite_test.dir/home/jslucena/Work/pico-sdk/src/common/hardware_claim/claim.c.o
                0x100016ac                hw_claim_unused_from_range
 .text.next_striped_spin_lock_num
                0x1000172c       0x18 CMakeFiles/tflite_test.dir/home/jslucena/Work/pico-sdk/src/rp2_common/hardware_sync/sync.c.o
                0x1000172c                next_striped_spin_lock_num
 .text.spin_lock_claim_unused
                0x10001744       0x20 CMakeFiles/tflite_test.dir/home/jslucena/Work/pico-sdk/src/rp2_common/hardware_sync/sync.c.o
                0x10001744                spin_lock_claim_unused
 .text.spinlock_set_extexclall
                0x10001764       0x10 CMakeFiles/tflite_test.dir/home/jslucena/Work/pico-sdk/src/rp2_common/hardware_sync_spin_lock/sync_spin_lock.c.o
 .text.spin_locks_reset
                0x10001774       0x18 CMakeFiles/tflite_test.dir/home/jslucena/Work/pico-sdk/src/rp2_common/hardware_sync_spin_lock/sync_spin_lock.c.o
                0x10001774                spin_locks_reset
 .text.runtime_init_per_core_irq_priorities
                0x1000178c       0x40 CMakeFiles/tflite_test.dir/home/jslucena/Work/pico-sdk/src/rp2_common/hardware_irq/irq.c.o
                0x1000178c                runtime_init_per_core_irq_priorities
 .text.irq_set_enabled
                0x100017cc       0x2c CMakeFiles/tflite_test.dir/home/jslucena/Work/pico-sdk/src/rp2_common/hardware_irq/irq.c.o
                0x100017cc                irq_set_enabled
 .text.irq_is_enabled
                0x100017f8       0x20 CMakeFiles/tflite_test.dir/home/jslucena/Work/pico-sdk/src/rp2_common/hardware_irq/irq.c.o
                0x100017f8                irq_is_enabled
 .text.irq_set_pending
                0x10001818       0x18 CMakeFiles/tflite_test.dir/home/jslucena/Work/pico-sdk/src/rp2_common/hardware_irq/irq.c.o
                0x10001818                irq_set_pending
 .text.irq_has_shared_handler
                0x10001830       0x20 CMakeFiles/tflite_test.dir/home/jslucena/Work/pico-sdk/src/rp2_common/hardware_irq/irq.c.o
                0x10001830                irq_has_shared_handler
 .text.irq_set_exclusive_handler
                0x10001850       0x60 CMakeFiles/tflite_test.dir/home/jslucena/Work/pico-sdk/src/rp2_common/hardware_irq/irq.c.o
                0x10001850                irq_set_exclusive_handler
 .text.irq_add_shared_handler
                0x100018b0      0x1e8 CMakeFiles/tflite_test.dir/home/jslucena/Work/pico-sdk/src/rp2_common/hardware_irq/irq.c.o
                0x100018b0                irq_add_shared_handler
 .text.irq_add_tail_to_free_list
                0x10001a98       0xbc CMakeFiles/tflite_test.dir/home/jslucena/Work/pico-sdk/src/rp2_common/hardware_irq/irq.c.o
                0x10001a98                irq_add_tail_to_free_list
 .text.user_irq_claim_unused
                0x10001b54       0x28 CMakeFiles/tflite_test.dir/home/jslucena/Work/pico-sdk/src/rp2_common/hardware_irq/irq.c.o
                0x10001b54                user_irq_claim_unused
 .text.lock_init
                0x10001b7c        0xc CMakeFiles/tflite_test.dir/home/jslucena/Work/pico-sdk/src/common/pico_sync/lock_core.c.o
                0x10001b7c                lock_init
 .text.runtime_init_mutex
                0x10001b88       0x4c CMakeFiles/tflite_test.dir/home/jslucena/Work/pico-sdk/src/common/pico_sync/mutex.c.o
                0x10001b88                runtime_init_mutex
 .text.mutex_init
                0x10001bd4       0x1c CMakeFiles/tflite_test.dir/home/jslucena/Work/pico-sdk/src/common/pico_sync/mutex.c.o
                0x10001bd4                mutex_init
 .text.critical_section_init
                0x10001bf0       0x1c CMakeFiles/tflite_test.dir/home/jslucena/Work/pico-sdk/src/common/pico_sync/critical_section.c.o
                0x10001bf0                critical_section_init
 .text.critical_section_init_with_lock_num
                0x10001c0c       0x10 CMakeFiles/tflite_test.dir/home/jslucena/Work/pico-sdk/src/common/pico_sync/critical_section.c.o
                0x10001c0c                critical_section_init_with_lock_num
 .text.sleep_until_callback
                0x10001c1c       0x3c CMakeFiles/tflite_test.dir/home/jslucena/Work/pico-sdk/src/common/pico_time/time.c.o
 .text.alarm_pool_irq_handler
                0x10001c58      0x2f0 CMakeFiles/tflite_test.dir/home/jslucena/Work/pico-sdk/src/common/pico_time/time.c.o
 .text.runtime_init_default_alarm_pool
                0x10001f48      0x100 CMakeFiles/tflite_test.dir/home/jslucena/Work/pico-sdk/src/common/pico_time/time.c.o
                0x10001f48                runtime_init_default_alarm_pool
 .text.alarm_pool_get_default
                0x10002048        0x8 CMakeFiles/tflite_test.dir/home/jslucena/Work/pico-sdk/src/common/pico_time/time.c.o
                0x10002048                alarm_pool_get_default
 .text.alarm_pool_add_alarm_at
                0x10002050       0xdc CMakeFiles/tflite_test.dir/home/jslucena/Work/pico-sdk/src/common/pico_time/time.c.o
                0x10002050                alarm_pool_add_alarm_at
 .text.alarm_pool_add_alarm_at_force_in_context
                0x1000212c       0xc8 CMakeFiles/tflite_test.dir/home/jslucena/Work/pico-sdk/src/common/pico_time/time.c.o
                0x1000212c                alarm_pool_add_alarm_at_force_in_context
 .text.alarm_pool_cancel_alarm
                0x100021f4       0x80 CMakeFiles/tflite_test.dir/home/jslucena/Work/pico-sdk/src/common/pico_time/time.c.o
                0x100021f4                alarm_pool_cancel_alarm
 .text.alarm_pool_core_num
                0x10002274        0x4 CMakeFiles/tflite_test.dir/home/jslucena/Work/pico-sdk/src/common/pico_time/time.c.o
                0x10002274                alarm_pool_core_num
 .text.sleep_ms
                0x10002278       0xdc CMakeFiles/tflite_test.dir/home/jslucena/Work/pico-sdk/src/common/pico_time/time.c.o
                0x10002278                sleep_ms
 .text.best_effort_wfe_or_timeout
                0x10002354       0xd4 CMakeFiles/tflite_test.dir/home/jslucena/Work/pico-sdk/src/common/pico_time/time.c.o
                0x10002354                best_effort_wfe_or_timeout
 .text.timer_hardware_alarm_claim
                0x10002428       0x24 CMakeFiles/tflite_test.dir/home/jslucena/Work/pico-sdk/src/rp2_common/hardware_timer/timer.c.o
                0x10002428                timer_hardware_alarm_claim
 .text.timer_time_us_64
                0x1000244c       0x10 CMakeFiles/tflite_test.dir/home/jslucena/Work/pico-sdk/src/rp2_common/hardware_timer/timer.c.o
                0x1000244c                timer_time_us_64
 .text.time_us_64
                0x1000245c       0x14 CMakeFiles/tflite_test.dir/home/jslucena/Work/pico-sdk/src/rp2_common/hardware_timer/timer.c.o
                0x1000245c                time_us_64
 .text.busy_wait_us
                0x10002470       0x5c CMakeFiles/tflite_test.dir/home/jslucena/Work/pico-sdk/src/rp2_common/hardware_timer/timer.c.o
                0x10002470                busy_wait_us
 .text.busy_wait_until
                0x100024cc       0x24 CMakeFiles/tflite_test.dir/home/jslucena/Work/pico-sdk/src/rp2_common/hardware_timer/timer.c.o
                0x100024cc                busy_wait_until
 .text.uart_init
                0x100024f0      0x104 CMakeFiles/tflite_test.dir/home/jslucena/Work/pico-sdk/src/rp2_common/hardware_uart/uart.c.o
                0x100024f0                uart_init
 .text.clock_stop
                0x100025f4       0x28 CMakeFiles/tflite_test.dir/home/jslucena/Work/pico-sdk/src/rp2_common/hardware_clocks/clocks.c.o
                0x100025f4                clock_stop
 .text.clock_configure
                0x1000261c       0xfc CMakeFiles/tflite_test.dir/home/jslucena/Work/pico-sdk/src/rp2_common/hardware_clocks/clocks.c.o
                0x1000261c                clock_configure
 .text.clock_configure_undivided
                0x10002718       0xd0 CMakeFiles/tflite_test.dir/home/jslucena/Work/pico-sdk/src/rp2_common/hardware_clocks/clocks.c.o
                0x10002718                clock_configure_undivided
 .text.clock_get_hz
                0x100027e8        0xc CMakeFiles/tflite_test.dir/home/jslucena/Work/pico-sdk/src/rp2_common/hardware_clocks/clocks.c.o
                0x100027e8                clock_get_hz
 .text.pll_init
                0x100027f4       0x8c CMakeFiles/tflite_test.dir/home/jslucena/Work/pico-sdk/src/rp2_common/hardware_pll/pll.c.o
                0x100027f4                pll_init
 .text.pll_deinit
                0x10002880        0x8 CMakeFiles/tflite_test.dir/home/jslucena/Work/pico-sdk/src/rp2_common/hardware_pll/pll.c.o
                0x10002880                pll_deinit
 .text.watchdog_reboot
                0x10002888       0x98 CMakeFiles/tflite_test.dir/home/jslucena/Work/pico-sdk/src/rp2_common/hardware_watchdog/watchdog.c.o
                0x10002888                watchdog_reboot
 .text.tick_start
                0x10002920       0x18 CMakeFiles/tflite_test.dir/home/jslucena/Work/pico-sdk/src/rp2_common/hardware_ticks/ticks.c.o
                0x10002920                tick_start
 .text.rom_reboot.constprop.0.isra.0
                0x10002938       0x34 CMakeFiles/tflite_test.dir/home/jslucena/Work/pico-sdk/src/rp2_common/pico_bootrom/bootrom.c.o
 .text.rom_func_lookup
                0x1000296c       0x18 CMakeFiles/tflite_test.dir/home/jslucena/Work/pico-sdk/src/rp2_common/pico_bootrom/bootrom.c.o
                0x1000296c                rom_func_lookup
 .text.rom_reset_usb_boot_extra
                0x10002984       0x1c CMakeFiles/tflite_test.dir/home/jslucena/Work/pico-sdk/src/rp2_common/pico_bootrom/bootrom.c.o
                0x10002984                rom_reset_usb_boot_extra
 .text.runtime_init_bootrom_locking_enable
                0x100029a0       0x14 CMakeFiles/tflite_test.dir/home/jslucena/Work/pico-sdk/src/rp2_common/pico_bootrom/bootrom_lock.c.o
                0x100029a0                runtime_init_bootrom_locking_enable
 .text.runtime_init_boot_locks_reset
                0x100029b4       0x1c CMakeFiles/tflite_test.dir/home/jslucena/Work/pico-sdk/src/rp2_common/hardware_boot_lock/boot_lock.c.o
                0x100029b4                runtime_init_boot_locks_reset
 .text.xosc_init
                0x100029d0       0x30 CMakeFiles/tflite_test.dir/home/jslucena/Work/pico-sdk/src/rp2_common/hardware_xosc/xosc.c.o
                0x100029d0                xosc_init
 .text.xosc_disable
                0x10002a00       0x20 CMakeFiles/tflite_test.dir/home/jslucena/Work/pico-sdk/src/rp2_common/hardware_xosc/xosc.c.o
                0x10002a00                xosc_disable
 .text.xosc_dormant
                0x10002a20       0x18 CMakeFiles/tflite_test.dir/home/jslucena/Work/pico-sdk/src/rp2_common/hardware_xosc/xosc.c.o
                0x10002a20                xosc_dormant
 .text.first_per_core_initializer
                0x10002a38        0x4 CMakeFiles/tflite_test.dir/home/jslucena/Work/pico-sdk/src/rp2_common/pico_runtime/runtime.c.o
 .text.hard_assertion_failure
                0x10002a3c        0xc CMakeFiles/tflite_test.dir/home/jslucena/Work/pico-sdk/src/rp2_common/pico_runtime/runtime.c.o
                0x10002a3c                hard_assertion_failure
 .text.runtime_run_initializers
                0x10002a48       0x20 CMakeFiles/tflite_test.dir/home/jslucena/Work/pico-sdk/src/rp2_common/pico_runtime/runtime.c.o
                0x10002a48                runtime_run_initializers
 .text.runtime_init_early_resets
                0x10002a68       0x34 CMakeFiles/tflite_test.dir/home/jslucena/Work/pico-sdk/src/rp2_common/pico_runtime_init/runtime_init.c.o
                0x10002a68                runtime_init_early_resets
 .text.runtime_init_usb_power_down
                0x10002a9c       0x1c CMakeFiles/tflite_test.dir/home/jslucena/Work/pico-sdk/src/rp2_common/pico_runtime_init/runtime_init.c.o
                0x10002a9c                runtime_init_usb_power_down
 .text.runtime_init_per_core_enable_coprocessors
                0x10002ab8       0x1c CMakeFiles/tflite_test.dir/home/jslucena/Work/pico-sdk/src/rp2_common/pico_runtime_init/runtime_init.c.o
                0x10002ab8                runtime_init_per_core_enable_coprocessors
 .text.runtime_init_post_clock_resets
                0x10002ad4       0x20 CMakeFiles/tflite_test.dir/home/jslucena/Work/pico-sdk/src/rp2_common/pico_runtime_init/runtime_init.c.o
                0x10002ad4                runtime_init_post_clock_resets
 .text.runtime_init_bootrom_reset
                0x10002af4       0x14 CMakeFiles/tflite_test.dir/home/jslucena/Work/pico-sdk/src/rp2_common/pico_runtime_init/runtime_init.c.o
                0x10002af4                runtime_init_bootrom_reset
 .text.runtime_init_per_core_bootrom_reset
                0x10002b08       0x14 CMakeFiles/tflite_test.dir/home/jslucena/Work/pico-sdk/src/rp2_common/pico_runtime_init/runtime_init.c.o
                0x10002b08                runtime_init_per_core_bootrom_reset
 .text.runtime_init_spin_locks_reset
                0x10002b1c        0x4 CMakeFiles/tflite_test.dir/home/jslucena/Work/pico-sdk/src/rp2_common/pico_runtime_init/runtime_init.c.o
                0x10002b1c                runtime_init_spin_locks_reset
 .text.runtime_init_install_ram_vector_table
                0x10002b20       0x20 CMakeFiles/tflite_test.dir/home/jslucena/Work/pico-sdk/src/rp2_common/pico_runtime_init/runtime_init.c.o
                0x10002b20                runtime_init_install_ram_vector_table
 .text.runtime_init_clocks
                0x10002b40       0xdc CMakeFiles/tflite_test.dir/home/jslucena/Work/pico-sdk/src/rp2_common/pico_runtime_init/runtime_init_clocks.c.o
                0x10002b40                runtime_init_clocks
 .text.__wrap_round
                0x10002c1c       0x7c CMakeFiles/tflite_test.dir/home/jslucena/Work/pico-sdk/src/rp2_common/pico_double/double_math.c.o
                0x10002c1c                __wrap_round
 .text.__wrap_floor
                0x10002c98       0x78 CMakeFiles/tflite_test.dir/home/jslucena/Work/pico-sdk/src/rp2_common/pico_double/double_math.c.o
                0x10002c98                __wrap_floor
 .text.__rp2350_dcp_engaged_state_save_restore
                0x10002d10       0x3a CMakeFiles/tflite_test.dir/home/jslucena/Work/pico-sdk/src/rp2_common/pico_double/double_aeabi_dcp.S.o
 *fill*         0x10002d4a        0x2 
 .text.__wrap___aeabi_dadd
                0x10002d4c       0x28 CMakeFiles/tflite_test.dir/home/jslucena/Work/pico-sdk/src/rp2_common/pico_double/double_aeabi_dcp.S.o
                0x10002d54                __wrap___aeabi_dadd
 .text.__wrap___aeabi_dsub
                0x10002d74       0x28 CMakeFiles/tflite_test.dir/home/jslucena/Work/pico-sdk/src/rp2_common/pico_double/double_aeabi_dcp.S.o
                0x10002d7c                __wrap___aeabi_dsub
 .text.__wrap___aeabi_dmul
                0x10002d9c       0x4c CMakeFiles/tflite_test.dir/home/jslucena/Work/pico-sdk/src/rp2_common/pico_double/double_aeabi_dcp.S.o
                0x10002da4                __wrap___aeabi_dmul
 .text.__wrap___aeabi_ddiv
                0x10002de8       0x9c CMakeFiles/tflite_test.dir/home/jslucena/Work/pico-sdk/src/rp2_common/pico_double/double_aeabi_dcp.S.o
                0x10002df0                __wrap___aeabi_ddiv
 .text.__wrap___aeabi_d2f
                0x10002e84       0x1c CMakeFiles/tflite_test.dir/home/jslucena/Work/pico-sdk/src/rp2_common/pico_double/double_aeabi_dcp.S.o
                0x10002e8c                double2float
                0x10002e8c                __wrap___aeabi_d2f
 .text.__wrap___aeabi_i2d
                0x10002ea0       0x24 CMakeFiles/tflite_test.dir/home/jslucena/Work/pico-sdk/src/rp2_common/pico_double/double_aeabi_dcp.S.o
                0x10002ea8                __wrap___aeabi_i2d
                0x10002ea8                int2double
 .text.__wrap___aeabi_ui2d
                0x10002ec4       0x24 CMakeFiles/tflite_test.dir/home/jslucena/Work/pico-sdk/src/rp2_common/pico_double/double_aeabi_dcp.S.o
                0x10002ecc                __wrap___aeabi_ui2d
                0x10002ecc                uint2double
 .text.__wrap___aeabi_d2iz
                0x10002ee8       0x24 CMakeFiles/tflite_test.dir/home/jslucena/Work/pico-sdk/src/rp2_common/pico_double/double_aeabi_dcp.S.o
                0x10002ef0                __wrap___aeabi_d2iz
                0x10002ef0                double2int_z
 .text.__wrap___aeabi_d2uiz
                0x10002f0c       0x24 CMakeFiles/tflite_test.dir/home/jslucena/Work/pico-sdk/src/rp2_common/pico_double/double_aeabi_dcp.S.o
                0x10002f14                double2uint_z
                0x10002f14                double2uint
                0x10002f14                __wrap___aeabi_d2uiz
 .text.__wrap___aeabi_dcmpun
                0x10002f30       0x24 CMakeFiles/tflite_test.dir/home/jslucena/Work/pico-sdk/src/rp2_common/pico_double/double_aeabi_dcp.S.o
                0x10002f38                __wrap___aeabi_dcmpun
 .text.__wrap___aeabi_dcmpeq
                0x10002f54       0x24 CMakeFiles/tflite_test.dir/home/jslucena/Work/pico-sdk/src/rp2_common/pico_double/double_aeabi_dcp.S.o
                0x10002f5c                __wrap___aeabi_dcmpeq
 .text.__wrap___aeabi_dcmplt
                0x10002f78       0x28 CMakeFiles/tflite_test.dir/home/jslucena/Work/pico-sdk/src/rp2_common/pico_double/double_aeabi_dcp.S.o
                0x10002f80                __wrap___aeabi_dcmplt
 .text.__wrap___aeabi_dcmple
                0x10002fa0       0x28 CMakeFiles/tflite_test.dir/home/jslucena/Work/pico-sdk/src/rp2_common/pico_double/double_aeabi_dcp.S.o
                0x10002fa8                __wrap___aeabi_dcmple
 .text.__wrap___aeabi_dcmpge
                0x10002fc8       0x28 CMakeFiles/tflite_test.dir/home/jslucena/Work/pico-sdk/src/rp2_common/pico_double/double_aeabi_dcp.S.o
                0x10002fd0                __wrap___aeabi_dcmpge
 .text.__wrap___aeabi_dcmpgt
                0x10002ff0       0x28 CMakeFiles/tflite_test.dir/home/jslucena/Work/pico-sdk/src/rp2_common/pico_double/double_aeabi_dcp.S.o
                0x10002ff8                __wrap___aeabi_dcmpgt
 .text.__wrap_conv_tod
                0x10003018      0x20c CMakeFiles/tflite_test.dir/home/jslucena/Work/pico-sdk/src/rp2_common/pico_double/double_conv_m33.S.o
                0x10003018                __wrap___aeabi_l2d
                0x10003018                int642double
                0x1000301a                fix642double
                0x100030be                uint642double
                0x100030be                __wrap___aeabi_ul2d
                0x100030c0                ufix642double
                0x10003154                fix2double
                0x100031c4                ufix2double
 .text.__wrap_conv_dtoi64_z
                0x10003224       0xa0 CMakeFiles/tflite_test.dir/home/jslucena/Work/pico-sdk/src/rp2_common/pico_double/double_conv_m33.S.o
                0x10003224                __wrap___aeabi_d2lz
                0x10003224                double2int64_z
                0x10003226                double2fix64_z
 *fill*         0x100032c4        0x4 
 .text.__wrap_expf
                0x100032c8      0x15c CMakeFiles/tflite_test.dir/home/jslucena/Work/pico-sdk/src/rp2_common/pico_float/float_sci_m33_vfp.S.o
                0x100032c8                __wrap_expf
 *fill*         0x10003424        0x4 
 .text.__wrap_logf
                0x10003428      0x188 CMakeFiles/tflite_test.dir/home/jslucena/Work/pico-sdk/src/rp2_common/pico_float/float_sci_m33_vfp.S.o
                0x10003428                __wrap_logf
 .text.__wrap_malloc
                0x100035b0       0x24 CMakeFiles/tflite_test.dir/home/jslucena/Work/pico-sdk/src/rp2_common/pico_malloc/malloc.c.o
                0x100035b0                __wrap_malloc
 .text.__wrap_realloc
                0x100035d4       0x24 CMakeFiles/tflite_test.dir/home/jslucena/Work/pico-sdk/src/rp2_common/pico_malloc/malloc.c.o
                0x100035d4                __wrap_realloc
 .text.__wrap_free
                0x100035f8        0x4 CMakeFiles/tflite_test.dir/home/jslucena/Work/pico-sdk/src/rp2_common/pico_malloc/malloc.c.o
                0x100035f8                __wrap_free
 .text._ZdlPvj  0x100035fc        0x4 CMakeFiles/tflite_test.dir/home/jslucena/Work/pico-sdk/src/rp2_common/pico_cxx_options/new_delete.cpp.o
                0x100035fc                operator delete(void*, unsigned int)
 .text._out_buffer
                0x10003600        0x8 CMakeFiles/tflite_test.dir/home/jslucena/Work/pico-sdk/src/rp2_common/pico_printf/printf.c.o
 .text._out_null
                0x10003608        0x4 CMakeFiles/tflite_test.dir/home/jslucena/Work/pico-sdk/src/rp2_common/pico_printf/printf.c.o
 .text._out_rev
                0x1000360c       0x9c CMakeFiles/tflite_test.dir/home/jslucena/Work/pico-sdk/src/rp2_common/pico_printf/printf.c.o
 .text._ntoa_format
                0x100036a8      0x1d4 CMakeFiles/tflite_test.dir/home/jslucena/Work/pico-sdk/src/rp2_common/pico_printf/printf.c.o
 .text._out_char
                0x1000387c        0x8 CMakeFiles/tflite_test.dir/home/jslucena/Work/pico-sdk/src/rp2_common/pico_printf/printf.c.o
 .text._out_fct
                0x10003884        0xc CMakeFiles/tflite_test.dir/home/jslucena/Work/pico-sdk/src/rp2_common/pico_printf/printf.c.o
 .text._ftoa    0x10003890      0x4bc CMakeFiles/tflite_test.dir/home/jslucena/Work/pico-sdk/src/rp2_common/pico_printf/printf.c.o
 *fill*         0x10003d4c        0x4 
 .text._etoa    0x10003d50      0x574 CMakeFiles/tflite_test.dir/home/jslucena/Work/pico-sdk/src/rp2_common/pico_printf/printf.c.o
 .text._vsnprintf
                0x100042c4      0x9e4 CMakeFiles/tflite_test.dir/home/jslucena/Work/pico-sdk/src/rp2_common/pico_printf/printf.c.o
 .text.__wrap_sprintf
                0x10004ca8       0x2c CMakeFiles/tflite_test.dir/home/jslucena/Work/pico-sdk/src/rp2_common/pico_printf/printf.c.o
                0x10004ca8                __wrap_sprintf
 .text.__wrap_vsnprintf
                0x10004cd4       0x24 CMakeFiles/tflite_test.dir/home/jslucena/Work/pico-sdk/src/rp2_common/pico_printf/printf.c.o
                0x10004cd4                __wrap_vsnprintf
 .text.vfctprintf
                0x10004cf8       0x28 CMakeFiles/tflite_test.dir/home/jslucena/Work/pico-sdk/src/rp2_common/pico_printf/printf.c.o
                0x10004cf8                vfctprintf
 .text.weak_raw_printf
                0x10004d20       0x48 CMakeFiles/tflite_test.dir/home/jslucena/Work/pico-sdk/src/rp2_common/pico_printf/printf.c.o
                0x10004d20                weak_raw_printf
 .text.weak_raw_vprintf
                0x10004d68       0x30 CMakeFiles/tflite_test.dir/home/jslucena/Work/pico-sdk/src/rp2_common/pico_printf/printf.c.o
                0x10004d68                weak_raw_vprintf
 .text._exit    0x10004d98        0x4 CMakeFiles/tflite_test.dir/home/jslucena/Work/pico-sdk/src/rp2_common/pico_clib_interface/newlib_interface.c.o
                0x10004d98                _exit
 .text._sbrk    0x10004d9c       0x2c CMakeFiles/tflite_test.dir/home/jslucena/Work/pico-sdk/src/rp2_common/pico_clib_interface/newlib_interface.c.o
                0x10004d9c                _sbrk
 .text._getpid  0x10004dc8        0x4 CMakeFiles/tflite_test.dir/home/jslucena/Work/pico-sdk/src/rp2_common/pico_clib_interface/newlib_interface.c.o
                0x10004dc8                _getpid
 .text._kill    0x10004dcc        0x8 CMakeFiles/tflite_test.dir/home/jslucena/Work/pico-sdk/src/rp2_common/pico_clib_interface/newlib_interface.c.o
                0x10004dcc                _kill
 .text._read    0x10004dd4       0x1c CMakeFiles/tflite_test.dir/home/jslucena/Work/pico-sdk/src/rp2_common/pico_clib_interface/newlib_interface.c.o
                0x10004dd4                _read
 .text._write   0x10004df0       0x20 CMakeFiles/tflite_test.dir/home/jslucena/Work/pico-sdk/src/rp2_common/pico_clib_interface/newlib_interface.c.o
                0x10004df0                _write
 .text._close   0x10004e10        0x8 CMakeFiles/tflite_test.dir/home/jslucena/Work/pico-sdk/src/rp2_common/pico_clib_interface/newlib_interface.c.o
                0x10004e10                _close
 .text._lseek   0x10004e18        0x8 CMakeFiles/tflite_test.dir/home/jslucena/Work/pico-sdk/src/rp2_common/pico_clib_interface/newlib_interface.c.o
                0x10004e18                _lseek
 .text._fstat   0x10004e20        0x8 CMakeFiles/tflite_test.dir/home/jslucena/Work/pico-sdk/src/rp2_common/pico_clib_interface/newlib_interface.c.o
                0x10004e20                _fstat
 .text._isatty  0x10004e28        0xc CMakeFiles/tflite_test.dir/home/jslucena/Work/pico-sdk/src/rp2_common/pico_clib_interface/newlib_interface.c.o
                0x10004e28                _isatty
 .text.exit     0x10004e34        0x8 CMakeFiles/tflite_test.dir/home/jslucena/Work/pico-sdk/src/rp2_common/pico_clib_interface/newlib_interface.c.o
                0x10004e34                exit
 .text.__assert_func
                0x10004e3c       0x34 CMakeFiles/tflite_test.dir/home/jslucena/Work/pico-sdk/src/rp2_common/pico_clib_interface/newlib_interface.c.o
                0x10004e3c                __assert_func
 .text.runtime_init
                0x10004e70       0x24 CMakeFiles/tflite_test.dir/home/jslucena/Work/pico-sdk/src/rp2_common/pico_clib_interface/newlib_interface.c.o
                0x10004e70                runtime_init
 .text.stdio_out_chars_no_crlf
                0x10004e94        0x8 CMakeFiles/tflite_test.dir/home/jslucena/Work/pico-sdk/src/rp2_common/pico_stdio/stdio.c.o
 .text.stdio_out_chars_crlf
                0x10004e9c       0xb0 CMakeFiles/tflite_test.dir/home/jslucena/Work/pico-sdk/src/rp2_common/pico_stdio/stdio.c.o
 .text.stdio_buffered_printer
                0x10004f4c       0x60 CMakeFiles/tflite_test.dir/home/jslucena/Work/pico-sdk/src/rp2_common/pico_stdio/stdio.c.o
 .text.stdio_put_string
                0x10004fac       0xec CMakeFiles/tflite_test.dir/home/jslucena/Work/pico-sdk/src/rp2_common/pico_stdio/stdio.c.o
                0x10004fac                stdio_put_string
 .text.stdio_get_until
                0x10005098       0x7c CMakeFiles/tflite_test.dir/home/jslucena/Work/pico-sdk/src/rp2_common/pico_stdio/stdio.c.o
                0x10005098                stdio_get_until
 .text.stdio_set_driver_enabled
                0x10005114       0x28 CMakeFiles/tflite_test.dir/home/jslucena/Work/pico-sdk/src/rp2_common/pico_stdio/stdio.c.o
                0x10005114                stdio_set_driver_enabled
 .text.stdio_flush
                0x1000513c       0x24 CMakeFiles/tflite_test.dir/home/jslucena/Work/pico-sdk/src/rp2_common/pico_stdio/stdio.c.o
                0x1000513c                stdio_flush
 .text.stdio_init_all
                0x10005160        0x4 CMakeFiles/tflite_test.dir/home/jslucena/Work/pico-sdk/src/rp2_common/pico_stdio/stdio.c.o
                0x10005160                stdio_init_all
 .text.__wrap_putchar
                0x10005164       0x84 CMakeFiles/tflite_test.dir/home/jslucena/Work/pico-sdk/src/rp2_common/pico_stdio/stdio.c.o
                0x10005164                stdio_putchar
                0x10005164                __wrap_putchar
 .text.__wrap_puts
                0x100051e8       0x3c CMakeFiles/tflite_test.dir/home/jslucena/Work/pico-sdk/src/rp2_common/pico_stdio/stdio.c.o
                0x100051e8                __wrap_puts
                0x100051e8                stdio_puts
 .text.__wrap_vprintf
                0x10005224       0xc4 CMakeFiles/tflite_test.dir/home/jslucena/Work/pico-sdk/src/rp2_common/pico_stdio/stdio.c.o
                0x10005224                __wrap_vprintf
                0x10005224                stdio_vprintf
 .text.__wrap_printf
                0x100052e8       0x1c CMakeFiles/tflite_test.dir/home/jslucena/Work/pico-sdk/src/rp2_common/pico_stdio/stdio.c.o
                0x100052e8                stdio_printf
                0x100052e8                __wrap_printf
 .text.resetd_init
                0x10005304        0x4 CMakeFiles/tflite_test.dir/home/jslucena/Work/pico-sdk/src/rp2_common/pico_stdio_usb/reset_interface.c.o
 .text.resetd_reset
                0x10005308        0xc CMakeFiles/tflite_test.dir/home/jslucena/Work/pico-sdk/src/rp2_common/pico_stdio_usb/reset_interface.c.o
 .text.resetd_open
                0x10005314       0x28 CMakeFiles/tflite_test.dir/home/jslucena/Work/pico-sdk/src/rp2_common/pico_stdio_usb/reset_interface.c.o
 .text.resetd_xfer_cb
                0x1000533c        0x4 CMakeFiles/tflite_test.dir/home/jslucena/Work/pico-sdk/src/rp2_common/pico_stdio_usb/reset_interface.c.o
 .text.resetd_control_xfer_cb
                0x10005340       0x50 CMakeFiles/tflite_test.dir/home/jslucena/Work/pico-sdk/src/rp2_common/pico_stdio_usb/reset_interface.c.o
 .text.tud_descriptor_bos_cb
                0x10005390        0x8 CMakeFiles/tflite_test.dir/home/jslucena/Work/pico-sdk/src/rp2_common/pico_stdio_usb/reset_interface.c.o
                0x10005390                tud_descriptor_bos_cb
 .text.tud_vendor_control_xfer_cb
                0x10005398       0x28 CMakeFiles/tflite_test.dir/home/jslucena/Work/pico-sdk/src/rp2_common/pico_stdio_usb/reset_interface.c.o
                0x10005398                tud_vendor_control_xfer_cb
 .text.usbd_app_driver_get_cb
                0x100053c0       0x10 CMakeFiles/tflite_test.dir/home/jslucena/Work/pico-sdk/src/rp2_common/pico_stdio_usb/reset_interface.c.o
                0x100053c0                usbd_app_driver_get_cb
 .text.tud_cdc_line_coding_cb
                0x100053d0       0x18 CMakeFiles/tflite_test.dir/home/jslucena/Work/pico-sdk/src/rp2_common/pico_stdio_usb/reset_interface.c.o
                0x100053d0                tud_cdc_line_coding_cb
 .text.stdio_usb_set_chars_available_callback
                0x100053e8       0x14 CMakeFiles/tflite_test.dir/home/jslucena/Work/pico-sdk/src/rp2_common/pico_stdio_usb/stdio_usb.c.o
                0x100053e8                stdio_usb_set_chars_available_callback
 .text.timer_task
                0x100053fc       0x70 CMakeFiles/tflite_test.dir/home/jslucena/Work/pico-sdk/src/rp2_common/pico_stdio_usb/stdio_usb.c.o
 .text.usb_irq  0x1000546c        0xc CMakeFiles/tflite_test.dir/home/jslucena/Work/pico-sdk/src/rp2_common/pico_stdio_usb/stdio_usb.c.o
 .text.stdio_usb_in_chars
                0x10005478       0x88 CMakeFiles/tflite_test.dir/home/jslucena/Work/pico-sdk/src/rp2_common/pico_stdio_usb/stdio_usb.c.o
                0x10005478                stdio_usb_in_chars
 .text.stdio_usb_out_flush
                0x10005500       0x54 CMakeFiles/tflite_test.dir/home/jslucena/Work/pico-sdk/src/rp2_common/pico_stdio_usb/stdio_usb.c.o
 .text.stdio_usb_out_chars
                0x10005554       0xf4 CMakeFiles/tflite_test.dir/home/jslucena/Work/pico-sdk/src/rp2_common/pico_stdio_usb/stdio_usb.c.o
 .text.low_priority_worker_irq
                0x10005648       0xd8 CMakeFiles/tflite_test.dir/home/jslucena/Work/pico-sdk/src/rp2_common/pico_stdio_usb/stdio_usb.c.o
 .text.stdio_usb_init
                0x10005720       0xe4 CMakeFiles/tflite_test.dir/home/jslucena/Work/pico-sdk/src/rp2_common/pico_stdio_usb/stdio_usb.c.o
                0x10005720                stdio_usb_init
 .text.tud_descriptor_device_cb
                0x10005804        0x8 CMakeFiles/tflite_test.dir/home/jslucena/Work/pico-sdk/src/rp2_common/pico_stdio_usb/stdio_usb_descriptors.c.o
                0x10005804                tud_descriptor_device_cb
 .text.tud_descriptor_configuration_cb
                0x1000580c        0x8 CMakeFiles/tflite_test.dir/home/jslucena/Work/pico-sdk/src/rp2_common/pico_stdio_usb/stdio_usb_descriptors.c.o
                0x1000580c                tud_descriptor_configuration_cb
 .text.tud_descriptor_string_cb
                0x10005814       0x70 CMakeFiles/tflite_test.dir/home/jslucena/Work/pico-sdk/src/rp2_common/pico_stdio_usb/stdio_usb_descriptors.c.o
                0x10005814                tud_descriptor_string_cb
 .text.startup._retrieve_unique_id_on_boot
                0x10005884       0x30 CMakeFiles/tflite_test.dir/home/jslucena/Work/pico-sdk/src/rp2_common/pico_unique_id/unique_id.c.o
 .text.pico_get_unique_board_id_string
                0x100058b4      0x184 CMakeFiles/tflite_test.dir/home/jslucena/Work/pico-sdk/src/rp2_common/pico_unique_id/unique_id.c.o
                0x100058b4                pico_get_unique_board_id_string
 .text.dcd_init
                0x10005a38       0x8c CMakeFiles/tflite_test.dir/home/jslucena/Work/pico-sdk/lib/tinyusb/src/portable/raspberrypi/rp2040/dcd_rp2040.c.o
                0x10005a38                dcd_init
 .text.dcd_int_enable
                0x10005ac4        0x8 CMakeFiles/tflite_test.dir/home/jslucena/Work/pico-sdk/lib/tinyusb/src/portable/raspberrypi/rp2040/dcd_rp2040.c.o
                0x10005ac4                dcd_int_enable
 .text.dcd_set_address
                0x10005acc       0x10 CMakeFiles/tflite_test.dir/home/jslucena/Work/pico-sdk/lib/tinyusb/src/portable/raspberrypi/rp2040/dcd_rp2040.c.o
                0x10005acc                dcd_set_address
 .text.dcd_sof_enable
                0x10005adc       0x1c CMakeFiles/tflite_test.dir/home/jslucena/Work/pico-sdk/lib/tinyusb/src/portable/raspberrypi/rp2040/dcd_rp2040.c.o
                0x10005adc                dcd_sof_enable
 .text.dcd_edpt0_status_complete
                0x10005af8       0x1c CMakeFiles/tflite_test.dir/home/jslucena/Work/pico-sdk/lib/tinyusb/src/portable/raspberrypi/rp2040/dcd_rp2040.c.o
                0x10005af8                dcd_edpt0_status_complete
 .text.dcd_edpt_open
                0x10005b14       0xf4 CMakeFiles/tflite_test.dir/home/jslucena/Work/pico-sdk/lib/tinyusb/src/portable/raspberrypi/rp2040/dcd_rp2040.c.o
                0x10005b14                dcd_edpt_open
 .text.dcd_edpt_close_all
                0x10005c08        0x4 CMakeFiles/tflite_test.dir/home/jslucena/Work/pico-sdk/lib/tinyusb/src/portable/raspberrypi/rp2040/dcd_rp2040.c.o
                0x10005c08                dcd_edpt_close_all
 .text.dcd_edpt_xfer
                0x10005c0c       0x28 CMakeFiles/tflite_test.dir/home/jslucena/Work/pico-sdk/lib/tinyusb/src/portable/raspberrypi/rp2040/dcd_rp2040.c.o
                0x10005c0c                dcd_edpt_xfer
 .text.dcd_edpt_stall
                0x10005c34       0x30 CMakeFiles/tflite_test.dir/home/jslucena/Work/pico-sdk/lib/tinyusb/src/portable/raspberrypi/rp2040/dcd_rp2040.c.o
                0x10005c34                dcd_edpt_stall
 .text.dcd_edpt_clear_stall
                0x10005c64       0x24 CMakeFiles/tflite_test.dir/home/jslucena/Work/pico-sdk/lib/tinyusb/src/portable/raspberrypi/rp2040/dcd_rp2040.c.o
                0x10005c64                dcd_edpt_clear_stall
 .text.rp2040_usb_init
                0x10005c88       0x40 CMakeFiles/tflite_test.dir/home/jslucena/Work/pico-sdk/lib/tinyusb/src/portable/raspberrypi/rp2040/rp2040_usb.c.o
                0x10005c88                rp2040_usb_init
 .text.hw_endpoint_xfer_start
                0x10005cc8       0x40 CMakeFiles/tflite_test.dir/home/jslucena/Work/pico-sdk/lib/tinyusb/src/portable/raspberrypi/rp2040/rp2040_usb.c.o
                0x10005cc8                hw_endpoint_xfer_start
 .text.configuration_reset
                0x10005d08       0x8c CMakeFiles/tflite_test.dir/home/jslucena/Work/pico-sdk/lib/tinyusb/src/device/usbd.c.o
 .text.tud_event_hook_cb
                0x10005d94        0x4 CMakeFiles/tflite_test.dir/home/jslucena/Work/pico-sdk/lib/tinyusb/src/device/usbd.c.o
                0x10005d94                tud_event_hook_cb
 .text.tud_sof_cb
                0x10005d98        0x4 CMakeFiles/tflite_test.dir/home/jslucena/Work/pico-sdk/lib/tinyusb/src/device/usbd.c.o
                0x10005d98                tud_sof_cb
 .text.tud_descriptor_device_qualifier_cb
                0x10005d9c        0x4 CMakeFiles/tflite_test.dir/home/jslucena/Work/pico-sdk/lib/tinyusb/src/device/usbd.c.o
                0x10005d9c                tud_descriptor_device_qualifier_cb
 .text.tud_descriptor_other_speed_configuration_cb
                0x10005da0        0x4 CMakeFiles/tflite_test.dir/home/jslucena/Work/pico-sdk/lib/tinyusb/src/device/usbd.c.o
                0x10005da0                tud_descriptor_other_speed_configuration_cb
 .text.tud_mount_cb
                0x10005da4        0x4 CMakeFiles/tflite_test.dir/home/jslucena/Work/pico-sdk/lib/tinyusb/src/device/usbd.c.o
                0x10005da4                tud_mount_cb
 .text.tud_umount_cb
                0x10005da8        0x4 CMakeFiles/tflite_test.dir/home/jslucena/Work/pico-sdk/lib/tinyusb/src/device/usbd.c.o
                0x10005da8                tud_umount_cb
 .text.tud_suspend_cb
                0x10005dac        0x4 CMakeFiles/tflite_test.dir/home/jslucena/Work/pico-sdk/lib/tinyusb/src/device/usbd.c.o
                0x10005dac                tud_suspend_cb
 .text.tud_resume_cb
                0x10005db0        0x4 CMakeFiles/tflite_test.dir/home/jslucena/Work/pico-sdk/lib/tinyusb/src/device/usbd.c.o
                0x10005db0                tud_resume_cb
 .text.tud_mounted
                0x10005db4       0x10 CMakeFiles/tflite_test.dir/home/jslucena/Work/pico-sdk/lib/tinyusb/src/device/usbd.c.o
                0x10005db4                tud_mounted
 .text.tud_suspended
                0x10005dc4       0x10 CMakeFiles/tflite_test.dir/home/jslucena/Work/pico-sdk/lib/tinyusb/src/device/usbd.c.o
                0x10005dc4                tud_suspended
 .text.tud_init
                0x10005dd4       0xe4 CMakeFiles/tflite_test.dir/home/jslucena/Work/pico-sdk/lib/tinyusb/src/device/usbd.c.o
                0x10005dd4                tud_init
 .text.tud_task_ext
                0x10005eb8      0x784 CMakeFiles/tflite_test.dir/home/jslucena/Work/pico-sdk/lib/tinyusb/src/device/usbd.c.o
                0x10005eb8                tud_task_ext
 .text.usbd_open_edpt_pair
                0x1000663c       0x9c CMakeFiles/tflite_test.dir/home/jslucena/Work/pico-sdk/lib/tinyusb/src/device/usbd.c.o
                0x1000663c                usbd_open_edpt_pair
 .text.usbd_edpt_open
                0x100066d8       0x44 CMakeFiles/tflite_test.dir/home/jslucena/Work/pico-sdk/lib/tinyusb/src/device/usbd.c.o
                0x100066d8                usbd_edpt_open
 .text.usbd_edpt_claim
                0x1000671c       0x24 CMakeFiles/tflite_test.dir/home/jslucena/Work/pico-sdk/lib/tinyusb/src/device/usbd.c.o
                0x1000671c                usbd_edpt_claim
 .text.usbd_edpt_release
                0x10006740       0x24 CMakeFiles/tflite_test.dir/home/jslucena/Work/pico-sdk/lib/tinyusb/src/device/usbd.c.o
                0x10006740                usbd_edpt_release
 .text.usbd_edpt_xfer
                0x10006764       0x70 CMakeFiles/tflite_test.dir/home/jslucena/Work/pico-sdk/lib/tinyusb/src/device/usbd.c.o
                0x10006764                usbd_edpt_xfer
 .text.tud_control_status
                0x100067d4       0x34 CMakeFiles/tflite_test.dir/home/jslucena/Work/pico-sdk/lib/tinyusb/src/device/usbd_control.c.o
                0x100067d4                tud_control_status
 .text.tud_control_xfer
                0x10006808       0xb0 CMakeFiles/tflite_test.dir/home/jslucena/Work/pico-sdk/lib/tinyusb/src/device/usbd_control.c.o
                0x10006808                tud_control_xfer
 .text.usbd_control_reset
                0x100068b8       0x14 CMakeFiles/tflite_test.dir/home/jslucena/Work/pico-sdk/lib/tinyusb/src/device/usbd_control.c.o
                0x100068b8                usbd_control_reset
 .text.usbd_control_set_complete_callback
                0x100068cc        0xc CMakeFiles/tflite_test.dir/home/jslucena/Work/pico-sdk/lib/tinyusb/src/device/usbd_control.c.o
                0x100068cc                usbd_control_set_complete_callback
 .text.usbd_control_set_request
                0x100068d8       0x1c CMakeFiles/tflite_test.dir/home/jslucena/Work/pico-sdk/lib/tinyusb/src/device/usbd_control.c.o
                0x100068d8                usbd_control_set_request
 .text.usbd_control_xfer_cb
                0x100068f4      0x100 CMakeFiles/tflite_test.dir/home/jslucena/Work/pico-sdk/lib/tinyusb/src/device/usbd_control.c.o
                0x100068f4                usbd_control_xfer_cb
 .text._prep_out_transaction.isra.0
                0x100069f4       0x5c CMakeFiles/tflite_test.dir/home/jslucena/Work/pico-sdk/lib/tinyusb/src/class/cdc/cdc_device.c.o
 .text.tud_cdc_n_connected
                0x10006a50       0x2c CMakeFiles/tflite_test.dir/home/jslucena/Work/pico-sdk/lib/tinyusb/src/class/cdc/cdc_device.c.o
                0x10006a50                tud_cdc_n_connected
 .text.tud_cdc_n_available
                0x10006a7c       0x18 CMakeFiles/tflite_test.dir/home/jslucena/Work/pico-sdk/lib/tinyusb/src/class/cdc/cdc_device.c.o
                0x10006a7c                tud_cdc_n_available
 .text.tud_cdc_n_read
                0x10006a94       0x8c CMakeFiles/tflite_test.dir/home/jslucena/Work/pico-sdk/lib/tinyusb/src/class/cdc/cdc_device.c.o
                0x10006a94                tud_cdc_n_read
 .text.tud_cdc_n_write_flush
                0x10006b20       0x8c CMakeFiles/tflite_test.dir/home/jslucena/Work/pico-sdk/lib/tinyusb/src/class/cdc/cdc_device.c.o
                0x10006b20                tud_cdc_n_write_flush
 .text.tud_cdc_n_write
                0x10006bac       0x40 CMakeFiles/tflite_test.dir/home/jslucena/Work/pico-sdk/lib/tinyusb/src/class/cdc/cdc_device.c.o
                0x10006bac                tud_cdc_n_write
 .text.tud_cdc_n_write_available
                0x10006bec       0x18 CMakeFiles/tflite_test.dir/home/jslucena/Work/pico-sdk/lib/tinyusb/src/class/cdc/cdc_device.c.o
                0x10006bec                tud_cdc_n_write_available
 .text.cdcd_init
                0x10006c04       0x74 CMakeFiles/tflite_test.dir/home/jslucena/Work/pico-sdk/lib/tinyusb/src/class/cdc/cdc_device.c.o
                0x10006c04                cdcd_init
 .text.cdcd_deinit
                0x10006c78       0x30 CMakeFiles/tflite_test.dir/home/jslucena/Work/pico-sdk/lib/tinyusb/src/class/cdc/cdc_device.c.o
                0x10006c78                cdcd_deinit
 .text.cdcd_reset
                0x10006ca8       0x4c CMakeFiles/tflite_test.dir/home/jslucena/Work/pico-sdk/lib/tinyusb/src/class/cdc/cdc_device.c.o
                0x10006ca8                cdcd_reset
 .text.cdcd_open
                0x10006cf4       0xbc CMakeFiles/tflite_test.dir/home/jslucena/Work/pico-sdk/lib/tinyusb/src/class/cdc/cdc_device.c.o
                0x10006cf4                cdcd_open
 .text.cdcd_control_xfer_cb
                0x10006db0       0xc4 CMakeFiles/tflite_test.dir/home/jslucena/Work/pico-sdk/lib/tinyusb/src/class/cdc/cdc_device.c.o
                0x10006db0                cdcd_control_xfer_cb
 .text.cdcd_xfer_cb
                0x10006e74       0xf4 CMakeFiles/tflite_test.dir/home/jslucena/Work/pico-sdk/lib/tinyusb/src/class/cdc/cdc_device.c.o
                0x10006e74                cdcd_xfer_cb
 .text.vendord_init
                0x10006f68       0x5c CMakeFiles/tflite_test.dir/home/jslucena/Work/pico-sdk/lib/tinyusb/src/class/vendor/vendor_device.c.o
                0x10006f68                vendord_init
 .text.vendord_deinit
                0x10006fc4       0x1c CMakeFiles/tflite_test.dir/home/jslucena/Work/pico-sdk/lib/tinyusb/src/class/vendor/vendor_device.c.o
                0x10006fc4                vendord_deinit
 .text.vendord_reset
                0x10006fe0       0x20 CMakeFiles/tflite_test.dir/home/jslucena/Work/pico-sdk/lib/tinyusb/src/class/vendor/vendor_device.c.o
                0x10006fe0                vendord_reset
 .text.vendord_open
                0x10007000       0xfc CMakeFiles/tflite_test.dir/home/jslucena/Work/pico-sdk/lib/tinyusb/src/class/vendor/vendor_device.c.o
                0x10007000                vendord_open
 .text.vendord_xfer_cb
                0x100070fc       0x88 CMakeFiles/tflite_test.dir/home/jslucena/Work/pico-sdk/lib/tinyusb/src/class/vendor/vendor_device.c.o
                0x100070fc                vendord_xfer_cb
 .text.tusb_init
                0x10007184       0x1c CMakeFiles/tflite_test.dir/home/jslucena/Work/pico-sdk/lib/tinyusb/src/tusb.c.o
                0x10007184                tusb_init
 .text.tu_edpt_claim
                0x100071a0       0x54 CMakeFiles/tflite_test.dir/home/jslucena/Work/pico-sdk/lib/tinyusb/src/tusb.c.o
                0x100071a0                tu_edpt_claim
 .text.tu_edpt_release
                0x100071f4       0x38 CMakeFiles/tflite_test.dir/home/jslucena/Work/pico-sdk/lib/tinyusb/src/tusb.c.o
                0x100071f4                tu_edpt_release
 .text.tu_edpt_validate
                0x1000722c       0x60 CMakeFiles/tflite_test.dir/home/jslucena/Work/pico-sdk/lib/tinyusb/src/tusb.c.o
                0x1000722c                tu_edpt_validate
 .text.tu_edpt_bind_driver
                0x1000728c       0x58 CMakeFiles/tflite_test.dir/home/jslucena/Work/pico-sdk/lib/tinyusb/src/tusb.c.o
                0x1000728c                tu_edpt_bind_driver
 .text.tu_edpt_stream_init
                0x100072e4       0x58 CMakeFiles/tflite_test.dir/home/jslucena/Work/pico-sdk/lib/tinyusb/src/tusb.c.o
                0x100072e4                tu_edpt_stream_init
 .text.tu_edpt_stream_deinit
                0x1000733c        0x4 CMakeFiles/tflite_test.dir/home/jslucena/Work/pico-sdk/lib/tinyusb/src/tusb.c.o
                0x1000733c                tu_edpt_stream_deinit
 .text.tu_edpt_stream_write_zlp_if_needed
                0x10007340       0x68 CMakeFiles/tflite_test.dir/home/jslucena/Work/pico-sdk/lib/tinyusb/src/tusb.c.o
                0x10007340                tu_edpt_stream_write_zlp_if_needed
 .text.tu_edpt_stream_write_xfer
                0x100073a8       0x70 CMakeFiles/tflite_test.dir/home/jslucena/Work/pico-sdk/lib/tinyusb/src/tusb.c.o
                0x100073a8                tu_edpt_stream_write_xfer
 .text.tu_edpt_stream_read_xfer
                0x10007418       0xc8 CMakeFiles/tflite_test.dir/home/jslucena/Work/pico-sdk/lib/tinyusb/src/tusb.c.o
                0x10007418                tu_edpt_stream_read_xfer
 .text.tu_fifo_config
                0x100074e0       0x60 CMakeFiles/tflite_test.dir/home/jslucena/Work/pico-sdk/lib/tinyusb/src/common/tusb_fifo.c.o
                0x100074e0                tu_fifo_config
 .text.tu_fifo_count
                0x10007540       0x20 CMakeFiles/tflite_test.dir/home/jslucena/Work/pico-sdk/lib/tinyusb/src/common/tusb_fifo.c.o
                0x10007540                tu_fifo_count
 .text.tu_fifo_empty
                0x10007560       0x14 CMakeFiles/tflite_test.dir/home/jslucena/Work/pico-sdk/lib/tinyusb/src/common/tusb_fifo.c.o
                0x10007560                tu_fifo_empty
 .text.tu_fifo_remaining
                0x10007574       0x24 CMakeFiles/tflite_test.dir/home/jslucena/Work/pico-sdk/lib/tinyusb/src/common/tusb_fifo.c.o
                0x10007574                tu_fifo_remaining
 .text.tu_fifo_read
                0x10007598       0x94 CMakeFiles/tflite_test.dir/home/jslucena/Work/pico-sdk/lib/tinyusb/src/common/tusb_fifo.c.o
                0x10007598                tu_fifo_read
 .text.tu_fifo_read_n
                0x1000762c       0xd8 CMakeFiles/tflite_test.dir/home/jslucena/Work/pico-sdk/lib/tinyusb/src/common/tusb_fifo.c.o
                0x1000762c                tu_fifo_read_n
 .text.tu_fifo_write
                0x10007704       0xa4 CMakeFiles/tflite_test.dir/home/jslucena/Work/pico-sdk/lib/tinyusb/src/common/tusb_fifo.c.o
                0x10007704                tu_fifo_write
 .text.tu_fifo_write_n
                0x100077a8      0x15c CMakeFiles/tflite_test.dir/home/jslucena/Work/pico-sdk/lib/tinyusb/src/common/tusb_fifo.c.o
                0x100077a8                tu_fifo_write_n
 .text.tu_fifo_clear
                0x10007904       0x38 CMakeFiles/tflite_test.dir/home/jslucena/Work/pico-sdk/lib/tinyusb/src/common/tusb_fifo.c.o
                0x10007904                tu_fifo_clear
 .text.tu_fifo_set_overwritable
                0x1000793c       0x3c CMakeFiles/tflite_test.dir/home/jslucena/Work/pico-sdk/lib/tinyusb/src/common/tusb_fifo.c.o
                0x1000793c                tu_fifo_set_overwritable
 .text.rosc_disable
                0x10007978       0x2c CMakeFiles/tflite_test.dir/home/jslucena/Work/pico-extras/src/rp2_common/hardware_rosc/rosc.c.o
                0x10007978                rosc_disable
 .text.rosc_set_dormant
                0x100079a4       0x24 CMakeFiles/tflite_test.dir/home/jslucena/Work/pico-extras/src/rp2_common/hardware_rosc/rosc.c.o
                0x100079a4                rosc_set_dormant
 .text.rosc_enable
                0x100079c8       0x24 CMakeFiles/tflite_test.dir/home/jslucena/Work/pico-extras/src/rp2_common/hardware_rosc/rosc.c.o
                0x100079c8                rosc_enable
 .text.powman_timer_set_ms
                0x100079ec       0x54 CMakeFiles/tflite_test.dir/home/jslucena/Work/pico-sdk/src/rp2_common/hardware_powman/powman.c.o
                0x100079ec                powman_timer_set_ms
 .text.powman_timer_get_ms
                0x10007a40       0x14 CMakeFiles/tflite_test.dir/home/jslucena/Work/pico-sdk/src/rp2_common/hardware_powman/powman.c.o
                0x10007a40                powman_timer_get_ms
 .text.powman_timer_set_1khz_tick_source_xosc
                0x10007a54       0x68 CMakeFiles/tflite_test.dir/home/jslucena/Work/pico-sdk/src/rp2_common/hardware_powman/powman.c.o
                0x10007a54                powman_timer_set_1khz_tick_source_xosc
 .text.sleep_run_from_dormant_source
                0x10007abc       0xe8 libpico_sleep_manual.a(sleep.c.o)
                0x10007abc                sleep_run_from_dormant_source
 .text.sleep_goto_dormant_until_pin
                0x10007ba4       0x5c libpico_sleep_manual.a(sleep.c.o)
                0x10007ba4                sleep_goto_dormant_until_pin
 .text.sleep_power_up
                0x10007c00       0x40 libpico_sleep_manual.a(sleep.c.o)
                0x10007c00                sleep_power_up
 .text._ZN6tflite12_GLOBAL__N_125MicroBuiltinDataAllocator8AllocateEjj
                0x10007c40        0x8 /home/jslucena/Work/tflite-micro/gen/cortex_m_generic_cortex-m33_default_cmsis_nn_gcc/lib/libtensorflow-microlite.a(micro_allocator.o)
 .text._ZN6tflite12_GLOBAL__N_125MicroBuiltinDataAllocator10DeallocateEPv
                0x10007c48        0x2 /home/jslucena/Work/tflite-micro/gen/cortex_m_generic_cortex-m33_default_cmsis_nn_gcc/lib/libtensorflow-microlite.a(micro_allocator.o)
 .text._ZN6tflite14MicroAllocatorD0Ev
                0x10007c4a        0x2 /home/jslucena/Work/tflite-micro/gen/cortex_m_generic_cortex-m33_default_cmsis_nn_gcc/lib/libtensorflow-microlite.a(micro_allocator.o)
                0x10007c4a                tflite::MicroAllocator::~MicroAllocator()
                0x10007c4a                tflite::MicroAllocator::~MicroAllocator()
                0x10007c4a                tflite::MicroAllocator::~MicroAllocator()
 .text._ZN6tflite14MicroAllocator24AllocatePersistentBufferEj
                0x10007c4c        0xa /home/jslucena/Work/tflite-micro/gen/cortex_m_generic_cortex-m33_default_cmsis_nn_gcc/lib/libtensorflow-microlite.a(micro_allocator.o)
                0x10007c4c                tflite::MicroAllocator::AllocatePersistentBuffer(unsigned int)
 .text._ZN6tflite14MicroAllocator18AllocateTempBufferEjj
                0x10007c56        0x8 /home/jslucena/Work/tflite-micro/gen/cortex_m_generic_cortex-m33_default_cmsis_nn_gcc/lib/libtensorflow-microlite.a(micro_allocator.o)
                0x10007c56                tflite::MicroAllocator::AllocateTempBuffer(unsigned int, unsigned int)
 .text._ZN6tflite14MicroAllocator20DeallocateTempBufferEPh
                0x10007c5e        0x8 /home/jslucena/Work/tflite-micro/gen/cortex_m_generic_cortex-m33_default_cmsis_nn_gcc/lib/libtensorflow-microlite.a(micro_allocator.o)
                0x10007c5e                tflite::MicroAllocator::DeallocateTempBuffer(unsigned char*)
 .text._ZN6tflite14MicroAllocator20ResetTempAllocationsEv
                0x10007c66        0x8 /home/jslucena/Work/tflite-micro/gen/cortex_m_generic_cortex-m33_default_cmsis_nn_gcc/lib/libtensorflow-microlite.a(micro_allocator.o)
                0x10007c66                tflite::MicroAllocator::ResetTempAllocations()
 .text._ZN6tflite14MicroAllocator20IsAllTempDeallocatedEv
                0x10007c6e        0x8 /home/jslucena/Work/tflite-micro/gen/cortex_m_generic_cortex-m33_default_cmsis_nn_gcc/lib/libtensorflow-microlite.a(micro_allocator.o)
                0x10007c6e                tflite::MicroAllocator::IsAllTempDeallocated()
 .text._ZN6tflite14MicroAllocator38AllocatePersistentTfLiteTensorInternalEv
                0x10007c76        0xc /home/jslucena/Work/tflite-micro/gen/cortex_m_generic_cortex-m33_default_cmsis_nn_gcc/lib/libtensorflow-microlite.a(micro_allocator.o)
                0x10007c76                tflite::MicroAllocator::AllocatePersistentTfLiteTensorInternal()
 .text._ZN6tflite12_GLOBAL__N_125MicroBuiltinDataAllocatorD0Ev
                0x10007c82        0x2 /home/jslucena/Work/tflite-micro/gen/cortex_m_generic_cortex-m33_default_cmsis_nn_gcc/lib/libtensorflow-microlite.a(micro_allocator.o)
 .text._ZNK11flatbuffers5Table22GetOptionalFieldOffsetEt
                0x10007c84       0x10 /home/jslucena/Work/tflite-micro/gen/cortex_m_generic_cortex-m33_default_cmsis_nn_gcc/lib/libtensorflow-microlite.a(micro_allocator.o)
                0x10007c84                flatbuffers::Table::GetOptionalFieldOffset(unsigned short) const
 .text._ZNK6tflite22QuantizationParameters5scaleEv
                0x10007c94       0x14 /home/jslucena/Work/tflite-micro/gen/cortex_m_generic_cortex-m33_default_cmsis_nn_gcc/lib/libtensorflow-microlite.a(micro_allocator.o)
                0x10007c94                tflite::QuantizationParameters::scale() const
 .text._ZNK6tflite22QuantizationParameters10zero_pointEv
                0x10007ca8       0x14 /home/jslucena/Work/tflite-micro/gen/cortex_m_generic_cortex-m33_default_cmsis_nn_gcc/lib/libtensorflow-microlite.a(micro_allocator.o)
                0x10007ca8                tflite::QuantizationParameters::zero_point() const
 .text._ZNK6tflite6Tensor4typeEv
                0x10007cbc       0x10 /home/jslucena/Work/tflite-micro/gen/cortex_m_generic_cortex-m33_default_cmsis_nn_gcc/lib/libtensorflow-microlite.a(micro_allocator.o)
                0x10007cbc                tflite::Tensor::type() const
 .text._ZNK6tflite6Tensor11is_variableEv
                0x10007ccc       0x16 /home/jslucena/Work/tflite-micro/gen/cortex_m_generic_cortex-m33_default_cmsis_nn_gcc/lib/libtensorflow-microlite.a(micro_allocator.o)
                0x10007ccc                tflite::Tensor::is_variable() const
 .text._ZNK6tflite8SubGraph7tensorsEv
                0x10007ce2       0x14 /home/jslucena/Work/tflite-micro/gen/cortex_m_generic_cortex-m33_default_cmsis_nn_gcc/lib/libtensorflow-microlite.a(micro_allocator.o)
                0x10007ce2                tflite::SubGraph::tensors() const
 .text._ZNK6tflite5Model9subgraphsEv
                0x10007cf6       0x14 /home/jslucena/Work/tflite-micro/gen/cortex_m_generic_cortex-m33_default_cmsis_nn_gcc/lib/libtensorflow-microlite.a(micro_allocator.o)
                0x10007cf6                tflite::Model::subgraphs() const
 *fill*         0x10007d0a        0x2 
 .text._Z9AbortImplv
                0x10007d0c       0x10 /home/jslucena/Work/tflite-micro/gen/cortex_m_generic_cortex-m33_default_cmsis_nn_gcc/lib/libtensorflow-microlite.a(micro_allocator.o)
                0x10007d0c                AbortImpl()
 .text._ZN6tflite14MicroAllocator26DeallocateTempTfLiteTensorEP12TfLiteTensor
                0x10007d1c       0x44 /home/jslucena/Work/tflite-micro/gen/cortex_m_generic_cortex-m33_default_cmsis_nn_gcc/lib/libtensorflow-microlite.a(micro_allocator.o)
                0x10007d1c                tflite::MicroAllocator::DeallocateTempTfLiteTensor(TfLiteTensor*)
 .text._ZN6tflite14MicroAllocator28AllocateScratchBufferHandlesEPPNS_19ScratchBufferHandleEj
                0x10007d60       0x22 /home/jslucena/Work/tflite-micro/gen/cortex_m_generic_cortex-m33_default_cmsis_nn_gcc/lib/libtensorflow-microlite.a(micro_allocator.o)
                0x10007d60                tflite::MicroAllocator::AllocateScratchBufferHandles(tflite::ScratchBufferHandle**, unsigned int)
 *fill*         0x10007d82        0x2 
 .text._ZN6tflite8internal25GetFlatbufferTensorBufferERKNS_6TensorEPKN11flatbuffers6VectorINS4_6OffsetINS_6BufferEEEmEE
                0x10007d84       0x54 /home/jslucena/Work/tflite-micro/gen/cortex_m_generic_cortex-m33_default_cmsis_nn_gcc/lib/libtensorflow-microlite.a(micro_allocator.o)
                0x10007d84                tflite::internal::GetFlatbufferTensorBuffer(tflite::Tensor const&, flatbuffers::Vector<flatbuffers::Offset<tflite::Buffer>, unsigned long> const*)
 .text._ZN6tflite8internal40InitializeTfLiteEvalTensorFromFlatbufferERKNS_6TensorEPKN11flatbuffers6VectorINS4_6OffsetINS_6BufferEEEmEEP16TfLiteEvalTensor
                0x10007dd8       0x50 /home/jslucena/Work/tflite-micro/gen/cortex_m_generic_cortex-m33_default_cmsis_nn_gcc/lib/libtensorflow-microlite.a(micro_allocator.o)
                0x10007dd8                tflite::internal::InitializeTfLiteEvalTensorFromFlatbuffer(tflite::Tensor const&, flatbuffers::Vector<flatbuffers::Offset<tflite::Buffer>, unsigned long> const*, TfLiteEvalTensor*)
 .text._ZN6tflite14MicroAllocator6CreateEPNS_26SingleArenaBufferAllocatorEPNS_18MicroMemoryPlannerE
                0x10007e28       0x38 /home/jslucena/Work/tflite-micro/gen/cortex_m_generic_cortex-m33_default_cmsis_nn_gcc/lib/libtensorflow-microlite.a(micro_allocator.o)
                0x10007e28                tflite::MicroAllocator::Create(tflite::SingleArenaBufferAllocator*, tflite::MicroMemoryPlanner*)
 .text._ZN6tflite14MicroAllocator6CreateEPhjNS_17MemoryPlannerTypeE
                0x10007e60       0x56 /home/jslucena/Work/tflite-micro/gen/cortex_m_generic_cortex-m33_default_cmsis_nn_gcc/lib/libtensorflow-microlite.a(micro_allocator.o)
                0x10007e60                tflite::MicroAllocator::Create(unsigned char*, unsigned int, tflite::MemoryPlannerType)
 *fill*         0x10007eb6        0x2 
 .text._ZN6tflite14MicroAllocator21FinishModelAllocationEPKNS_5ModelEPNS_19SubgraphAllocationsEPPNS_19ScratchBufferHandleE
                0x10007eb8       0x48 /home/jslucena/Work/tflite-micro/gen/cortex_m_generic_cortex-m33_default_cmsis_nn_gcc/lib/libtensorflow-microlite.a(micro_allocator.o)
                0x10007eb8                tflite::MicroAllocator::FinishModelAllocation(tflite::Model const*, tflite::SubgraphAllocations*, tflite::ScratchBufferHandle**)
 .text._ZNK6tflite14MicroAllocator10used_bytesEv
                0x10007f00       0x1a /home/jslucena/Work/tflite-micro/gen/cortex_m_generic_cortex-m33_default_cmsis_nn_gcc/lib/libtensorflow-microlite.a(micro_allocator.o)
                0x10007f00                tflite::MicroAllocator::used_bytes() const
 .text._ZN6tflite14MicroAllocator21InitScratchBufferDataEv
                0x10007f1a       0x1e /home/jslucena/Work/tflite-micro/gen/cortex_m_generic_cortex-m33_default_cmsis_nn_gcc/lib/libtensorflow-microlite.a(micro_allocator.o)
                0x10007f1a                tflite::MicroAllocator::InitScratchBufferData()
 .text._ZN6tflite14MicroAllocator20StartModelAllocationEPKNS_5ModelE
                0x10007f38       0x8c /home/jslucena/Work/tflite-micro/gen/cortex_m_generic_cortex-m33_default_cmsis_nn_gcc/lib/libtensorflow-microlite.a(micro_allocator.o)
                0x10007f38                tflite::MicroAllocator::StartModelAllocation(tflite::Model const*)
 .text._ZN6tflite14MicroAllocator24GetScratchBufferRequestsEv
                0x10007fc4        0x8 /home/jslucena/Work/tflite-micro/gen/cortex_m_generic_cortex-m33_default_cmsis_nn_gcc/lib/libtensorflow-microlite.a(micro_allocator.o)
                0x10007fc4                tflite::MicroAllocator::GetScratchBufferRequests()
 .text._ZN6tflite14MicroAllocator27RequestScratchBufferInArenaEjiPi
                0x10007fcc       0x5c /home/jslucena/Work/tflite-micro/gen/cortex_m_generic_cortex-m33_default_cmsis_nn_gcc/lib/libtensorflow-microlite.a(micro_allocator.o)
                0x10007fcc                tflite::MicroAllocator::RequestScratchBufferInArena(unsigned int, int, int*)
 .text._ZN6tflite14MicroAllocator28FinishPrepareNodeAllocationsEi
                0x10008028       0x44 /home/jslucena/Work/tflite-micro/gen/cortex_m_generic_cortex-m33_default_cmsis_nn_gcc/lib/libtensorflow-microlite.a(micro_allocator.o)
                0x10008028                tflite::MicroAllocator::FinishPrepareNodeAllocations(int)
 .text._ZN6tflite14MicroAllocator23GetBuiltinDataAllocatorEv
                0x1000806c        0x4 /home/jslucena/Work/tflite-micro/gen/cortex_m_generic_cortex-m33_default_cmsis_nn_gcc/lib/libtensorflow-microlite.a(micro_allocator.o)
                0x1000806c                tflite::MicroAllocator::GetBuiltinDataAllocator()
 .text._ZNK11flatbuffers6VectorIxmE3GetEm
                0x10008070       0x2c /home/jslucena/Work/tflite-micro/gen/cortex_m_generic_cortex-m33_default_cmsis_nn_gcc/lib/libtensorflow-microlite.a(micro_allocator.o)
                0x10008070                flatbuffers::Vector<long long, unsigned long>::Get(unsigned long) const
 .text._ZN6tflite8internal36InitializeTfLiteTensorFromFlatbufferEPNS_26IPersistentBufferAllocatorEPNS_29INonPersistentBufferAllocatorEbRKNS_6TensorEPKN11flatbuffers6VectorINS8_6OffsetINS_6BufferEEEmEEP12TfLiteTensor
                0x1000809c      0x1a4 /home/jslucena/Work/tflite-micro/gen/cortex_m_generic_cortex-m33_default_cmsis_nn_gcc/lib/libtensorflow-microlite.a(micro_allocator.o)
                0x1000809c                tflite::internal::InitializeTfLiteTensorFromFlatbuffer(tflite::IPersistentBufferAllocator*, tflite::INonPersistentBufferAllocator*, bool, tflite::Tensor const&, flatbuffers::Vector<flatbuffers::Offset<tflite::Buffer>, unsigned long> const*, TfLiteTensor*)
 .text._ZNK11flatbuffers6VectorINS_6OffsetIN6tflite6TensorEEEmE3GetEm
                0x10008240       0x30 /home/jslucena/Work/tflite-micro/gen/cortex_m_generic_cortex-m33_default_cmsis_nn_gcc/lib/libtensorflow-microlite.a(micro_allocator.o)
                0x10008240                flatbuffers::Vector<flatbuffers::Offset<tflite::Tensor>, unsigned long>::Get(unsigned long) const
 .text._ZN6tflite14MicroAllocator17AllocateVariablesEPKNS_8SubGraphEP16TfLiteEvalTensorPKl
                0x10008270       0x6c /home/jslucena/Work/tflite-micro/gen/cortex_m_generic_cortex-m33_default_cmsis_nn_gcc/lib/libtensorflow-microlite.a(micro_allocator.o)
                0x10008270                tflite::MicroAllocator::AllocateVariables(tflite::SubGraph const*, TfLiteEvalTensor*, long const*)
 .text._ZNK11flatbuffers6VectorINS_6OffsetIN6tflite8SubGraphEEEmE3GetEm
                0x100082dc       0x30 /home/jslucena/Work/tflite-micro/gen/cortex_m_generic_cortex-m33_default_cmsis_nn_gcc/lib/libtensorflow-microlite.a(micro_allocator.o)
                0x100082dc                flatbuffers::Vector<flatbuffers::Offset<tflite::SubGraph>, unsigned long>::Get(unsigned long) const
 .text._ZN6tflite14MicroAllocator28AllocateNodeAndRegistrationsEPKNS_5ModelEPNS_19SubgraphAllocationsE
                0x1000830c       0x5c /home/jslucena/Work/tflite-micro/gen/cortex_m_generic_cortex-m33_default_cmsis_nn_gcc/lib/libtensorflow-microlite.a(micro_allocator.o)
                0x1000830c                tflite::MicroAllocator::AllocateNodeAndRegistrations(tflite::Model const*, tflite::SubgraphAllocations*)
 .text._ZN6tflite14MicroAllocator30AllocatePersistentTfLiteTensorEPKNS_5ModelEPKNS_19SubgraphAllocationsEii
                0x10008368       0x7c /home/jslucena/Work/tflite-micro/gen/cortex_m_generic_cortex-m33_default_cmsis_nn_gcc/lib/libtensorflow-microlite.a(micro_allocator.o)
                0x10008368                tflite::MicroAllocator::AllocatePersistentTfLiteTensor(tflite::Model const*, tflite::SubgraphAllocations const*, int, int)
 .text._ZN6tflite14MicroAllocator24AllocateTempTfLiteTensorEPKNS_5ModelEPKNS_19SubgraphAllocationsEii
                0x100083e4       0x78 /home/jslucena/Work/tflite-micro/gen/cortex_m_generic_cortex-m33_default_cmsis_nn_gcc/lib/libtensorflow-microlite.a(micro_allocator.o)
                0x100083e4                tflite::MicroAllocator::AllocateTempTfLiteTensor(tflite::Model const*, tflite::SubgraphAllocations const*, int, int)
 .text._ZN6tflite14MicroAllocator22CommitStaticMemoryPlanEPKNS_5ModelEPNS_19SubgraphAllocationsEPNS_19ScratchBufferHandleE
                0x1000845c      0x1be /home/jslucena/Work/tflite-micro/gen/cortex_m_generic_cortex-m33_default_cmsis_nn_gcc/lib/libtensorflow-microlite.a(micro_allocator.o)
                0x1000845c                tflite::MicroAllocator::CommitStaticMemoryPlan(tflite::Model const*, tflite::SubgraphAllocations*, tflite::ScratchBufferHandle*)
 .text._ZN6tflite14MicroAllocator34PopulateTfLiteTensorFromFlatbufferEPKNS_5ModelEP12TfLiteTensoriib
                0x1000861a       0x52 /home/jslucena/Work/tflite-micro/gen/cortex_m_generic_cortex-m33_default_cmsis_nn_gcc/lib/libtensorflow-microlite.a(micro_allocator.o)
                0x1000861a                tflite::MicroAllocator::PopulateTfLiteTensorFromFlatbuffer(tflite::Model const*, TfLiteTensor*, int, int, bool)
 .text._ZN6tflite14MicroAllocator25AllocateTfLiteEvalTensorsEPKNS_5ModelEPNS_19SubgraphAllocationsE
                0x1000866c       0xb4 /home/jslucena/Work/tflite-micro/gen/cortex_m_generic_cortex-m33_default_cmsis_nn_gcc/lib/libtensorflow-microlite.a(micro_allocator.o)
                0x1000866c                tflite::MicroAllocator::AllocateTfLiteEvalTensors(tflite::Model const*, tflite::SubgraphAllocations*)
 .text._ZN6tflite36MicroContextAllocatePersistentBufferEP13TfLiteContextj
                0x10008720        0x8 /home/jslucena/Work/tflite-micro/gen/cortex_m_generic_cortex-m33_default_cmsis_nn_gcc/lib/libtensorflow-microlite.a(micro_interpreter.o)
                0x10008720                tflite::MicroContextAllocatePersistentBuffer(TfLiteContext*, unsigned int)
 .text._ZN6tflite39MicroContextRequestScratchBufferInArenaEP13TfLiteContextjPi
                0x10008728        0x8 /home/jslucena/Work/tflite-micro/gen/cortex_m_generic_cortex-m33_default_cmsis_nn_gcc/lib/libtensorflow-microlite.a(micro_interpreter.o)
                0x10008728                tflite::MicroContextRequestScratchBufferInArena(TfLiteContext*, unsigned int, int*)
 .text._ZN6tflite28MicroContextGetScratchBufferEP13TfLiteContexti
                0x10008730        0x8 /home/jslucena/Work/tflite-micro/gen/cortex_m_generic_cortex-m33_default_cmsis_nn_gcc/lib/libtensorflow-microlite.a(micro_interpreter.o)
                0x10008730                tflite::MicroContextGetScratchBuffer(TfLiteContext*, int)
 .text._ZN6tflite21MicroContextGetTensorEPK13TfLiteContexti
                0x10008738        0x8 /home/jslucena/Work/tflite-micro/gen/cortex_m_generic_cortex-m33_default_cmsis_nn_gcc/lib/libtensorflow-microlite.a(micro_interpreter.o)
                0x10008738                tflite::MicroContextGetTensor(TfLiteContext const*, int)
 .text._ZN6tflite25MicroContextGetEvalTensorEPK13TfLiteContexti
                0x10008740        0x8 /home/jslucena/Work/tflite-micro/gen/cortex_m_generic_cortex-m33_default_cmsis_nn_gcc/lib/libtensorflow-microlite.a(micro_interpreter.o)
                0x10008740                tflite::MicroContextGetEvalTensor(TfLiteContext const*, int)
 .text._ZN6tflite30MicroContextGetExternalContextEP13TfLiteContext25TfLiteExternalContextType
                0x10008748        0x8 /home/jslucena/Work/tflite-micro/gen/cortex_m_generic_cortex-m33_default_cmsis_nn_gcc/lib/libtensorflow-microlite.a(micro_interpreter.o)
                0x10008748                tflite::MicroContextGetExternalContext(TfLiteContext*, TfLiteExternalContextType)
 .text._ZN6tflite23EnumNameBuiltinOperatorENS_15BuiltinOperatorE
                0x10008750       0x18 /home/jslucena/Work/tflite-micro/gen/cortex_m_generic_cortex-m33_default_cmsis_nn_gcc/lib/libtensorflow-microlite.a(micro_interpreter.o)
                0x10008750                tflite::EnumNameBuiltinOperator(tflite::BuiltinOperator)
 .text._ZN6tflite16MicroInterpreter4InitEPNS_22MicroProfilerInterfaceE
                0x10008768       0x58 /home/jslucena/Work/tflite-micro/gen/cortex_m_generic_cortex-m33_default_cmsis_nn_gcc/lib/libtensorflow-microlite.a(micro_interpreter.o)
                0x10008768                tflite::MicroInterpreter::Init(tflite::MicroProfilerInterface*)
 .text._ZN6tflite16MicroInterpreterC2EPKNS_5ModelERKNS_15MicroOpResolverEPhjPNS_22MicroResourceVariablesEPNS_22MicroProfilerInterfaceEb
                0x100087c0       0x6a /home/jslucena/Work/tflite-micro/gen/cortex_m_generic_cortex-m33_default_cmsis_nn_gcc/lib/libtensorflow-microlite.a(micro_interpreter.o)
                0x100087c0                tflite::MicroInterpreter::MicroInterpreter(tflite::Model const*, tflite::MicroOpResolver const&, unsigned char*, unsigned int, tflite::MicroResourceVariables*, tflite::MicroProfilerInterface*, bool)
                0x100087c0                tflite::MicroInterpreter::MicroInterpreter(tflite::Model const*, tflite::MicroOpResolver const&, unsigned char*, unsigned int, tflite::MicroResourceVariables*, tflite::MicroProfilerInterface*, bool)
 *fill*         0x1000882a        0x2 
 .text._ZNK11flatbuffers6VectorIlmE3GetEm
                0x1000882c       0x28 /home/jslucena/Work/tflite-micro/gen/cortex_m_generic_cortex-m33_default_cmsis_nn_gcc/lib/libtensorflow-microlite.a(micro_interpreter.o)
                0x1000882c                flatbuffers::Vector<long, unsigned long>::Get(unsigned long) const
 .text._ZN11flatbuffers5Table10GetPointerIPKNS_6VectorIlmEEmEET_t
                0x10008854       0x12 /home/jslucena/Work/tflite-micro/gen/cortex_m_generic_cortex-m33_default_cmsis_nn_gcc/lib/libtensorflow-microlite.a(micro_interpreter.o)
                0x10008854                flatbuffers::Vector<long, unsigned long> const* flatbuffers::Table::GetPointer<flatbuffers::Vector<long, unsigned long> const*, unsigned long>(unsigned short)
 .text._ZNK6tflite16MicroInterpreter11inputs_sizeEv.isra.0
                0x10008866       0x16 /home/jslucena/Work/tflite-micro/gen/cortex_m_generic_cortex-m33_default_cmsis_nn_gcc/lib/libtensorflow-microlite.a(micro_interpreter.o)
 .text._ZN6tflite16MicroInterpreter5inputEj
                0x1000887c       0x2c /home/jslucena/Work/tflite-micro/gen/cortex_m_generic_cortex-m33_default_cmsis_nn_gcc/lib/libtensorflow-microlite.a(micro_interpreter.o)
                0x1000887c                tflite::MicroInterpreter::input(unsigned int)
 .text._ZNK6tflite16MicroInterpreter12outputs_sizeEv.isra.0
                0x100088a8       0x16 /home/jslucena/Work/tflite-micro/gen/cortex_m_generic_cortex-m33_default_cmsis_nn_gcc/lib/libtensorflow-microlite.a(micro_interpreter.o)
 *fill*         0x100088be        0x2 
 .text._ZN6tflite16MicroInterpreter6outputEj
                0x100088c0       0x2c /home/jslucena/Work/tflite-micro/gen/cortex_m_generic_cortex-m33_default_cmsis_nn_gcc/lib/libtensorflow-microlite.a(micro_interpreter.o)
                0x100088c0                tflite::MicroInterpreter::output(unsigned int)
 .text._ZN6tflite16MicroInterpreterD2Ev
                0x100088ec       0x26 /home/jslucena/Work/tflite-micro/gen/cortex_m_generic_cortex-m33_default_cmsis_nn_gcc/lib/libtensorflow-microlite.a(micro_interpreter.o)
                0x100088ec                tflite::MicroInterpreter::~MicroInterpreter()
                0x100088ec                tflite::MicroInterpreter::~MicroInterpreter()
 *fill*         0x10008912        0x2 
 .text._ZN6tflite16MicroInterpreter44PrepareNodeAndRegistrationDataFromFlatbufferEv
                0x10008914      0x230 /home/jslucena/Work/tflite-micro/gen/cortex_m_generic_cortex-m33_default_cmsis_nn_gcc/lib/libtensorflow-microlite.a(micro_interpreter.o)
                0x10008914                tflite::MicroInterpreter::PrepareNodeAndRegistrationDataFromFlatbuffer()
 .text._ZN6tflite16MicroInterpreter5ResetEv
                0x10008b44       0x1a /home/jslucena/Work/tflite-micro/gen/cortex_m_generic_cortex-m33_default_cmsis_nn_gcc/lib/libtensorflow-microlite.a(micro_interpreter.o)
                0x10008b44                tflite::MicroInterpreter::Reset()
 *fill*         0x10008b5e        0x2 
 .text._ZN6tflite16MicroInterpreter15AllocateTensorsEv
                0x10008b60      0x1d8 /home/jslucena/Work/tflite-micro/gen/cortex_m_generic_cortex-m33_default_cmsis_nn_gcc/lib/libtensorflow-microlite.a(micro_interpreter.o)
                0x10008b60                tflite::MicroInterpreter::AllocateTensors()
 .text._ZN6tflite16MicroInterpreter6InvokeEv
                0x10008d38       0x38 /home/jslucena/Work/tflite-micro/gen/cortex_m_generic_cortex-m33_default_cmsis_nn_gcc/lib/libtensorflow-microlite.a(micro_interpreter.o)
                0x10008d38                tflite::MicroInterpreter::Invoke()
 .text._ZN6tflite23MicroInterpreterContext16external_contextEv
                0x10008d70        0x4 /home/jslucena/Work/tflite-micro/gen/cortex_m_generic_cortex-m33_default_cmsis_nn_gcc/lib/libtensorflow-microlite.a(micro_interpreter_context.o)
                0x10008d70                tflite::MicroInterpreterContext::external_context()
 .text._ZN6tflite23MicroInterpreterContext5graphEv
                0x10008d74        0x4 /home/jslucena/Work/tflite-micro/gen/cortex_m_generic_cortex-m33_default_cmsis_nn_gcc/lib/libtensorflow-microlite.a(micro_interpreter_context.o)
                0x10008d74                tflite::MicroInterpreterContext::graph()
 .text._ZN6tflite23MicroInterpreterContextD0Ev
                0x10008d78        0x2 /home/jslucena/Work/tflite-micro/gen/cortex_m_generic_cortex-m33_default_cmsis_nn_gcc/lib/libtensorflow-microlite.a(micro_interpreter_context.o)
                0x10008d78                tflite::MicroInterpreterContext::~MicroInterpreterContext()
                0x10008d78                tflite::MicroInterpreterContext::~MicroInterpreterContext()
                0x10008d78                tflite::MicroInterpreterContext::~MicroInterpreterContext()
 .text._ZN6tflite23MicroInterpreterContext24AllocateTempTfLiteTensorEi
                0x10008d7a       0x1c /home/jslucena/Work/tflite-micro/gen/cortex_m_generic_cortex-m33_default_cmsis_nn_gcc/lib/libtensorflow-microlite.a(micro_interpreter_context.o)
                0x10008d7a                tflite::MicroInterpreterContext::AllocateTempTfLiteTensor(int)
 .text._ZN6tflite23MicroInterpreterContext26DeallocateTempTfLiteTensorEP12TfLiteTensor
                0x10008d96        0x8 /home/jslucena/Work/tflite-micro/gen/cortex_m_generic_cortex-m33_default_cmsis_nn_gcc/lib/libtensorflow-microlite.a(micro_interpreter_context.o)
                0x10008d96                tflite::MicroInterpreterContext::DeallocateTempTfLiteTensor(TfLiteTensor*)
 .text._ZN6tflite23MicroInterpreterContext13GetEvalTensorEi
                0x10008d9e       0x14 /home/jslucena/Work/tflite-micro/gen/cortex_m_generic_cortex-m33_default_cmsis_nn_gcc/lib/libtensorflow-microlite.a(micro_interpreter_context.o)
                0x10008d9e                tflite::MicroInterpreterContext::GetEvalTensor(int)
 .text._ZN6tflite23MicroInterpreterContext20SetAlternateProfilerEPNS_22MicroProfilerInterfaceE
                0x10008db2        0x6 /home/jslucena/Work/tflite-micro/gen/cortex_m_generic_cortex-m33_default_cmsis_nn_gcc/lib/libtensorflow-microlite.a(micro_interpreter_context.o)
                0x10008db2                tflite::MicroInterpreterContext::SetAlternateProfiler(tflite::MicroProfilerInterface*)
 .text._ZNK6tflite23MicroInterpreterContext20GetAlternateProfilerEv
                0x10008db8        0x4 /home/jslucena/Work/tflite-micro/gen/cortex_m_generic_cortex-m33_default_cmsis_nn_gcc/lib/libtensorflow-microlite.a(micro_interpreter_context.o)
                0x10008db8                tflite::MicroInterpreterContext::GetAlternateProfiler() const
 .text._ZN6tflite23MicroInterpreterContext24AllocatePersistentBufferEj
                0x10008dbc       0x18 /home/jslucena/Work/tflite-micro/gen/cortex_m_generic_cortex-m33_default_cmsis_nn_gcc/lib/libtensorflow-microlite.a(micro_interpreter_context.o)
                0x10008dbc                tflite::MicroInterpreterContext::AllocatePersistentBuffer(unsigned int)
 .text._ZN6tflite23MicroInterpreterContext27RequestScratchBufferInArenaEjPi
                0x10008dd4       0x1c /home/jslucena/Work/tflite-micro/gen/cortex_m_generic_cortex-m33_default_cmsis_nn_gcc/lib/libtensorflow-microlite.a(micro_interpreter_context.o)
                0x10008dd4                tflite::MicroInterpreterContext::RequestScratchBufferInArena(unsigned int, int*)
 .text._ZN6tflite23MicroInterpreterContext16GetScratchBufferEi
                0x10008df0       0x14 /home/jslucena/Work/tflite-micro/gen/cortex_m_generic_cortex-m33_default_cmsis_nn_gcc/lib/libtensorflow-microlite.a(micro_interpreter_context.o)
                0x10008df0                tflite::MicroInterpreterContext::GetScratchBuffer(int)
 .text._ZN6tflite23MicroInterpreterContext18AllocateTempBufferEjj
                0x10008e04       0x18 /home/jslucena/Work/tflite-micro/gen/cortex_m_generic_cortex-m33_default_cmsis_nn_gcc/lib/libtensorflow-microlite.a(micro_interpreter_context.o)
                0x10008e04                tflite::MicroInterpreterContext::AllocateTempBuffer(unsigned int, unsigned int)
 .text._ZN6tflite23MicroInterpreterContext20DeallocateTempBufferEPh
                0x10008e1c       0x18 /home/jslucena/Work/tflite-micro/gen/cortex_m_generic_cortex-m33_default_cmsis_nn_gcc/lib/libtensorflow-microlite.a(micro_interpreter_context.o)
                0x10008e1c                tflite::MicroInterpreterContext::DeallocateTempBuffer(unsigned char*)
 .text._ZN6tflite23MicroInterpreterContext20set_external_contextEPv
                0x10008e34       0x2c /home/jslucena/Work/tflite-micro/gen/cortex_m_generic_cortex-m33_default_cmsis_nn_gcc/lib/libtensorflow-microlite.a(micro_interpreter_context.o)
                0x10008e34                tflite::MicroInterpreterContext::set_external_context(void*)
 .text._ZN6tflite23MicroInterpreterContextC2EPNS_14MicroAllocatorEPKNS_5ModelEPNS_21MicroInterpreterGraphE
                0x10008e60       0x1c /home/jslucena/Work/tflite-micro/gen/cortex_m_generic_cortex-m33_default_cmsis_nn_gcc/lib/libtensorflow-microlite.a(micro_interpreter_context.o)
                0x10008e60                tflite::MicroInterpreterContext::MicroInterpreterContext(tflite::MicroAllocator*, tflite::Model const*, tflite::MicroInterpreterGraph*)
                0x10008e60                tflite::MicroInterpreterContext::MicroInterpreterContext(tflite::MicroAllocator*, tflite::Model const*, tflite::MicroInterpreterGraph*)
 .text._ZN6tflite23MicroInterpreterContext23SetScratchBufferHandlesEPNS_19ScratchBufferHandleE
                0x10008e7c        0x4 /home/jslucena/Work/tflite-micro/gen/cortex_m_generic_cortex-m33_default_cmsis_nn_gcc/lib/libtensorflow-microlite.a(micro_interpreter_context.o)
                0x10008e7c                tflite::MicroInterpreterContext::SetScratchBufferHandles(tflite::ScratchBufferHandle*)
 .text._ZN6tflite23MicroInterpreterContext19SetInterpreterStateENS0_16InterpreterStateE
                0x10008e80        0x4 /home/jslucena/Work/tflite-micro/gen/cortex_m_generic_cortex-m33_default_cmsis_nn_gcc/lib/libtensorflow-microlite.a(micro_interpreter_context.o)
                0x10008e80                tflite::MicroInterpreterContext::SetInterpreterState(tflite::MicroInterpreterContext::InterpreterState)
 .text._ZN6tflite21MicroInterpreterGraph20GetResourceVariablesEv
                0x10008e84        0x4 /home/jslucena/Work/tflite-micro/gen/cortex_m_generic_cortex-m33_default_cmsis_nn_gcc/lib/libtensorflow-microlite.a(micro_interpreter_graph.o)
                0x10008e84                tflite::MicroInterpreterGraph::GetResourceVariables()
 .text._ZN6tflite21MicroInterpreterGraphD0Ev
                0x10008e88        0x2 /home/jslucena/Work/tflite-micro/gen/cortex_m_generic_cortex-m33_default_cmsis_nn_gcc/lib/libtensorflow-microlite.a(micro_interpreter_graph.o)
                0x10008e88                tflite::MicroInterpreterGraph::~MicroInterpreterGraph()
                0x10008e88                tflite::MicroInterpreterGraph::~MicroInterpreterGraph()
                0x10008e88                tflite::MicroInterpreterGraph::~MicroInterpreterGraph()
 .text._ZN6tflite21MicroInterpreterGraph13InitSubgraphsEv
                0x10008e8a       0x66 /home/jslucena/Work/tflite-micro/gen/cortex_m_generic_cortex-m33_default_cmsis_nn_gcc/lib/libtensorflow-microlite.a(micro_interpreter_graph.o)
                0x10008e8a                tflite::MicroInterpreterGraph::InitSubgraphs()
 .text._ZN6tflite21MicroInterpreterGraph14ResetSubgraphsEv
                0x10008ef0       0x58 /home/jslucena/Work/tflite-micro/gen/cortex_m_generic_cortex-m33_default_cmsis_nn_gcc/lib/libtensorflow-microlite.a(micro_interpreter_graph.o)
                0x10008ef0                tflite::MicroInterpreterGraph::ResetSubgraphs()
 .text._ZN6tflite21MicroInterpreterGraph13FreeSubgraphsEv
                0x10008f48       0x58 /home/jslucena/Work/tflite-micro/gen/cortex_m_generic_cortex-m33_default_cmsis_nn_gcc/lib/libtensorflow-microlite.a(micro_interpreter_graph.o)
                0x10008f48                tflite::MicroInterpreterGraph::FreeSubgraphs()
 .text._ZN6tflite12_GLOBAL__N_122OpNameFromRegistrationEPK16TFLMRegistration
                0x10008fa0       0x20 /home/jslucena/Work/tflite-micro/gen/cortex_m_generic_cortex-m33_default_cmsis_nn_gcc/lib/libtensorflow-microlite.a(micro_interpreter_graph.o)
 .text._ZN6tflite21MicroInterpreterGraph16PrepareSubgraphsEv
                0x10008fc0       0x80 /home/jslucena/Work/tflite-micro/gen/cortex_m_generic_cortex-m33_default_cmsis_nn_gcc/lib/libtensorflow-microlite.a(micro_interpreter_graph.o)
                0x10008fc0                tflite::MicroInterpreterGraph::PrepareSubgraphs()
 .text._ZN6tflite21MicroInterpreterGraph12NumSubgraphsEv
                0x10009040        0xc /home/jslucena/Work/tflite-micro/gen/cortex_m_generic_cortex-m33_default_cmsis_nn_gcc/lib/libtensorflow-microlite.a(micro_interpreter_graph.o)
                0x10009040                tflite::MicroInterpreterGraph::NumSubgraphs()
 .text._ZN6tflite19ScopedMicroProfilerD2Ev
                0x1000904c       0x14 /home/jslucena/Work/tflite-micro/gen/cortex_m_generic_cortex-m33_default_cmsis_nn_gcc/lib/libtensorflow-microlite.a(micro_interpreter_graph.o)
                0x1000904c                tflite::ScopedMicroProfiler::~ScopedMicroProfiler()
                0x1000904c                tflite::ScopedMicroProfiler::~ScopedMicroProfiler()
 .text._ZN6tflite21MicroInterpreterGraph14InvokeSubgraphEi
                0x10009060       0xc0 /home/jslucena/Work/tflite-micro/gen/cortex_m_generic_cortex-m33_default_cmsis_nn_gcc/lib/libtensorflow-microlite.a(micro_interpreter_graph.o)
                0x10009060                tflite::MicroInterpreterGraph::InvokeSubgraph(int)
 .text._ZN6tflite21MicroInterpreterGraphC2EP13TfLiteContextPKNS_5ModelEPNS_14MicroAllocatorEPNS_22MicroResourceVariablesE
                0x10009120       0x30 /home/jslucena/Work/tflite-micro/gen/cortex_m_generic_cortex-m33_default_cmsis_nn_gcc/lib/libtensorflow-microlite.a(micro_interpreter_graph.o)
                0x10009120                tflite::MicroInterpreterGraph::MicroInterpreterGraph(TfLiteContext*, tflite::Model const*, tflite::MicroAllocator*, tflite::MicroResourceVariables*)
                0x10009120                tflite::MicroInterpreterGraph::MicroInterpreterGraph(TfLiteContext*, tflite::Model const*, tflite::MicroAllocator*, tflite::MicroResourceVariables*)
 .text._ZN6tflite21MicroInterpreterGraph22SetSubgraphAllocationsEPNS_19SubgraphAllocationsE
                0x10009150        0x4 /home/jslucena/Work/tflite-micro/gen/cortex_m_generic_cortex-m33_default_cmsis_nn_gcc/lib/libtensorflow-microlite.a(micro_interpreter_graph.o)
                0x10009150                tflite::MicroInterpreterGraph::SetSubgraphAllocations(tflite::SubgraphAllocations*)
 .text._ZN6tflite21MicroInterpreterGraph20ResetVariableTensorsEv
                0x10009154      0x108 /home/jslucena/Work/tflite-micro/gen/cortex_m_generic_cortex-m33_default_cmsis_nn_gcc/lib/libtensorflow-microlite.a(micro_interpreter_graph.o)
                0x10009154                tflite::MicroInterpreterGraph::ResetVariableTensors()
 .text._ZN6tflite21MicroInterpreterGraph16GetSubgraphInputEii