Archive member included to satisfy reference by file (symbol)

/home/jslucena/Work/tflite-micro/gen/cortex_m_generic_cortex-m0plus_default_gcc/lib/libtensorflow-microlite.a(micro_allocator.o)
                              CMakeFiles/tflite_test.dir/main.cpp.o (tflite::MicroAllocator::used_bytes() const)
/home/jslucena/Work/tflite-micro/gen/cortex_m_generic_cortex-m0plus_default_gcc/lib/libtensorflow-microlite.a(micro_interpreter.o)
                              CMakeFiles/tflite_test.dir/main.cpp.o (tflite::MicroInterpreter::MicroInterpreter(tflite::Model const*, tflite::MicroOpResolver const&, unsigned char*, unsigned int, tflite::MicroResourceVariables*, tflite::MicroProfilerInterface*, bool))
/home/jslucena/Work/tflite-micro/gen/cortex_m_generic_cortex-m0plus_default_gcc/lib/libtensorflow-microlite.a(micro_interpreter_context.o)
                              /home/jslucena/Work/tflite-micro/gen/cortex_m_generic_cortex-m0plus_default_gcc/lib/libtensorflow-microlite.a(micro_interpreter.o) (tflite::MicroInterpreterContext::~MicroInterpreterContext())
/home/jslucena/Work/tflite-micro/gen/cortex_m_generic_cortex-m0plus_default_gcc/lib/libtensorflow-microlite.a(micro_interpreter_graph.o)
                              /home/jslucena/Work/tflite-micro/gen/cortex_m_generic_cortex-m0plus_default_gcc/lib/libtensorflow-microlite.a(micro_interpreter.o) (tflite::MicroInterpreterGraph::~MicroInterpreterGraph())
/home/jslucena/Work/tflite-micro/gen/cortex_m_generic_cortex-m0plus_default_gcc/lib/libtensorflow-microlite.a(micro_log.o)
                              CMakeFiles/tflite_test.dir/main.cpp.o (MicroPrintf(char const*, ...))
/home/jslucena/Work/tflite-micro/gen/cortex_m_generic_cortex-m0plus_default_gcc/lib/libtensorflow-microlite.a(micro_op_resolver.o)
                              /home/jslucena/Work/tflite-micro/gen/cortex_m_generic_cortex-m0plus_default_gcc/lib/libtensorflow-microlite.a(micro_interpreter.o) (tflite::GetRegistrationFromOpCode(tflite::OperatorCode const*, tflite::MicroOpResolver const&, TFLMRegistration const**))
/home/jslucena/Work/tflite-micro/gen/cortex_m_generic_cortex-m0plus_default_gcc/lib/libtensorflow-microlite.a(micro_resource_variable.o)
                              /home/jslucena/Work/tflite-micro/gen/cortex_m_generic_cortex-m0plus_default_gcc/lib/libtensorflow-microlite.a(micro_interpreter_graph.o) (tflite::MicroResourceVariables::ResetAll())
/home/jslucena/Work/tflite-micro/gen/cortex_m_generic_cortex-m0plus_default_gcc/lib/libtensorflow-microlite.a(micro_utils.o)
                              /home/jslucena/Work/tflite-micro/gen/cortex_m_generic_cortex-m0plus_default_gcc/lib/libtensorflow-microlite.a(micro_resource_variable.o) (tflite::EvalTensorBytes(TfLiteEvalTensor const*))
/home/jslucena/Work/tflite-micro/gen/cortex_m_generic_cortex-m0plus_default_gcc/lib/libtensorflow-microlite.a(system_setup.o)
                              CMakeFiles/tflite_test.dir/main.cpp.o (tflite::InitializeTarget())
/home/jslucena/Work/tflite-micro/gen/cortex_m_generic_cortex-m0plus_default_gcc/lib/libtensorflow-microlite.a(non_persistent_arena_buffer_allocator.o)
                              /home/jslucena/Work/tflite-micro/gen/cortex_m_generic_cortex-m0plus_default_gcc/lib/libtensorflow-microlite.a(micro_allocator.o) (tflite::NonPersistentArenaBufferAllocator::NonPersistentArenaBufferAllocator(unsigned char*, unsigned int))
/home/jslucena/Work/tflite-micro/gen/cortex_m_generic_cortex-m0plus_default_gcc/lib/libtensorflow-microlite.a(persistent_arena_buffer_allocator.o)
                              /home/jslucena/Work/tflite-micro/gen/cortex_m_generic_cortex-m0plus_default_gcc/lib/libtensorflow-microlite.a(micro_allocator.o) (tflite::PersistentArenaBufferAllocator::~PersistentArenaBufferAllocator())
/home/jslucena/Work/tflite-micro/gen/cortex_m_generic_cortex-m0plus_default_gcc/lib/libtensorflow-microlite.a(single_arena_buffer_allocator.o)
                              /home/jslucena/Work/tflite-micro/gen/cortex_m_generic_cortex-m0plus_default_gcc/lib/libtensorflow-microlite.a(micro_allocator.o) (tflite::SingleArenaBufferAllocator::Create(unsigned char*, unsigned int))
/home/jslucena/Work/tflite-micro/gen/cortex_m_generic_cortex-m0plus_default_gcc/lib/libtensorflow-microlite.a(greedy_memory_planner.o)
                              /home/jslucena/Work/tflite-micro/gen/cortex_m_generic_cortex-m0plus_default_gcc/lib/libtensorflow-microlite.a(micro_allocator.o) (tflite::GreedyMemoryPlanner::GreedyMemoryPlanner())
/home/jslucena/Work/tflite-micro/gen/cortex_m_generic_cortex-m0plus_default_gcc/lib/libtensorflow-microlite.a(linear_memory_planner.o)
                              /home/jslucena/Work/tflite-micro/gen/cortex_m_generic_cortex-m0plus_default_gcc/lib/libtensorflow-microlite.a(micro_allocator.o) (tflite::LinearMemoryPlanner::LinearMemoryPlanner())
/home/jslucena/Work/tflite-micro/gen/cortex_m_generic_cortex-m0plus_default_gcc/lib/libtensorflow-microlite.a(flatbuffer_conversions_bridge.o)
[...]
Memory Configuration

Name             Origin             Length             Attributes
FLASH            0x10000000         0x00200000         xr
RAM              0x20000000         0x00040000         xrw
SCRATCH_X        0x20040000         0x00001000         xrw
SCRATCH_Y        0x20041000         0x00001000         xrw
*default*        0x00000000         0xffffffff

Linker script and memory map

LOAD /usr/bin/../lib/gcc/arm-none-eabi/14.2.1/thumb/v6-m/nofp/crti.o
LOAD /usr/bin/../lib/gcc/arm-none-eabi/14.2.1/thumb/v6-m/nofp/crtbegin.o
LOAD /usr/bin/../lib/gcc/arm-none-eabi/14.2.1/../../../../arm-none-eabi/lib/thumb/v6-m/nofp/crt0.o

.flash_begin    0x10000000        0x0
                0x10000000                        __flash_binary_start = .

.boot2          0x10000000      0x100
                0x10000000                        __boot2_start__ = .
 *(.boot2)
 .boot2         0x10000000      0x100 pico-sdk/src/rp2040/boot_stage2/CMakeFiles/bs2_default_library.dir/bs2_default_padded_checksummed.S.o
                0x10000100                        __boot2_end__ = .
                0x00000001                        ASSERT (((__boot2_end__ - __boot2_start__) == 0x100), ERROR: Pico second stage bootloader must be 256 bytes in size)

.text           0x10000100    0x1f968
                0x10000100                        __logical_binary_start = .
 *(.vectors)
 .vectors       0x10000100       0xd4 CMakeFiles/tflite_test.dir/home/jslucena/Work/pico-sdk/src/rp2_common/pico_crt0/crt0.S.o
                0x10000100                __vectors
                0x10000100                __VECTOR_TABLE
                0x100001c0                isr_invalid
                0x100001c0                __default_isrs_start
                0x100001c2                isr_nmi
                0x100001c4                isr_hardfault
                0x100001c6                isr_svcall
                0x100001c8                isr_pendsv
                0x100001ca                isr_systick
                0x100001cc                isr_irq30
                0x100001cc                __unhandled_user_irq
                0x100001cc                isr_irq13
                0x100001cc                isr_irq27
                0x100001cc                isr_irq31
                0x100001cc                isr_irq5
                0x100001cc                isr_irq11
                0x100001cc                isr_irq23
                0x100001cc                isr_irq18
                0x100001cc                isr_irq28
                0x100001cc                isr_irq19
                0x100001cc                isr_irq0
                0x100001cc                isr_irq6
                0x100001cc                isr_irq22
                0x100001cc                isr_irq17
                0x100001cc                isr_irq14
                0x100001cc                isr_irq2
                0x100001cc                isr_irq10
                0x100001cc                isr_irq8
                0x100001cc                isr_irq24
                0x100001cc                isr_irq1
                0x100001cc                isr_irq7
                0x100001cc                isr_irq21
                0x100001cc                isr_irq20
                0x100001cc                isr_irq15
                0x100001cc                isr_irq25
                0x100001cc                isr_irq4
                0x100001cc                isr_irq16
                0x100001cc                isr_irq29
                0x100001cc                isr_irq26
                0x100001cc                __default_isrs_end
                0x100001cc                isr_irq3
                0x100001cc                isr_irq12
                0x100001cc                isr_irq9
                0x100001d2                unhandled_user_irq_num_in_r0
 *(.binary_info_header)
 .binary_info_header
                0x100001d4       0x14 CMakeFiles/tflite_test.dir/home/jslucena/Work/pico-sdk/src/rp2_common/pico_crt0/crt0.S.o
                0x100001e8                        __binary_info_header_end = .
 *(.embedded_block)
                0x100001e8                        __embedded_block_end = .
 *(.reset)
 .reset         0x100001e8       0x9c CMakeFiles/tflite_test.dir/home/jslucena/Work/pico-sdk/src/rp2_common/pico_crt0/crt0.S.o
                0x100001e8                _entry_point
 *(.init)
 .init          0x10000284        0x4 /usr/bin/../lib/gcc/arm-none-eabi/14.2.1/thumb/v6-m/nofp/crti.o
                0x10000284                _init
 *(EXCLUDE_FILE(*libm.a: *libc.a:*lib_a-mem*.o *libgcc.a:) .text*)
 .text.register_tm_clones
                0x10000288       0x28 /usr/bin/../lib/gcc/arm-none-eabi/14.2.1/thumb/v6-m/nofp/crtbegin.o
 .text.frame_dummy
                0x100002b0       0x24 /usr/bin/../lib/gcc/arm-none-eabi/14.2.1/thumb/v6-m/nofp/crtbegin.o
 .text._ZNK6tflite22MicroMutableOpResolverILj10EE6FindOpENS_15BuiltinOperatorE
                0x100002d4       0xb8 CMakeFiles/tflite_test.dir/main.cpp.o
                0x100002d4                tflite::MicroMutableOpResolver<10u>::FindOp(tflite::BuiltinOperator) const
 .text._ZN6tflite22MicroMutableOpResolverILj10EED0Ev
                0x1000038c        0x4 CMakeFiles/tflite_test.dir/main.cpp.o
                0x1000038c                tflite::MicroMutableOpResolver<10u>::~MicroMutableOpResolver()
                0x1000038c                tflite::MicroMutableOpResolver<10u>::~MicroMutableOpResolver()
                0x1000038c                tflite::MicroMutableOpResolver<10u>::~MicroMutableOpResolver()
 .text._ZNK6tflite22MicroMutableOpResolverILj10EE15GetOpDataParserENS_15BuiltinOperatorE
                0x10000390       0xcc CMakeFiles/tflite_test.dir/main.cpp.o
                0x10000390                tflite::MicroMutableOpResolver<10u>::GetOpDataParser(tflite::BuiltinOperator) const
 .text.__tcf_0  0x1000045c       0x10 CMakeFiles/tflite_test.dir/main.cpp.o
 .text._ZNK6tflite22MicroMutableOpResolverILj10EE6FindOpEPKc
                0x1000046c      0x140 CMakeFiles/tflite_test.dir/main.cpp.o
                0x1000046c                tflite::MicroMutableOpResolver<10u>::FindOp(char const*) const
 .text._Z19receive_float_arrayv
                0x100005ac       0x98 CMakeFiles/tflite_test.dir/main.cpp.o
                0x100005ac                receive_float_array()
 .text._Z5setupPK11ModelConfig
                0x10000644      0xd18 CMakeFiles/tflite_test.dir/main.cpp.o
                0x10000644                setup(ModelConfig const*)
 .text.startup.main
                0x1000135c      0x27c CMakeFiles/tflite_test.dir/main.cpp.o
                0x1000135c                main
 .text.startup._GLOBAL__sub_I_models_q_aware_tflite
                0x100015d8       0x2c CMakeFiles/tflite_test.dir/main.cpp.o
 .text.gpio_init
                0x10001604       0x40 CMakeFiles/tflite_test.dir/home/jslucena/Work/pico-sdk/src/rp2_common/hardware_gpio/gpio.c.o
                0x10001604                gpio_init
 .text.rp2040_chip_version
                0x10001644        0xc CMakeFiles/tflite_test.dir/home/jslucena/Work/pico-sdk/src/rp2040/pico_platform/platform.c.o
                0x10001644                rp2040_chip_version
 .text.panic    0x10001650       0x30 CMakeFiles/tflite_test.dir/home/jslucena/Work/pico-sdk/src/rp2_common/pico_platform_panic/panic.c.o
                0x10001650                panic
 .text.hw_claim_or_assert
                0x10001680       0x44 CMakeFiles/tflite_test.dir/home/jslucena/Work/pico-sdk/src/common/hardware_claim/claim.c.o
                0x10001680                hw_claim_or_assert
 .text.hw_claim_unused_from_range
                0x100016c4       0x88 CMakeFiles/tflite_test.dir/home/jslucena/Work/pico-sdk/src/common/hardware_claim/claim.c.o
                0x100016c4                hw_claim_unused_from_range
 .text.next_striped_spin_lock_num
                0x1000174c       0x18 CMakeFiles/tflite_test.dir/home/jslucena/Work/pico-sdk/src/rp2_common/hardware_sync/sync.c.o
                0x1000174c                next_striped_spin_lock_num
 .text.spin_lock_claim_unused
                0x10001764       0x24 CMakeFiles/tflite_test.dir/home/jslucena/Work/pico-sdk/src/rp2_common/hardware_sync/sync.c.o
                0x10001764                spin_lock_claim_unused
 .text.spin_locks_reset
                0x10001788       0x1c CMakeFiles/tflite_test.dir/home/jslucena/Work/pico-sdk/src/rp2_common/hardware_sync_spin_lock/sync_spin_lock.c.o
                0x10001788                spin_locks_reset
 .text.runtime_init_per_core_irq_priorities
                0x100017a4       0x24 CMakeFiles/tflite_test.dir/home/jslucena/Work/pico-sdk/src/rp2_common/hardware_irq/irq.c.o
                0x100017a4                runtime_init_per_core_irq_priorities
 .text.irq_set_enabled
                0x100017c8       0x24 CMakeFiles/tflite_test.dir/home/jslucena/Work/pico-sdk/src/rp2_common/hardware_irq/irq.c.o
                0x100017c8                irq_set_enabled
 .text.irq_is_enabled
                0x100017ec       0x18 CMakeFiles/tflite_test.dir/home/jslucena/Work/pico-sdk/src/rp2_common/hardware_irq/irq.c.o
                0x100017ec                irq_is_enabled
 .text.irq_set_pending
                0x10001804       0x10 CMakeFiles/tflite_test.dir/home/jslucena/Work/pico-sdk/src/rp2_common/hardware_irq/irq.c.o
                0x10001804                irq_set_pending
 .text.irq_has_shared_handler
                0x10001814       0x2c CMakeFiles/tflite_test.dir/home/jslucena/Work/pico-sdk/src/rp2_common/hardware_irq/irq.c.o
                0x10001814                irq_has_shared_handler
 .text.irq_set_exclusive_handler
                0x10001840       0x54 CMakeFiles/tflite_test.dir/home/jslucena/Work/pico-sdk/src/rp2_common/hardware_irq/irq.c.o
                0x10001840                irq_set_exclusive_handler
 .text.irq_add_shared_handler
                0x10001894      0x1f4 CMakeFiles/tflite_test.dir/home/jslucena/Work/pico-sdk/src/rp2_common/hardware_irq/irq.c.o
                0x10001894                irq_add_shared_handler
 .text.irq_add_tail_to_free_list
                0x10001a88       0xb4 CMakeFiles/tflite_test.dir/home/jslucena/Work/pico-sdk/src/rp2_common/hardware_irq/irq.c.o
                0x10001a88                irq_add_tail_to_free_list
 .text.user_irq_claim_unused
                0x10001b3c       0x2c CMakeFiles/tflite_test.dir/home/jslucena/Work/pico-sdk/src/rp2_common/hardware_irq/irq.c.o
                0x10001b3c                user_irq_claim_unused
 .text.lock_init
                0x10001b68       0x10 CMakeFiles/tflite_test.dir/home/jslucena/Work/pico-sdk/src/common/pico_sync/lock_core.c.o
                0x10001b68                lock_init
 .text.runtime_init_mutex
                0x10001b78       0x50 CMakeFiles/tflite_test.dir/home/jslucena/Work/pico-sdk/src/common/pico_sync/mutex.c.o
                0x10001b78                runtime_init_mutex
 .text.mutex_init
                0x10001bc8       0x1c CMakeFiles/tflite_test.dir/home/jslucena/Work/pico-sdk/src/common/pico_sync/mutex.c.o
                0x10001bc8                mutex_init
 .text.critical_section_init
                0x10001be4       0x1c CMakeFiles/tflite_test.dir/home/jslucena/Work/pico-sdk/src/common/pico_sync/critical_section.c.o
                0x10001be4                critical_section_init
 .text.critical_section_init_with_lock_num
                0x10001c00       0x14 CMakeFiles/tflite_test.dir/home/jslucena/Work/pico-sdk/src/common/pico_sync/critical_section.c.o
                0x10001c00                critical_section_init_with_lock_num
 .text.sleep_until_callback
                0x10001c14       0x30 CMakeFiles/tflite_test.dir/home/jslucena/Work/pico-sdk/src/common/pico_time/time.c.o
 .text.alarm_pool_irq_handler
                0x10001c44      0x2fc CMakeFiles/tflite_test.dir/home/jslucena/Work/pico-sdk/src/common/pico_time/time.c.o
 .text.runtime_init_default_alarm_pool
                0x10001f40       0xdc CMakeFiles/tflite_test.dir/home/jslucena/Work/pico-sdk/src/common/pico_time/time.c.o
                0x10001f40                runtime_init_default_alarm_pool
 .text.alarm_pool_get_default
                0x1000201c        0x8 CMakeFiles/tflite_test.dir/home/jslucena/Work/pico-sdk/src/common/pico_time/time.c.o
                0x1000201c                alarm_pool_get_default
 .text.alarm_pool_add_alarm_at
                0x10002024       0xd0 CMakeFiles/tflite_test.dir/home/jslucena/Work/pico-sdk/src/common/pico_time/time.c.o
                0x10002024                alarm_pool_add_alarm_at
 .text.alarm_pool_add_alarm_at_force_in_context
                0x100020f4       0xb0 CMakeFiles/tflite_test.dir/home/jslucena/Work/pico-sdk/src/common/pico_time/time.c.o
                0x100020f4                alarm_pool_add_alarm_at_force_in_context
 .text.alarm_pool_cancel_alarm
                0x100021a4       0x74 CMakeFiles/tflite_test.dir/home/jslucena/Work/pico-sdk/src/common/pico_time/time.c.o
                0x100021a4                alarm_pool_cancel_alarm
 .text.alarm_pool_core_num
                0x10002218        0x4 CMakeFiles/tflite_test.dir/home/jslucena/Work/pico-sdk/src/common/pico_time/time.c.o
                0x10002218                alarm_pool_core_num
 .text.sleep_ms
                0x1000221c       0xfc CMakeFiles/tflite_test.dir/home/jslucena/Work/pico-sdk/src/common/pico_time/time.c.o
                0x1000221c                sleep_ms
 .text.best_effort_wfe_or_timeout
                0x10002318       0xec CMakeFiles/tflite_test.dir/home/jslucena/Work/pico-sdk/src/common/pico_time/time.c.o
                0x10002318                best_effort_wfe_or_timeout
 .text.timer_hardware_alarm_claim
                0x10002404       0x14 CMakeFiles/tflite_test.dir/home/jslucena/Work/pico-sdk/src/rp2_common/hardware_timer/timer.c.o
                0x10002404                timer_hardware_alarm_claim
 .text.timer_time_us_64
                0x10002418       0x10 CMakeFiles/tflite_test.dir/home/jslucena/Work/pico-sdk/src/rp2_common/hardware_timer/timer.c.o
                0x10002418                timer_time_us_64
 .text.time_us_64
                0x10002428       0x14 CMakeFiles/tflite_test.dir/home/jslucena/Work/pico-sdk/src/rp2_common/hardware_timer/timer.c.o
                0x10002428                time_us_64
 .text.busy_wait_us
                0x1000243c       0x68 CMakeFiles/tflite_test.dir/home/jslucena/Work/pico-sdk/src/rp2_common/hardware_timer/timer.c.o
                0x1000243c                busy_wait_us
 .text.busy_wait_until
                0x100024a4       0x20 CMakeFiles/tflite_test.dir/home/jslucena/Work/pico-sdk/src/rp2_common/hardware_timer/timer.c.o
                0x100024a4                busy_wait_until
 .text.clock_configure_int_divider
                0x100024c4       0xf4 CMakeFiles/tflite_test.dir/home/jslucena/Work/pico-sdk/src/rp2_common/hardware_clocks/clocks.c.o
                0x100024c4                clock_configure_int_divider
 .text.clock_configure_undivided
                0x100025b8       0xe8 CMakeFiles/tflite_test.dir/home/jslucena/Work/pico-sdk/src/rp2_common/hardware_clocks/clocks.c.o
                0x100025b8                clock_configure_undivided
 .text.clock_get_hz
                0x100026a0        0xc CMakeFiles/tflite_test.dir/home/jslucena/Work/pico-sdk/src/rp2_common/hardware_clocks/clocks.c.o
                0x100026a0                clock_get_hz
 .text.pll_init
                0x100026ac       0xa4 CMakeFiles/tflite_test.dir/home/jslucena/Work/pico-sdk/src/rp2_common/hardware_pll/pll.c.o
                0x100026ac                pll_init
 .text.watchdog_reboot
                0x10002750       0x9c CMakeFiles/tflite_test.dir/home/jslucena/Work/pico-sdk/src/rp2_common/hardware_watchdog/watchdog.c.o
                0x10002750                watchdog_reboot
 .text.tick_start
                0x100027ec       0x10 CMakeFiles/tflite_test.dir/home/jslucena/Work/pico-sdk/src/rp2_common/hardware_ticks/ticks.c.o
                0x100027ec                tick_start
 .text.rom_func_lookup
                0x100027fc       0x10 CMakeFiles/tflite_test.dir/home/jslucena/Work/pico-sdk/src/rp2_common/pico_bootrom/bootrom.c.o
                0x100027fc                rom_func_lookup
 .text.rom_data_lookup
                0x1000280c       0x10 CMakeFiles/tflite_test.dir/home/jslucena/Work/pico-sdk/src/rp2_common/pico_bootrom/bootrom.c.o
                0x1000280c                rom_data_lookup
 .text.rom_funcs_lookup
                0x1000281c       0x44 CMakeFiles/tflite_test.dir/home/jslucena/Work/pico-sdk/src/rp2_common/pico_bootrom/bootrom.c.o
                0x1000281c                rom_funcs_lookup
 .text.rom_reset_usb_boot_extra
                0x10002860       0x24 CMakeFiles/tflite_test.dir/home/jslucena/Work/pico-sdk/src/rp2_common/pico_bootrom/bootrom.c.o
                0x10002860                rom_reset_usb_boot_extra
 .text.xosc_init
                0x10002884       0x28 CMakeFiles/tflite_test.dir/home/jslucena/Work/pico-sdk/src/rp2_common/hardware_xosc/xosc.c.o
                0x10002884                xosc_init
 .text.first_per_core_initializer
                0x100028ac        0x4 CMakeFiles/tflite_test.dir/home/jslucena/Work/pico-sdk/src/rp2_common/pico_runtime/runtime.c.o
 .text.hard_assertion_failure
                0x100028b0        0xc CMakeFiles/tflite_test.dir/home/jslucena/Work/pico-sdk/src/rp2_common/pico_runtime/runtime.c.o
                0x100028b0                hard_assertion_failure
 .text.runtime_run_initializers
                0x100028bc       0x28 CMakeFiles/tflite_test.dir/home/jslucena/Work/pico-sdk/src/rp2_common/pico_runtime/runtime.c.o
                0x100028bc                runtime_run_initializers
 .text.runtime_init_early_resets
                0x100028e4       0x2c CMakeFiles/tflite_test.dir/home/jslucena/Work/pico-sdk/src/rp2_common/pico_runtime_init/runtime_init.c.o
                0x100028e4                runtime_init_early_resets
 .text.runtime_init_usb_power_down
                0x10002910       0x1c CMakeFiles/tflite_test.dir/home/jslucena/Work/pico-sdk/src/rp2_common/pico_runtime_init/runtime_init.c.o
                0x10002910                runtime_init_usb_power_down
 .text.runtime_init_post_clock_resets
                0x1000292c       0x20 CMakeFiles/tflite_test.dir/home/jslucena/Work/pico-sdk/src/rp2_common/pico_runtime_init/runtime_init.c.o
                0x1000292c                runtime_init_post_clock_resets
 .text.runtime_init_rp2040_gpio_ie_disable
                0x1000294c       0x14 CMakeFiles/tflite_test.dir/home/jslucena/Work/pico-sdk/src/rp2_common/pico_runtime_init/runtime_init.c.o
                0x1000294c                runtime_init_rp2040_gpio_ie_disable
 .text.runtime_init_spin_locks_reset
                0x10002960        0x8 CMakeFiles/tflite_test.dir/home/jslucena/Work/pico-sdk/src/rp2_common/pico_runtime_init/runtime_init.c.o
                0x10002960                runtime_init_spin_locks_reset
 .text.runtime_init_install_ram_vector_table
                0x10002968       0x1c CMakeFiles/tflite_test.dir/home/jslucena/Work/pico-sdk/src/rp2_common/pico_runtime_init/runtime_init.c.o
                0x10002968                runtime_init_install_ram_vector_table
 .text.runtime_init_clocks
                0x10002984       0xd8 CMakeFiles/tflite_test.dir/home/jslucena/Work/pico-sdk/src/rp2_common/pico_runtime_init/runtime_init_clocks.c.o
                0x10002984                runtime_init_clocks
 .text          0x10002a5c       0x10 CMakeFiles/tflite_test.dir/home/jslucena/Work/pico-sdk/src/rp2_common/pico_bit_ops/bit_ops_aeabi.S.o
 .text.__wrap___aeabi_idiv
                0x10002a6c       0x50 CMakeFiles/tflite_test.dir/home/jslucena/Work/pico-sdk/src/rp2_common/pico_divider/divider_hardware.S.o
                0x10002a6c                __wrap___aeabi_idivmod
                0x10002a6c                divmod_s32s32
                0x10002a6c                div_s32s32
                0x10002a6c                __wrap___aeabi_idiv
                0x10002a74                divmod_s32s32_unsafe
                0x10002aa0                divmod_s32s32_savestate
 .text.__wrap___aeabi_uidiv
                0x10002abc       0x4c CMakeFiles/tflite_test.dir/home/jslucena/Work/pico-sdk/src/rp2_common/pico_divider/divider_hardware.S.o
                0x10002abc                __wrap___aeabi_uidiv
                0x10002abc                __wrap___aeabi_uidivmod
                0x10002abc                div_u32u32
                0x10002abc                divmod_u32u32
                0x10002ac4                divmod_u32u32_unsafe
                0x10002aec                divmod_u32u32_savestate
 .text.__wrap___aeabi_ldiv
                0x10002b08      0x424 CMakeFiles/tflite_test.dir/home/jslucena/Work/pico-sdk/src/rp2_common/pico_divider/divider_hardware.S.o
                0x10002b08                div_s64s64
                0x10002b08                divmod_s64s64
                0x10002b08                __wrap___aeabi_ldivmod
                0x10002b38                div_u64u64
                0x10002b38                divmod_u64u64
                0x10002b38                __wrap___aeabi_uldivmod
                0x10002b48                divmod_u64u64_savestate
                0x10002b68                divmod_s64s64_unsafe
                0x10002bf0                divmod_u64u64_unsafe
 .text.__wrap___aeabi_darithmetic
                0x10002f2c       0x80 CMakeFiles/tflite_test.dir/home/jslucena/Work/pico-sdk/src/rp2_common/pico_double/double_aeabi_rp2040.S.o
                0x10002f2c                __wrap___aeabi_drsub
                0x10002f32                __wrap___aeabi_dsub
                0x10002f44                __wrap___aeabi_dadd
                0x10002f56                __wrap___aeabi_ddiv
                0x10002f92                __wrap___aeabi_dmul
 .text.__wrap___aeabi_cdcmple
                0x10002fac       0x6c CMakeFiles/tflite_test.dir/home/jslucena/Work/pico-sdk/src/rp2_common/pico_double/double_aeabi_rp2040.S.o
                0x10002fac                __wrap___aeabi_cdrcmple
                0x10002fbc                __wrap___aeabi_cdcmple
                0x10002fbc                __wrap___aeabi_cdcmpeq
 .text.__wrap___aeabi_dcmpeq
                0x10003018       0x10 CMakeFiles/tflite_test.dir/home/jslucena/Work/pico-sdk/src/rp2_common/pico_double/double_aeabi_rp2040.S.o
                0x10003018                __wrap___aeabi_dcmpeq
 .text.__wrap___aeabi_dcmplt
                0x10003028        0xc CMakeFiles/tflite_test.dir/home/jslucena/Work/pico-sdk/src/rp2_common/pico_double/double_aeabi_rp2040.S.o
                0x10003028                __wrap___aeabi_dcmplt
 .text.__wrap___aeabi_dcmple
                0x10003034       0x10 CMakeFiles/tflite_test.dir/home/jslucena/Work/pico-sdk/src/rp2_common/pico_double/double_aeabi_rp2040.S.o
                0x10003034                __wrap___aeabi_dcmple
 .text.__wrap___aeabi_dcmpge
                0x10003044       0x10 CMakeFiles/tflite_test.dir/home/jslucena/Work/pico-sdk/src/rp2_common/pico_double/double_aeabi_rp2040.S.o
                0x10003044                __wrap___aeabi_dcmpge
 .text.__wrap___aeabi_dcmpgt
                0x10003054        0xa CMakeFiles/tflite_test.dir/home/jslucena/Work/pico-sdk/src/rp2_common/pico_double/double_aeabi_rp2040.S.o
                0x10003054                __wrap___aeabi_dcmpgt
 .text.__wrap___aeabi_dcmpun
                0x1000305e       0x18 CMakeFiles/tflite_test.dir/home/jslucena/Work/pico-sdk/src/rp2_common/pico_double/double_aeabi_rp2040.S.o
                0x1000305e                __wrap___aeabi_dcmpun
 *fill*         0x10003076        0x2 
 .text.__wrap___aeabi_i2d
                0x10003078       0x38 CMakeFiles/tflite_test.dir/home/jslucena/Work/pico-sdk/src/rp2_common/pico_double/double_aeabi_rp2040.S.o
                0x10003078                __wrap___aeabi_ui2d
                0x10003080                __wrap___aeabi_i2d
 .text.__wrap___aeabi_d2iz
                0x100030b0       0x48 CMakeFiles/tflite_test.dir/home/jslucena/Work/pico-sdk/src/rp2_common/pico_double/double_aeabi_rp2040.S.o
                0x100030b0                __wrap___aeabi_d2iz
                0x100030b0                double2int_z
 .text.__wrap___aeabi_d2uiz
                0x100030f8       0x18 CMakeFiles/tflite_test.dir/home/jslucena/Work/pico-sdk/src/rp2_common/pico_double/double_aeabi_rp2040.S.o
                0x100030f8                double2uint
                0x100030f8                __wrap___aeabi_d2uiz
 .text.__wrap___aeabi_l2d
                0x10003110       0x18 CMakeFiles/tflite_test.dir/home/jslucena/Work/pico-sdk/src/rp2_common/pico_double/double_aeabi_rp2040.S.o
                0x10003110                __wrap___aeabi_l2d
 .text.__wrap___aeabi_d2lz
                0x10003128       0x26 CMakeFiles/tflite_test.dir/home/jslucena/Work/pico-sdk/src/rp2_common/pico_double/double_aeabi_rp2040.S.o
                0x10003128                __wrap___aeabi_d2lz
                0x10003128                double2int64_z
 *fill*         0x1000314e        0x2 
 .text.double2int64
                0x10003150       0x18 CMakeFiles/tflite_test.dir/home/jslucena/Work/pico-sdk/src/rp2_common/pico_double/double_aeabi_rp2040.S.o
                0x10003150                double2int64
 .text.double2ufix64
                0x10003168       0x18 CMakeFiles/tflite_test.dir/home/jslucena/Work/pico-sdk/src/rp2_common/pico_double/double_aeabi_rp2040.S.o
                0x10003168                double2ufix64
 .text.__wrap___aeabi_d2f
                0x10003180       0x18 CMakeFiles/tflite_test.dir/home/jslucena/Work/pico-sdk/src/rp2_common/pico_double/double_aeabi_rp2040.S.o
                0x10003180                __wrap___aeabi_d2f
 .text.__aeabi_double_init
                0x10003198       0xa4 CMakeFiles/tflite_test.dir/home/jslucena/Work/pico-sdk/src/rp2_common/pico_double/double_init_rom_rp2040.c.o
                0x10003198                __aeabi_double_init
 .text.__wrap_round
                0x1000323c       0x9c CMakeFiles/tflite_test.dir/home/jslucena/Work/pico-sdk/src/rp2_common/pico_double/double_math.c.o
                0x1000323c                __wrap_round
 .text.__wrap_floor
                0x100032d8       0xb4 CMakeFiles/tflite_test.dir/home/jslucena/Work/pico-sdk/src/rp2_common/pico_double/double_math.c.o
                0x100032d8                __wrap_floor
 .text.double_table_shim_on_use_helper
                0x1000338c       0x2c CMakeFiles/tflite_test.dir/home/jslucena/Work/pico-sdk/src/rp2_common/pico_double/double_v1_rom_shim_rp2040.S.o
                0x1000338c                double_table_shim_on_use_helper
 .text.__wrap___aeabi_dsub
                0x100033b8       0x10 CMakeFiles/tflite_test.dir/home/jslucena/Work/pico-sdk/src/rp2_common/pico_double/double_v1_rom_shim_rp2040.S.o
                0x100033b8                drsub_shim
                0x100033be                dsub_shim
 .text.dadd_shim
                0x100033c8      0x15c CMakeFiles/tflite_test.dir/home/jslucena/Work/pico-sdk/src/rp2_common/pico_double/double_v1_rom_shim_rp2040.S.o
                0x100033c8                dadd_shim
 .text.dmul_shim
                0x10003524      0x15c CMakeFiles/tflite_test.dir/home/jslucena/Work/pico-sdk/src/rp2_common/pico_double/double_v1_rom_shim_rp2040.S.o
                0x10003524                dmul_shim
 .text.ddiv_shim
                0x10003680      0x1b0 CMakeFiles/tflite_test.dir/home/jslucena/Work/pico-sdk/src/rp2_common/pico_double/double_v1_rom_shim_rp2040.S.o
                0x10003680                ddiv_shim
 .text.double2uint_shim
                0x10003830        0xe CMakeFiles/tflite_test.dir/home/jslucena/Work/pico-sdk/src/rp2_common/pico_double/double_v1_rom_shim_rp2040.S.o
                0x10003830                double2uint_shim
                0x10003832                double2ufix_shim
 .text.double2int64_shim
                0x1000383e       0x1a CMakeFiles/tflite_test.dir/home/jslucena/Work/pico-sdk/src/rp2_common/pico_double/double_v1_rom_shim_rp2040.S.o
                0x1000383e                double2int64_shim
                0x10003840                double2fix64_shim
 .text.double2uint64_shim
                0x10003858       0x70 CMakeFiles/tflite_test.dir/home/jslucena/Work/pico-sdk/src/rp2_common/pico_double/double_v1_rom_shim_rp2040.S.o
                0x10003858                double2uint64_shim
                0x1000385a                double2ufix64_shim
                0x1000387a                d2fix_a
 .text.double2float_shim
                0x100038c8       0x5c CMakeFiles/tflite_test.dir/home/jslucena/Work/pico-sdk/src/rp2_common/pico_double/double_v1_rom_shim_rp2040.S.o
                0x100038c8                double2float_shim
 .text.x2double_shims
                0x10003924       0x90 CMakeFiles/tflite_test.dir/home/jslucena/Work/pico-sdk/src/rp2_common/pico_double/double_v1_rom_shim_rp2040.S.o
                0x10003924                uint2double_shim
                0x10003926                ufix2double_shim
                0x1000392c                int2double_shim
                0x1000392e                fix2double_shim
                0x10003934                uint642double_shim
                0x10003936                ufix642double_shim
                0x1000393c                int642double_shim
                0x1000393e                fix642double_shim
 .text.dunpacks
                0x100039b4       0x3c CMakeFiles/tflite_test.dir/home/jslucena/Work/pico-sdk/src/rp2_common/pico_double/double_v1_rom_shim_rp2040.S.o
                0x100039b4                dunpacks
 .text.__aeabi_lmul
                0x100039f0       0x32 CMakeFiles/tflite_test.dir/home/jslucena/Work/pico-sdk/src/rp2_common/pico_int64_ops/pico_int64_ops_aeabi.S.o
                0x100039f0                __wrap___aeabi_lmul
 *fill*         0x10003a22        0x2 
 .text.__wrap___aeabi_farithmetic
                0x10003a24       0x48 CMakeFiles/tflite_test.dir/home/jslucena/Work/pico-sdk/src/rp2_common/pico_float/float_aeabi_rp2040.S.o
                0x10003a24                __wrap___aeabi_frsub
                0x10003a2a                __wrap___aeabi_fsub
                0x10003a30                __wrap___aeabi_fadd
                0x10003a36                __wrap___aeabi_fdiv
                0x10003a5e                __wrap___aeabi_fmul
 .text.__wrap___aeabi_cfcmple
                0x10003a6c       0x50 CMakeFiles/tflite_test.dir/home/jslucena/Work/pico-sdk/src/rp2_common/pico_float/float_aeabi_rp2040.S.o
                0x10003a6c                __wrap___aeabi_cfrcmple
                0x10003a78                __wrap___aeabi_cfcmpeq
                0x10003a78                __wrap___aeabi_cfcmple
 .text.__wrap___aeabi_fcmplt
                0x10003abc        0xc CMakeFiles/tflite_test.dir/home/jslucena/Work/pico-sdk/src/rp2_common/pico_float/float_aeabi_rp2040.S.o
                0x10003abc                __wrap___aeabi_fcmplt
 .text.__wrap___aeabi_fcmple
                0x10003ac8       0x10 CMakeFiles/tflite_test.dir/home/jslucena/Work/pico-sdk/src/rp2_common/pico_float/float_aeabi_rp2040.S.o
                0x10003ac8                __wrap___aeabi_fcmple
 .text.__wrap___aeabi_fcmpge
                0x10003ad8       0x10 CMakeFiles/tflite_test.dir/home/jslucena/Work/pico-sdk/src/rp2_common/pico_float/float_aeabi_rp2040.S.o
                0x10003ad8                __wrap___aeabi_fcmpge
 .text.__wrap___aeabi_fcmpgt
                0x10003ae8        0xa CMakeFiles/tflite_test.dir/home/jslucena/Work/pico-sdk/src/rp2_common/pico_float/float_aeabi_rp2040.S.o
                0x10003ae8                __wrap___aeabi_fcmpgt
 *fill*         0x10003af2        0x2 
 .text.__wrap___aeabi_i2f
                0x10003af4       0x44 CMakeFiles/tflite_test.dir/home/jslucena/Work/pico-sdk/src/rp2_common/pico_float/float_aeabi_rp2040.S.o
                0x10003af4                int2float
                0x10003af4                __wrap___aeabi_i2f
 .text.__wrap___aeabi_f2iz
                0x10003b38       0x4e CMakeFiles/tflite_test.dir/home/jslucena/Work/pico-sdk/src/rp2_common/pico_float/float_aeabi_rp2040.S.o
                0x10003b38                __wrap___aeabi_f2iz
                0x10003b38                float2int_z
 *fill*         0x10003b86        0x2 
 .text.float2int
                0x10003b88       0x14 CMakeFiles/tflite_test.dir/home/jslucena/Work/pico-sdk/src/rp2_common/pico_float/float_aeabi_rp2040.S.o
                0x10003b88                float2int
 .text.__wrap___aeabi_f2uiz
                0x10003b9c        0xc CMakeFiles/tflite_test.dir/home/jslucena/Work/pico-sdk/src/rp2_common/pico_float/float_aeabi_rp2040.S.o
                0x10003b9c                float2uint_z
                0x10003b9c                __wrap___aeabi_f2uiz
 .text.__wrap___aeabi_f2d
                0x10003ba8       0x14 CMakeFiles/tflite_test.dir/home/jslucena/Work/pico-sdk/src/rp2_common/pico_float/float_aeabi_rp2040.S.o
                0x10003ba8                __wrap___aeabi_f2d
 .text.__wrap_expf
                0x10003bbc        0xc CMakeFiles/tflite_test.dir/home/jslucena/Work/pico-sdk/src/rp2_common/pico_float/float_aeabi_rp2040.S.o
                0x10003bbc                __wrap_expf
 .text.__wrap_logf
                0x10003bc8        0xc CMakeFiles/tflite_test.dir/home/jslucena/Work/pico-sdk/src/rp2_common/pico_float/float_aeabi_rp2040.S.o
                0x10003bc8                __wrap_logf
 .text.__aeabi_float_init
                0x10003bd4       0x64 CMakeFiles/tflite_test.dir/home/jslucena/Work/pico-sdk/src/rp2_common/pico_float/float_init_rom_rp2040.c.o
                0x10003bd4                __aeabi_float_init
 .text.__wrap_roundf
                0x10003c38       0x38 CMakeFiles/tflite_test.dir/home/jslucena/Work/pico-sdk/src/rp2_common/pico_float/float_math.c.o
                0x10003c38                __wrap_roundf
 .text.__wrap_ceilf
                0x10003c70       0x44 CMakeFiles/tflite_test.dir/home/jslucena/Work/pico-sdk/src/rp2_common/pico_float/float_math.c.o
                0x10003c70                __wrap_ceilf
 .text.float_table_shim_on_use_helper
                0x10003cb4       0x2c CMakeFiles/tflite_test.dir/home/jslucena/Work/pico-sdk/src/rp2_common/pico_float/float_v1_rom_shim_rp2040.S.o
                0x10003cb4                float_table_shim_on_use_helper
 .text.float232_shims
                0x10003ce0       0x18 CMakeFiles/tflite_test.dir/home/jslucena/Work/pico-sdk/src/rp2_common/pico_float/float_v1_rom_shim_rp2040.S.o
                0x10003ce0                float2int_shim
                0x10003ce2                float2fix_shim
 .text.float2double_shim
                0x10003cf8       0x30 CMakeFiles/tflite_test.dir/home/jslucena/Work/pico-sdk/src/rp2_common/pico_float/float_v1_rom_shim_rp2040.S.o
                0x10003cf8                float2double_shim
 .text.__wrap_malloc
                0x10003d28       0x24 CMakeFiles/tflite_test.dir/home/jslucena/Work/pico-sdk/src/rp2_common/pico_malloc/malloc.c.o
                0x10003d28                __wrap_malloc
 .text.__wrap_realloc
                0x10003d4c       0x24 CMakeFiles/tflite_test.dir/home/jslucena/Work/pico-sdk/src/rp2_common/pico_malloc/malloc.c.o
                0x10003d4c                __wrap_realloc
 .text.__wrap_free
                0x10003d70        0x8 CMakeFiles/tflite_test.dir/home/jslucena/Work/pico-sdk/src/rp2_common/pico_malloc/malloc.c.o
                0x10003d70                __wrap_free
 .text          0x10003d78       0x10 CMakeFiles/tflite_test.dir/home/jslucena/Work/pico-sdk/src/rp2_common/pico_mem_ops/mem_ops_aeabi.S.o
                0x10003d78                __aeabi_mem_init
 .text.memset   0x10003d88        0xc CMakeFiles/tflite_test.dir/home/jslucena/Work/pico-sdk/src/rp2_common/pico_mem_ops/mem_ops_aeabi.S.o
                0x10003d88                __wrap_memset
 .text.memcpy   0x10003d94        0xc CMakeFiles/tflite_test.dir/home/jslucena/Work/pico-sdk/src/rp2_common/pico_mem_ops/mem_ops_aeabi.S.o
                0x10003d94                __wrap___aeabi_memcpy
                0x10003d94                __wrap_memcpy
 .text._ZdlPvj  0x10003da0        0x8 CMakeFiles/tflite_test.dir/home/jslucena/Work/pico-sdk/src/rp2_common/pico_cxx_options/new_delete.cpp.o
                0x10003da0                operator delete(void*, unsigned int)
 .text._out_buffer
                0x10003da8        0x8 CMakeFiles/tflite_test.dir/home/jslucena/Work/pico-sdk/src/rp2_common/pico_printf/printf.c.o
 .text._out_null
                0x10003db0        0x4 CMakeFiles/tflite_test.dir/home/jslucena/Work/pico-sdk/src/rp2_common/pico_printf/printf.c.o
 .text._out_rev
                0x10003db4       0xac CMakeFiles/tflite_test.dir/home/jslucena/Work/pico-sdk/src/rp2_common/pico_printf/printf.c.o
 .text._ntoa_format
                0x10003e60      0x1cc CMakeFiles/tflite_test.dir/home/jslucena/Work/pico-sdk/src/rp2_common/pico_printf/printf.c.o
 .text._out_char
                0x1000402c       0x10 CMakeFiles/tflite_test.dir/home/jslucena/Work/pico-sdk/src/rp2_common/pico_printf/printf.c.o
 .text._out_fct
                0x1000403c       0x10 CMakeFiles/tflite_test.dir/home/jslucena/Work/pico-sdk/src/rp2_common/pico_printf/printf.c.o
 .text._ftoa    0x1000404c      0x4a8 CMakeFiles/tflite_test.dir/home/jslucena/Work/pico-sdk/src/rp2_common/pico_printf/printf.c.o
 .text._etoa    0x100044f4      0x57c CMakeFiles/tflite_test.dir/home/jslucena/Work/pico-sdk/src/rp2_common/pico_printf/printf.c.o
 .text._vsnprintf
                0x10004a70      0xbe0 CMakeFiles/tflite_test.dir/home/jslucena/Work/pico-sdk/src/rp2_common/pico_printf/printf.c.o
 .text.__wrap_sprintf
                0x10005650       0x2c CMakeFiles/tflite_test.dir/home/jslucena/Work/pico-sdk/src/rp2_common/pico_printf/printf.c.o
                0x10005650                __wrap_sprintf
 .text.__wrap_vsnprintf
                0x1000567c       0x1c CMakeFiles/tflite_test.dir/home/jslucena/Work/pico-sdk/src/rp2_common/pico_printf/printf.c.o
                0x1000567c                __wrap_vsnprintf
 .text.vfctprintf
                0x10005698       0x24 CMakeFiles/tflite_test.dir/home/jslucena/Work/pico-sdk/src/rp2_common/pico_printf/printf.c.o
                0x10005698                vfctprintf
 .text.weak_raw_printf
                0x100056bc       0x40 CMakeFiles/tflite_test.dir/home/jslucena/Work/pico-sdk/src/rp2_common/pico_printf/printf.c.o
                0x100056bc                weak_raw_printf
 .text.weak_raw_vprintf
                0x100056fc       0x30 CMakeFiles/tflite_test.dir/home/jslucena/Work/pico-sdk/src/rp2_common/pico_printf/printf.c.o
                0x100056fc                weak_raw_vprintf
 .text._exit    0x1000572c        0x4 CMakeFiles/tflite_test.dir/home/jslucena/Work/pico-sdk/src/rp2_common/pico_clib_interface/newlib_interface.c.o
                0x1000572c                _exit
 .text._sbrk    0x10005730       0x34 CMakeFiles/tflite_test.dir/home/jslucena/Work/pico-sdk/src/rp2_common/pico_clib_interface/newlib_interface.c.o
                0x10005730                _sbrk
 .text._getpid  0x10005764        0x4 CMakeFiles/tflite_test.dir/home/jslucena/Work/pico-sdk/src/rp2_common/pico_clib_interface/newlib_interface.c.o
                0x10005764                _getpid
 .text._kill    0x10005768        0x8 CMakeFiles/tflite_test.dir/home/jslucena/Work/pico-sdk/src/rp2_common/pico_clib_interface/newlib_interface.c.o
                0x10005768                _kill
 .text._read    0x10005770       0x24 CMakeFiles/tflite_test.dir/home/jslucena/Work/pico-sdk/src/rp2_common/pico_clib_interface/newlib_interface.c.o
                0x10005770                _read
 .text._write   0x10005794       0x24 CMakeFiles/tflite_test.dir/home/jslucena/Work/pico-sdk/src/rp2_common/pico_clib_interface/newlib_interface.c.o
                0x10005794                _write
 .text._close   0x100057b8        0x8 CMakeFiles/tflite_test.dir/home/jslucena/Work/pico-sdk/src/rp2_common/pico_clib_interface/newlib_interface.c.o
                0x100057b8                _close
 .text._lseek   0x100057c0        0x8 CMakeFiles/tflite_test.dir/home/jslucena/Work/pico-sdk/src/rp2_common/pico_clib_interface/newlib_interface.c.o
                0x100057c0                _lseek
 .text._fstat   0x100057c8        0x8 CMakeFiles/tflite_test.dir/home/jslucena/Work/pico-sdk/src/rp2_common/pico_clib_interface/newlib_interface.c.o
                0x100057c8                _fstat
 .text._isatty  0x100057d0        0xc CMakeFiles/tflite_test.dir/home/jslucena/Work/pico-sdk/src/rp2_common/pico_clib_interface/newlib_interface.c.o
                0x100057d0                _isatty
 .text.exit     0x100057dc        0x8 CMakeFiles/tflite_test.dir/home/jslucena/Work/pico-sdk/src/rp2_common/pico_clib_interface/newlib_interface.c.o
                0x100057dc                exit
 .text.__assert_func
                0x100057e4       0x38 CMakeFiles/tflite_test.dir/home/jslucena/Work/pico-sdk/src/rp2_common/pico_clib_interface/newlib_interface.c.o
                0x100057e4                __assert_func
 .text.runtime_init
                0x1000581c       0x2c CMakeFiles/tflite_test.dir/home/jslucena/Work/pico-sdk/src/rp2_common/pico_clib_interface/newlib_interface.c.o
                0x1000581c                runtime_init
 .text.stdio_out_chars_no_crlf
                0x10005848       0x10 CMakeFiles/tflite_test.dir/home/jslucena/Work/pico-sdk/src/rp2_common/pico_stdio/stdio.c.o
 .text.stdio_out_chars_crlf
                0x10005858       0xb0 CMakeFiles/tflite_test.dir/home/jslucena/Work/pico-sdk/src/rp2_common/pico_stdio/stdio.c.o
 .text.stdio_buffered_printer
                0x10005908       0x64 CMakeFiles/tflite_test.dir/home/jslucena/Work/pico-sdk/src/rp2_common/pico_stdio/stdio.c.o
 .text.stdio_put_string
                0x1000596c       0xfc CMakeFiles/tflite_test.dir/home/jslucena/Work/pico-sdk/src/rp2_common/pico_stdio/stdio.c.o
                0x1000596c                stdio_put_string
 .text.stdio_get_until
                0x10005a68       0x84 CMakeFiles/tflite_test.dir/home/jslucena/Work/pico-sdk/src/rp2_common/pico_stdio/stdio.c.o
                0x10005a68                stdio_get_until
 .text.stdio_set_driver_enabled
                0x10005aec       0x30 CMakeFiles/tflite_test.dir/home/jslucena/Work/pico-sdk/src/rp2_common/pico_stdio/stdio.c.o
                0x10005aec                stdio_set_driver_enabled
 .text.stdio_flush
                0x10005b1c       0x28 CMakeFiles/tflite_test.dir/home/jslucena/Work/pico-sdk/src/rp2_common/pico_stdio/stdio.c.o
                0x10005b1c                stdio_flush
 .text.stdio_init_all
                0x10005b44        0x8 CMakeFiles/tflite_test.dir/home/jslucena/Work/pico-sdk/src/rp2_common/pico_stdio/stdio.c.o
                0x10005b44                stdio_init_all
 .text.stdio_getchar_timeout_us
                0x10005b4c       0x98 CMakeFiles/tflite_test.dir/home/jslucena/Work/pico-sdk/src/rp2_common/pico_stdio/stdio.c.o
                0x10005b4c                stdio_getchar_timeout_us
 .text.__wrap_putchar
                0x10005be4       0x94 CMakeFiles/tflite_test.dir/home/jslucena/Work/pico-sdk/src/rp2_common/pico_stdio/stdio.c.o
                0x10005be4                stdio_putchar
                0x10005be4                __wrap_putchar
 .text.__wrap_puts
                0x10005c78       0x3c CMakeFiles/tflite_test.dir/home/jslucena/Work/pico-sdk/src/rp2_common/pico_stdio/stdio.c.o
                0x10005c78                __wrap_puts
                0x10005c78                stdio_puts
 .text.__wrap_vprintf
                0x10005cb4       0xcc CMakeFiles/tflite_test.dir/home/jslucena/Work/pico-sdk/src/rp2_common/pico_stdio/stdio.c.o
                0x10005cb4                __wrap_vprintf
                0x10005cb4                stdio_vprintf
 .text.__wrap_printf
                0x10005d80       0x18 CMakeFiles/tflite_test.dir/home/jslucena/Work/pico-sdk/src/rp2_common/pico_stdio/stdio.c.o
                0x10005d80                stdio_printf
                0x10005d80                __wrap_printf
 .text.resetd_init
                0x10005d98        0x4 CMakeFiles/tflite_test.dir/home/jslucena/Work/pico-sdk/src/rp2_common/pico_stdio_usb/reset_interface.c.o
 .text.resetd_reset
                0x10005d9c        0xc CMakeFiles/tflite_test.dir/home/jslucena/Work/pico-sdk/src/rp2_common/pico_stdio_usb/reset_interface.c.o
 .text.resetd_open
                0x10005da8       0x28 CMakeFiles/tflite_test.dir/home/jslucena/Work/pico-sdk/src/rp2_common/pico_stdio_usb/reset_interface.c.o
 .text.resetd_xfer_cb
                0x10005dd0        0x4 CMakeFiles/tflite_test.dir/home/jslucena/Work/pico-sdk/src/rp2_common/pico_stdio_usb/reset_interface.c.o
 .text.resetd_control_xfer_cb
                0x10005dd4       0x54 CMakeFiles/tflite_test.dir/home/jslucena/Work/pico-sdk/src/rp2_common/pico_stdio_usb/reset_interface.c.o
 .text.tud_descriptor_bos_cb
                0x10005e28        0x8 CMakeFiles/tflite_test.dir/home/jslucena/Work/pico-sdk/src/rp2_common/pico_stdio_usb/reset_interface.c.o
                0x10005e28                tud_descriptor_bos_cb
 .text.tud_vendor_control_xfer_cb
                0x10005e30       0x34 CMakeFiles/tflite_test.dir/home/jslucena/Work/pico-sdk/src/rp2_common/pico_stdio_usb/reset_interface.c.o
                0x10005e30                tud_vendor_control_xfer_cb
 .text.usbd_app_driver_get_cb
                0x10005e64        0xc CMakeFiles/tflite_test.dir/home/jslucena/Work/pico-sdk/src/rp2_common/pico_stdio_usb/reset_interface.c.o
                0x10005e64                usbd_app_driver_get_cb
 .text.tud_cdc_line_coding_cb
                0x10005e70       0x2c CMakeFiles/tflite_test.dir/home/jslucena/Work/pico-sdk/src/rp2_common/pico_stdio_usb/reset_interface.c.o
                0x10005e70                tud_cdc_line_coding_cb
 .text.stdio_usb_set_chars_available_callback
                0x10005e9c       0x14 CMakeFiles/tflite_test.dir/home/jslucena/Work/pico-sdk/src/rp2_common/pico_stdio_usb/stdio_usb.c.o
                0x10005e9c                stdio_usb_set_chars_available_callback
 .text.usb_irq  0x10005eb0       0x10 CMakeFiles/tflite_test.dir/home/jslucena/Work/pico-sdk/src/rp2_common/pico_stdio_usb/stdio_usb.c.o
 .text.timer_task
                0x10005ec0       0x64 CMakeFiles/tflite_test.dir/home/jslucena/Work/pico-sdk/src/rp2_common/pico_stdio_usb/stdio_usb.c.o
 .text.stdio_usb_in_chars
                0x10005f24       0x8c CMakeFiles/tflite_test.dir/home/jslucena/Work/pico-sdk/src/rp2_common/pico_stdio_usb/stdio_usb.c.o
                0x10005f24                stdio_usb_in_chars
 .text.stdio_usb_out_flush
                0x10005fb0       0x4c CMakeFiles/tflite_test.dir/home/jslucena/Work/pico-sdk/src/rp2_common/pico_stdio_usb/stdio_usb.c.o
 .text.stdio_usb_out_chars
                0x10005ffc      0x100 CMakeFiles/tflite_test.dir/home/jslucena/Work/pico-sdk/src/rp2_common/pico_stdio_usb/stdio_usb.c.o
 .text.low_priority_worker_irq
                0x100060fc       0xc8 CMakeFiles/tflite_test.dir/home/jslucena/Work/pico-sdk/src/rp2_common/pico_stdio_usb/stdio_usb.c.o
 .text.stdio_usb_init
                0x100061c4       0xe4 CMakeFiles/tflite_test.dir/home/jslucena/Work/pico-sdk/src/rp2_common/pico_stdio_usb/stdio_usb.c.o
                0x100061c4                stdio_usb_init
 .text.tud_descriptor_device_cb
                0x100062a8        0x8 CMakeFiles/tflite_test.dir/home/jslucena/Work/pico-sdk/src/rp2_common/pico_stdio_usb/stdio_usb_descriptors.c.o
                0x100062a8                tud_descriptor_device_cb
 .text.tud_descriptor_configuration_cb
                0x100062b0        0x8 CMakeFiles/tflite_test.dir/home/jslucena/Work/pico-sdk/src/rp2_common/pico_stdio_usb/stdio_usb_descriptors.c.o
                0x100062b0                tud_descriptor_configuration_cb
 .text.tud_descriptor_string_cb
                0x100062b8       0x78 CMakeFiles/tflite_test.dir/home/jslucena/Work/pico-sdk/src/rp2_common/pico_stdio_usb/stdio_usb_descriptors.c.o
                0x100062b8                tud_descriptor_string_cb
 .text.startup._retrieve_unique_id_on_boot
                0x10006330       0x10 CMakeFiles/tflite_test.dir/home/jslucena/Work/pico-sdk/src/rp2_common/pico_unique_id/unique_id.c.o
 .text.pico_get_unique_board_id_string
                0x10006340      0x1a8 CMakeFiles/tflite_test.dir/home/jslucena/Work/pico-sdk/src/rp2_common/pico_unique_id/unique_id.c.o
                0x10006340                pico_get_unique_board_id_string
 .text.flash_get_unique_id
                0x100064e8       0x3c CMakeFiles/tflite_test.dir/home/jslucena/Work/pico-sdk/src/rp2_common/hardware_flash/flash.c.o
                0x100064e8                flash_get_unique_id
 .text.dcd_init
                0x10006524       0x8c CMakeFiles/tflite_test.dir/home/jslucena/Work/pico-sdk/lib/tinyusb/src/portable/raspberrypi/rp2040/dcd_rp2040.c.o
                0x10006524                dcd_init
 .text.dcd_int_enable
                0x100065b0        0xc CMakeFiles/tflite_test.dir/home/jslucena/Work/pico-sdk/lib/tinyusb/src/portable/raspberrypi/rp2040/dcd_rp2040.c.o
                0x100065b0                dcd_int_enable
 .text.dcd_set_address
                0x100065bc       0x14 CMakeFiles/tflite_test.dir/home/jslucena/Work/pico-sdk/lib/tinyusb/src/portable/raspberrypi/rp2040/dcd_rp2040.c.o
                0x100065bc                dcd_set_address
 .text.dcd_sof_enable
                0x100065d0       0x1c CMakeFiles/tflite_test.dir/home/jslucena/Work/pico-sdk/lib/tinyusb/src/portable/raspberrypi/rp2040/dcd_rp2040.c.o
                0x100065d0                dcd_sof_enable
 .text.dcd_edpt0_status_complete
                0x100065ec       0x1c CMakeFiles/tflite_test.dir/home/jslucena/Work/pico-sdk/lib/tinyusb/src/portable/raspberrypi/rp2040/dcd_rp2040.c.o
                0x100065ec                dcd_edpt0_status_complete
 .text.dcd_edpt_open
                0x10006608      0x108 CMakeFiles/tflite_test.dir/home/jslucena/Work/pico-sdk/lib/tinyusb/src/portable/raspberrypi/rp2040/dcd_rp2040.c.o
                0x10006608                dcd_edpt_open
 .text.dcd_edpt_close_all
                0x10006710        0x8 CMakeFiles/tflite_test.dir/home/jslucena/Work/pico-sdk/lib/tinyusb/src/portable/raspberrypi/rp2040/dcd_rp2040.c.o
                0x10006710                dcd_edpt_close_all
 .text.dcd_edpt_xfer
                0x10006718       0x24 CMakeFiles/tflite_test.dir/home/jslucena/Work/pico-sdk/lib/tinyusb/src/portable/raspberrypi/rp2040/dcd_rp2040.c.o
                0x10006718                dcd_edpt_xfer
 .text.dcd_edpt_stall
                0x1000673c       0x3c CMakeFiles/tflite_test.dir/home/jslucena/Work/pico-sdk/lib/tinyusb/src/portable/raspberrypi/rp2040/dcd_rp2040.c.o
                0x1000673c                dcd_edpt_stall
 .text.dcd_edpt_clear_stall
                0x10006778       0x30 CMakeFiles/tflite_test.dir/home/jslucena/Work/pico-sdk/lib/tinyusb/src/portable/raspberrypi/rp2040/dcd_rp2040.c.o
                0x10006778                dcd_edpt_clear_stall
 .text.rp2040_usb_init
                0x100067a8       0x40 CMakeFiles/tflite_test.dir/home/jslucena/Work/pico-sdk/lib/tinyusb/src/portable/raspberrypi/rp2040/rp2040_usb.c.o
                0x100067a8                rp2040_usb_init
 .text.hw_endpoint_xfer_start
                0x100067e8       0x40 CMakeFiles/tflite_test.dir/home/jslucena/Work/pico-sdk/lib/tinyusb/src/portable/raspberrypi/rp2040/rp2040_usb.c.o
                0x100067e8                hw_endpoint_xfer_start
 .text.tud_event_hook_cb
                0x10006828        0x4 CMakeFiles/tflite_test.dir/home/jslucena/Work/pico-sdk/lib/tinyusb/src/device/usbd.c.o
                0x10006828                tud_event_hook_cb
 .text.tud_sof_cb
                0x1000682c        0x4 CMakeFiles/tflite_test.dir/home/jslucena/Work/pico-sdk/lib/tinyusb/src/device/usbd.c.o
                0x1000682c                tud_sof_cb
 .text.tud_descriptor_device_qualifier_cb
                0x10006830        0x4 CMakeFiles/tflite_test.dir/home/jslucena/Work/pico-sdk/lib/tinyusb/src/device/usbd.c.o
                0x10006830                tud_descriptor_device_qualifier_cb
 .text.tud_descriptor_other_speed_configuration_cb
                0x10006834        0x4 CMakeFiles/tflite_test.dir/home/jslucena/Work/pico-sdk/lib/tinyusb/src/device/usbd.c.o
                0x10006834                tud_descriptor_other_speed_configuration_cb
 .text.tud_mount_cb
                0x10006838        0x4 CMakeFiles/tflite_test.dir/home/jslucena/Work/pico-sdk/lib/tinyusb/src/device/usbd.c.o
                0x10006838                tud_mount_cb
 .text.tud_umount_cb
                0x1000683c        0x4 CMakeFiles/tflite_test.dir/home/jslucena/Work/pico-sdk/lib/tinyusb/src/device/usbd.c.o
                0x1000683c                tud_umount_cb
 .text.tud_suspend_cb
                0x10006840        0x4 CMakeFiles/tflite_test.dir/home/jslucena/Work/pico-sdk/lib/tinyusb/src/device/usbd.c.o
                0x10006840                tud_suspend_cb
 .text.tud_resume_cb
                0x10006844        0x4 CMakeFiles/tflite_test.dir/home/jslucena/Work/pico-sdk/lib/tinyusb/src/device/usbd.c.o
                0x10006844                tud_resume_cb
 .text.tud_mounted
                0x10006848       0x10 CMakeFiles/tflite_test.dir/home/jslucena/Work/pico-sdk/lib/tinyusb/src/device/usbd.c.o
                0x10006848                tud_mounted
 .text.tud_suspended
                0x10006858       0x10 CMakeFiles/tflite_test.dir/home/jslucena/Work/pico-sdk/lib/tinyusb/src/device/usbd.c.o
                0x10006858                tud_suspended
 .text.tud_init
                0x10006868       0xe0 CMakeFiles/tflite_test.dir/home/jslucena/Work/pico-sdk/lib/tinyusb/src/device/usbd.c.o
                0x10006868                tud_init
 .text.tud_task_ext
                0x10006948      0x800 CMakeFiles/tflite_test.dir/home/jslucena/Work/pico-sdk/lib/tinyusb/src/device/usbd.c.o
                0x10006948                tud_task_ext
 .text.usbd_open_edpt_pair
                0x10007148       0x9c CMakeFiles/tflite_test.dir/home/jslucena/Work/pico-sdk/lib/tinyusb/src/device/usbd.c.o
                0x10007148                usbd_open_edpt_pair
 .text.usbd_edpt_open
                0x100071e4       0x34 CMakeFiles/tflite_test.dir/home/jslucena/Work/pico-sdk/lib/tinyusb/src/device/usbd.c.o
                0x100071e4                usbd_edpt_open
 .text.usbd_edpt_claim
                0x10007218       0x28 CMakeFiles/tflite_test.dir/home/jslucena/Work/pico-sdk/lib/tinyusb/src/device/usbd.c.o
                0x10007218                usbd_edpt_claim
 .text.usbd_edpt_release
                0x10007240       0x28 CMakeFiles/tflite_test.dir/home/jslucena/Work/pico-sdk/lib/tinyusb/src/device/usbd.c.o
                0x10007240                usbd_edpt_release
 .text.usbd_edpt_xfer
                0x10007268       0x4c CMakeFiles/tflite_test.dir/home/jslucena/Work/pico-sdk/lib/tinyusb/src/device/usbd.c.o
                0x10007268                usbd_edpt_xfer
 .text.tud_control_status
                0x100072b4       0x2c CMakeFiles/tflite_test.dir/home/jslucena/Work/pico-sdk/lib/tinyusb/src/device/usbd_control.c.o
                0x100072b4                tud_control_status
 .text.tud_control_xfer
                0x100072e0       0xa8 CMakeFiles/tflite_test.dir/home/jslucena/Work/pico-sdk/lib/tinyusb/src/device/usbd_control.c.o
                0x100072e0                tud_control_xfer
 .text.usbd_control_reset
                0x10007388       0x14 CMakeFiles/tflite_test.dir/home/jslucena/Work/pico-sdk/lib/tinyusb/src/device/usbd_control.c.o
                0x10007388                usbd_control_reset
 .text.usbd_control_set_complete_callback
                0x1000739c        0xc CMakeFiles/tflite_test.dir/home/jslucena/Work/pico-sdk/lib/tinyusb/src/device/usbd_control.c.o
                0x1000739c                usbd_control_set_complete_callback
 .text.usbd_control_set_request
                0x100073a8       0x1c CMakeFiles/tflite_test.dir/home/jslucena/Work/pico-sdk/lib/tinyusb/src/device/usbd_control.c.o
                0x100073a8                usbd_control_set_request
 .text.usbd_control_xfer_cb
                0x100073c4       0xec CMakeFiles/tflite_test.dir/home/jslucena/Work/pico-sdk/lib/tinyusb/src/device/usbd_control.c.o
                0x100073c4                usbd_control_xfer_cb
 .text._prep_out_transaction.isra.0
                0x100074b0       0x5c CMakeFiles/tflite_test.dir/home/jslucena/Work/pico-sdk/lib/tinyusb/src/class/cdc/cdc_device.c.o
 .text.tud_cdc_n_connected
                0x1000750c       0x30 CMakeFiles/tflite_test.dir/home/jslucena/Work/pico-sdk/lib/tinyusb/src/class/cdc/cdc_device.c.o
                0x1000750c                tud_cdc_n_connected
 .text.tud_cdc_n_available
                0x1000753c       0x18 CMakeFiles/tflite_test.dir/home/jslucena/Work/pico-sdk/lib/tinyusb/src/class/cdc/cdc_device.c.o
                0x1000753c                tud_cdc_n_available
 .text.tud_cdc_n_read
                0x10007554       0x9c CMakeFiles/tflite_test.dir/home/jslucena/Work/pico-sdk/lib/tinyusb/src/class/cdc/cdc_device.c.o
                0x10007554                tud_cdc_n_read
 .text.tud_cdc_n_write_flush
                0x100075f0       0x78 CMakeFiles/tflite_test.dir/home/jslucena/Work/pico-sdk/lib/tinyusb/src/class/cdc/cdc_device.c.o
                0x100075f0                tud_cdc_n_write_flush
 .text.tud_cdc_n_write
                0x10007668       0x40 CMakeFiles/tflite_test.dir/home/jslucena/Work/pico-sdk/lib/tinyusb/src/class/cdc/cdc_device.c.o
                0x10007668                tud_cdc_n_write
 .text.tud_cdc_n_write_available
                0x100076a8       0x18 CMakeFiles/tflite_test.dir/home/jslucena/Work/pico-sdk/lib/tinyusb/src/class/cdc/cdc_device.c.o
                0x100076a8                tud_cdc_n_write_available
 .text.cdcd_init
                0x100076c0       0x7c CMakeFiles/tflite_test.dir/home/jslucena/Work/pico-sdk/lib/tinyusb/src/class/cdc/cdc_device.c.o
                0x100076c0                cdcd_init
 .text.cdcd_deinit
                0x1000773c       0x30 CMakeFiles/tflite_test.dir/home/jslucena/Work/pico-sdk/lib/tinyusb/src/class/cdc/cdc_device.c.o
                0x1000773c                cdcd_deinit
 .text.cdcd_reset
                0x1000776c       0x4c CMakeFiles/tflite_test.dir/home/jslucena/Work/pico-sdk/lib/tinyusb/src/class/cdc/cdc_device.c.o
                0x1000776c                cdcd_reset
 .text.cdcd_open
                0x100077b8       0xb0 CMakeFiles/tflite_test.dir/home/jslucena/Work/pico-sdk/lib/tinyusb/src/class/cdc/cdc_device.c.o
                0x100077b8                cdcd_open
 .text.cdcd_control_xfer_cb
                0x10007868       0xe4 CMakeFiles/tflite_test.dir/home/jslucena/Work/pico-sdk/lib/tinyusb/src/class/cdc/cdc_device.c.o
                0x10007868                cdcd_control_xfer_cb
 .text.cdcd_xfer_cb
                0x1000794c      0x100 CMakeFiles/tflite_test.dir/home/jslucena/Work/pico-sdk/lib/tinyusb/src/class/cdc/cdc_device.c.o
                0x1000794c                cdcd_xfer_cb
 .text.vendord_init
                0x10007a4c       0x5c CMakeFiles/tflite_test.dir/home/jslucena/Work/pico-sdk/lib/tinyusb/src/class/vendor/vendor_device.c.o
                0x10007a4c                vendord_init
 .text.vendord_deinit
                0x10007aa8       0x1c CMakeFiles/tflite_test.dir/home/jslucena/Work/pico-sdk/lib/tinyusb/src/class/vendor/vendor_device.c.o
                0x10007aa8                vendord_deinit
 .text.vendord_reset
                0x10007ac4       0x20 CMakeFiles/tflite_test.dir/home/jslucena/Work/pico-sdk/lib/tinyusb/src/class/vendor/vendor_device.c.o
                0x10007ac4                vendord_reset
 .text.vendord_open
                0x10007ae4      0x128 CMakeFiles/tflite_test.dir/home/jslucena/Work/pico-sdk/lib/tinyusb/src/class/vendor/vendor_device.c.o
                0x10007ae4                vendord_open
 .text.vendord_xfer_cb
                0x10007c0c       0x9c CMakeFiles/tflite_test.dir/home/jslucena/Work/pico-sdk/lib/tinyusb/src/class/vendor/vendor_device.c.o
                0x10007c0c                vendord_xfer_cb
 .text.tusb_init
                0x10007ca8        0xc CMakeFiles/tflite_test.dir/home/jslucena/Work/pico-sdk/lib/tinyusb/src/tusb.c.o
                0x10007ca8                tusb_init
 .text.tu_edpt_claim
                0x10007cb4       0x50 CMakeFiles/tflite_test.dir/home/jslucena/Work/pico-sdk/lib/tinyusb/src/tusb.c.o
                0x10007cb4                tu_edpt_claim
 .text.tu_edpt_release
                0x10007d04       0x38 CMakeFiles/tflite_test.dir/home/jslucena/Work/pico-sdk/lib/tinyusb/src/tusb.c.o
                0x10007d04                tu_edpt_release
 .text.tu_edpt_validate
                0x10007d3c       0x7c CMakeFiles/tflite_test.dir/home/jslucena/Work/pico-sdk/lib/tinyusb/src/tusb.c.o
                0x10007d3c                tu_edpt_validate
 .text.tu_edpt_bind_driver
                0x10007db8       0x34 CMakeFiles/tflite_test.dir/home/jslucena/Work/pico-sdk/lib/tinyusb/src/tusb.c.o
                0x10007db8                tu_edpt_bind_driver
 .text.tu_edpt_stream_init
                0x10007dec       0x6c CMakeFiles/tflite_test.dir/home/jslucena/Work/pico-sdk/lib/tinyusb/src/tusb.c.o
                0x10007dec                tu_edpt_stream_init
 .text.tu_edpt_stream_deinit
                0x10007e58        0x4 CMakeFiles/tflite_test.dir/home/jslucena/Work/pico-sdk/lib/tinyusb/src/tusb.c.o
                0x10007e58                tu_edpt_stream_deinit
 .text.tu_edpt_stream_write_zlp_if_needed
                0x10007e5c       0x68 CMakeFiles/tflite_test.dir/home/jslucena/Work/pico-sdk/lib/tinyusb/src/tusb.c.o
                0x10007e5c                tu_edpt_stream_write_zlp_if_needed
 .text.tu_edpt_stream_write_xfer
                0x10007ec4       0x68 CMakeFiles/tflite_test.dir/home/jslucena/Work/pico-sdk/lib/tinyusb/src/tusb.c.o
                0x10007ec4                tu_edpt_stream_write_xfer
 .text.tu_edpt_stream_read_xfer
                0x10007f2c       0xd8 CMakeFiles/tflite_test.dir/home/jslucena/Work/pico-sdk/lib/tinyusb/src/tusb.c.o
                0x10007f2c                tu_edpt_stream_read_xfer
 .text.tu_fifo_config
                0x10008004       0x6c CMakeFiles/tflite_test.dir/home/jslucena/Work/pico-sdk/lib/tinyusb/src/common/tusb_fifo.c.o
                0x10008004                tu_fifo_config
 .text.tu_fifo_count
                0x10008070       0x2c CMakeFiles/tflite_test.dir/home/jslucena/Work/pico-sdk/lib/tinyusb/src/common/tusb_fifo.c.o
                0x10008070                tu_fifo_count
 .text.tu_fifo_empty
                0x1000809c       0x10 CMakeFiles/tflite_test.dir/home/jslucena/Work/pico-sdk/lib/tinyusb/src/common/tusb_fifo.c.o
                0x1000809c                tu_fifo_empty
 .text.tu_fifo_remaining
                0x100080ac       0x2c CMakeFiles/tflite_test.dir/home/jslucena/Work/pico-sdk/lib/tinyusb/src/common/tusb_fifo.c.o
                0x100080ac                tu_fifo_remaining
 .text.tu_fifo_read
                0x100080d8       0x9c CMakeFiles/tflite_test.dir/home/jslucena/Work/pico-sdk/lib/tinyusb/src/common/tusb_fifo.c.o
                0x100080d8                tu_fifo_read
 .text.tu_fifo_read_n
                0x10008174       0xe8 CMakeFiles/tflite_test.dir/home/jslucena/Work/pico-sdk/lib/tinyusb/src/common/tusb_fifo.c.o
                0x10008174                tu_fifo_read_n
 .text.tu_fifo_write
                0x1000825c       0xa4 CMakeFiles/tflite_test.dir/home/jslucena/Work/pico-sdk/lib/tinyusb/src/common/tusb_fifo.c.o
                0x1000825c                tu_fifo_write
 .text.tu_fifo_write_n
                0x10008300      0x178 CMakeFiles/tflite_test.dir/home/jslucena/Work/pico-sdk/lib/tinyusb/src/common/tusb_fifo.c.o
                0x10008300                tu_fifo_write_n
 .text.tu_fifo_clear
                0x10008478       0x40 CMakeFiles/tflite_test.dir/home/jslucena/Work/pico-sdk/lib/tinyusb/src/common/tusb_fifo.c.o
                0x10008478                tu_fifo_clear
 .text.tu_fifo_set_overwritable
                0x100084b8       0x48 CMakeFiles/tflite_test.dir/home/jslucena/Work/pico-sdk/lib/tinyusb/src/common/tusb_fifo.c.o
                0x100084b8                tu_fifo_set_overwritable
 .text._ZN6tflite12_GLOBAL__N_125MicroBuiltinDataAllocator8AllocateEjj
                0x10008500        0xc /home/jslucena/Work/tflite-micro/gen/cortex_m_generic_cortex-m0plus_default_gcc/lib/libtensorflow-microlite.a(micro_allocator.o)
 .text._ZN6tflite12_GLOBAL__N_125MicroBuiltinDataAllocator10DeallocateEPv
                0x1000850c        0x2 /home/jslucena/Work/tflite-micro/gen/cortex_m_generic_cortex-m0plus_default_gcc/lib/libtensorflow-microlite.a(micro_allocator.o)
 .text._ZN6tflite14MicroAllocatorD0Ev
                0x1000850e        0x2 /home/jslucena/Work/tflite-micro/gen/cortex_m_generic_cortex-m0plus_default_gcc/lib/libtensorflow-microlite.a(micro_allocator.o)
                0x1000850e                tflite::MicroAllocator::~MicroAllocator()
                0x1000850e                tflite::MicroAllocator::~MicroAllocator()
                0x1000850e                tflite::MicroAllocator::~MicroAllocator()
 .text._ZN6tflite14MicroAllocator24AllocatePersistentBufferEj
                0x10008510        0xe /home/jslucena/Work/tflite-micro/gen/cortex_m_generic_cortex-m0plus_default_gcc/lib/libtensorflow-microlite.a(micro_allocator.o)
                0x10008510                tflite::MicroAllocator::AllocatePersistentBuffer(unsigned int)
 .text._ZN6tflite14MicroAllocator18AllocateTempBufferEjj
                0x1000851e        0xc /home/jslucena/Work/tflite-micro/gen/cortex_m_generic_cortex-m0plus_default_gcc/lib/libtensorflow-microlite.a(micro_allocator.o)
                0x1000851e                tflite::MicroAllocator::AllocateTempBuffer(unsigned int, unsigned int)
 .text._ZN6tflite14MicroAllocator20DeallocateTempBufferEPh
                0x1000852a        0xc /home/jslucena/Work/tflite-micro/gen/cortex_m_generic_cortex-m0plus_default_gcc/lib/libtensorflow-microlite.a(micro_allocator.o)
                0x1000852a                tflite::MicroAllocator::DeallocateTempBuffer(unsigned char*)
 .text._ZN6tflite14MicroAllocator20ResetTempAllocationsEv
                0x10008536        0xc /home/jslucena/Work/tflite-micro/gen/cortex_m_generic_cortex-m0plus_default_gcc/lib/libtensorflow-microlite.a(micro_allocator.o)
                0x10008536                tflite::MicroAllocator::ResetTempAllocations()
 .text._ZN6tflite14MicroAllocator20IsAllTempDeallocatedEv
                0x10008542        0xc /home/jslucena/Work/tflite-micro/gen/cortex_m_generic_cortex-m0plus_default_gcc/lib/libtensorflow-microlite.a(micro_allocator.o)
                0x10008542                tflite::MicroAllocator::IsAllTempDeallocated()
 .text._ZN6tflite14MicroAllocator38AllocatePersistentTfLiteTensorInternalEv
                0x1000854e       0x10 /home/jslucena/Work/tflite-micro/gen/cortex_m_generic_cortex-m0plus_default_gcc/lib/libtensorflow-microlite.a(micro_allocator.o)
                0x1000854e                tflite::MicroAllocator::AllocatePersistentTfLiteTensorInternal()
 .text._ZN6tflite12_GLOBAL__N_125MicroBuiltinDataAllocatorD0Ev
                0x1000855e        0x2 /home/jslucena/Work/tflite-micro/gen/cortex_m_generic_cortex-m0plus_default_gcc/lib/libtensorflow-microlite.a(micro_allocator.o)
 .text._ZNK11flatbuffers5Table22GetOptionalFieldOffsetEt
                0x10008560       0x10 /home/jslucena/Work/tflite-micro/gen/cortex_m_generic_cortex-m0plus_default_gcc/lib/libtensorflow-microlite.a(micro_allocator.o)
                0x10008560                flatbuffers::Table::GetOptionalFieldOffset(unsigned short) const
 .text._ZNK6tflite22QuantizationParameters5scaleEv
                0x10008570       0x16 /home/jslucena/Work/tflite-micro/gen/cortex_m_generic_cortex-m0plus_default_gcc/lib/libtensorflow-microlite.a(micro_allocator.o)
                0x10008570                tflite::QuantizationParameters::scale() const
 .text._ZNK6tflite22QuantizationParameters10zero_pointEv
                0x10008586       0x16 /home/jslucena/Work/tflite-micro/gen/cortex_m_generic_cortex-m0plus_default_gcc/lib/libtensorflow-microlite.a(micro_allocator.o)
                0x10008586                tflite::QuantizationParameters::zero_point() const
 .text._ZNK6tflite6Tensor4typeEv
                0x1000859c       0x16 /home/jslucena/Work/tflite-micro/gen/cortex_m_generic_cortex-m0plus_default_gcc/lib/libtensorflow-microlite.a(micro_allocator.o)
                0x1000859c                tflite::Tensor::type() const
 .text._ZNK6tflite6Tensor11is_variableEv
                0x100085b2       0x1a /home/jslucena/Work/tflite-micro/gen/cortex_m_generic_cortex-m0plus_default_gcc/lib/libtensorflow-microlite.a(micro_allocator.o)
                0x100085b2                tflite::Tensor::is_variable() const
 .text._ZNK6tflite8SubGraph7tensorsEv
                0x100085cc       0x16 /home/jslucena/Work/tflite-micro/gen/cortex_m_generic_cortex-m0plus_default_gcc/lib/libtensorflow-microlite.a(micro_allocator.o)
                0x100085cc                tflite::SubGraph::tensors() const
 .text._ZNK6tflite5Model9subgraphsEv
                0x100085e2       0x16 /home/jslucena/Work/tflite-micro/gen/cortex_m_generic_cortex-m0plus_default_gcc/lib/libtensorflow-microlite.a(micro_allocator.o)
                0x100085e2                tflite::Model::subgraphs() const
 .text._Z9AbortImplv
                0x100085f8       0x10 /home/jslucena/Work/tflite-micro/gen/cortex_m_generic_cortex-m0plus_default_gcc/lib/libtensorflow-microlite.a(micro_allocator.o)
                0x100085f8                AbortImpl()
 .text._ZN6tflite14MicroAllocator26DeallocateTempTfLiteTensorEP12TfLiteTensor
                0x10008608       0x42 /home/jslucena/Work/tflite-micro/gen/cortex_m_generic_cortex-m0plus_default_gcc/lib/libtensorflow-microlite.a(micro_allocator.o)
                0x10008608                tflite::MicroAllocator::DeallocateTempTfLiteTensor(TfLiteTensor*)
 .text._ZN6tflite14MicroAllocator28AllocateScratchBufferHandlesEPPNS_19ScratchBufferHandleEj
                0x1000864a       0x22 /home/jslucena/Work/tflite-micro/gen/cortex_m_generic_cortex-m0plus_default_gcc/lib/libtensorflow-microlite.a(micro_allocator.o)
                0x1000864a                tflite::MicroAllocator::AllocateScratchBufferHandles(tflite::ScratchBufferHandle**, unsigned int)
 .text._ZN6tflite8internal25GetFlatbufferTensorBufferERKNS_6TensorEPKN11flatbuffers6VectorINS4_6OffsetINS_6BufferEEEmEE
                0x1000866c       0x58 /home/jslucena/Work/tflite-micro/gen/cortex_m_generic_cortex-m0plus_default_gcc/lib/libtensorflow-microlite.a(micro_allocator.o)
                0x1000866c                tflite::internal::GetFlatbufferTensorBuffer(tflite::Tensor const&, flatbuffers::Vector<flatbuffers::Offset<tflite::Buffer>, unsigned long> const*)
 .text._ZN6tflite8internal40InitializeTfLiteEvalTensorFromFlatbufferERKNS_6TensorEPKN11flatbuffers6VectorINS4_6OffsetINS_6BufferEEEmEEP16TfLiteEvalTensor
                0x100086c4       0x54 /home/jslucena/Work/tflite-micro/gen/cortex_m_generic_cortex-m0plus_default_gcc/lib/libtensorflow-microlite.a(micro_allocator.o)
                0x100086c4                tflite::internal::InitializeTfLiteEvalTensorFromFlatbuffer(tflite::Tensor const&, flatbuffers::Vector<flatbuffers::Offset<tflite::Buffer>, unsigned long> const*, TfLiteEvalTensor*)
 .text._ZN6tflite14MicroAllocator6CreateEPNS_26SingleArenaBufferAllocatorEPNS_18MicroMemoryPlannerE
                0x10008718       0x3c /home/jslucena/Work/tflite-micro/gen/cortex_m_generic_cortex-m0plus_default_gcc/lib/libtensorflow-microlite.a(micro_allocator.o)
                0x10008718                tflite::MicroAllocator::Create(tflite::SingleArenaBufferAllocator*, tflite::MicroMemoryPlanner*)
 .text._ZN6tflite14MicroAllocator6CreateEPhjNS_17MemoryPlannerTypeE
                0x10008754       0x58 /home/jslucena/Work/tflite-micro/gen/cortex_m_generic_cortex-m0plus_default_gcc/lib/libtensorflow-microlite.a(micro_allocator.o)
                0x10008754                tflite::MicroAllocator::Create(unsigned char*, unsigned int, tflite::MemoryPlannerType)
 .text._ZN6tflite14MicroAllocator21FinishModelAllocationEPKNS_5ModelEPNS_19SubgraphAllocationsEPPNS_19ScratchBufferHandleE
                0x100087ac       0x44 /home/jslucena/Work/tflite-micro/gen/cortex_m_generic_cortex-m0plus_default_gcc/lib/libtensorflow-microlite.a(micro_allocator.o)
                0x100087ac                tflite::MicroAllocator::FinishModelAllocation(tflite::Model const*, tflite::SubgraphAllocations*, tflite::ScratchBufferHandle**)
 .text._ZNK6tflite14MicroAllocator10used_bytesEv
                0x100087f0       0x1a /home/jslucena/Work/tflite-micro/gen/cortex_m_generic_cortex-m0plus_default_gcc/lib/libtensorflow-microlite.a(micro_allocator.o)
                0x100087f0                tflite::MicroAllocator::used_bytes() const
 .text._ZN6tflite14MicroAllocator21InitScratchBufferDataEv
                0x1000880a       0x1e /home/jslucena/Work/tflite-micro/gen/cortex_m_generic_cortex-m0plus_default_gcc/lib/libtensorflow-microlite.a(micro_allocator.o)
                0x1000880a                tflite::MicroAllocator::InitScratchBufferData()
 .text._ZN6tflite14MicroAllocator20StartModelAllocationEPKNS_5ModelE
                0x10008828       0x8c /home/jslucena/Work/tflite-micro/gen/cortex_m_generic_cortex-m0plus_default_gcc/lib/libtensorflow-microlite.a(micro_allocator.o)
                0x10008828                tflite::MicroAllocator::StartModelAllocation(tflite::Model const*)
 .text._ZN6tflite14MicroAllocator24GetScratchBufferRequestsEv
                0x100088b4        0xc /home/jslucena/Work/tflite-micro/gen/cortex_m_generic_cortex-m0plus_default_gcc/lib/libtensorflow-microlite.a(micro_allocator.o)
                0x100088b4                tflite::MicroAllocator::GetScratchBufferRequests()
 .text._ZN6tflite14MicroAllocator27RequestScratchBufferInArenaEjiPi
                0x100088c0       0x60 /home/jslucena/Work/tflite-micro/gen/cortex_m_generic_cortex-m0plus_default_gcc/lib/libtensorflow-microlite.a(micro_allocator.o)
                0x100088c0                tflite::MicroAllocator::RequestScratchBufferInArena(unsigned int, int, int*)
 .text._ZN6tflite14MicroAllocator28FinishPrepareNodeAllocationsEi
                0x10008920       0x3e /home/jslucena/Work/tflite-micro/gen/cortex_m_generic_cortex-m0plus_default_gcc/lib/libtensorflow-microlite.a(micro_allocator.o)
                0x10008920                tflite::MicroAllocator::FinishPrepareNodeAllocations(int)
 .text._ZN6tflite14MicroAllocator23GetBuiltinDataAllocatorEv
                0x1000895e        0x4 /home/jslucena/Work/tflite-micro/gen/cortex_m_generic_cortex-m0plus_default_gcc/lib/libtensorflow-microlite.a(micro_allocator.o)
                0x1000895e                tflite::MicroAllocator::GetBuiltinDataAllocator()
 *fill*         0x10008962        0x2 
 .text._ZNK11flatbuffers6VectorIxmE3GetEm
                0x10008964       0x2c /home/jslucena/Work/tflite-micro/gen/cortex_m_generic_cortex-m0plus_default_gcc/lib/libtensorflow-microlite.a(micro_allocator.o)
                0x10008964                flatbuffers::Vector<long long, unsigned long>::Get(unsigned long) const
 .text._ZN6tflite8internal36InitializeTfLiteTensorFromFlatbufferEPNS_26IPersistentBufferAllocatorEPNS_29INonPersistentBufferAllocatorEbRKNS_6TensorEPKN11flatbuffers6VectorINS8_6OffsetINS_6BufferEEEmEEP12TfLiteTensor
                0x10008990      0x1a4 /home/jslucena/Work/tflite-micro/gen/cortex_m_generic_cortex-m0plus_default_gcc/lib/libtensorflow-microlite.a(micro_allocator.o)
                0x10008990                tflite::internal::InitializeTfLiteTensorFromFlatbuffer(tflite::IPersistentBufferAllocator*, tflite::INonPersistentBufferAllocator*, bool, tflite::Tensor const&, flatbuffers::Vector<flatbuffers::Offset<tflite::Buffer>, unsigned long> const*, TfLiteTensor*)
 .text._ZNK11flatbuffers6VectorINS_6OffsetIN6tflite6TensorEEEmE3GetEm
                0x10008b34       0x2c /home/jslucena/Work/tflite-micro/gen/cortex_m_generic_cortex-m0plus_default_gcc/lib/libtensorflow-microlite.a(micro_allocator.o)
                0x10008b34                flatbuffers::Vector<flatbuffers::Offset<tflite::Tensor>, unsigned long>::Get(unsigned long) const
 .text._ZN6tflite14MicroAllocator17AllocateVariablesEPKNS_8SubGraphEP16TfLiteEvalTensorPKl
                0x10008b60       0x70 /home/jslucena/Work/tflite-micro/gen/cortex_m_generic_cortex-m0plus_default_gcc/lib/libtensorflow-microlite.a(micro_allocator.o)
                0x10008b60                tflite::MicroAllocator::AllocateVariables(tflite::SubGraph const*, TfLiteEvalTensor*, long const*)
 .text._ZNK11flatbuffers6VectorINS_6OffsetIN6tflite8SubGraphEEEmE3GetEm
                0x10008bd0       0x2c /home/jslucena/Work/tflite-micro/gen/cortex_m_generic_cortex-m0plus_default_gcc/lib/libtensorflow-microlite.a(micro_allocator.o)
                0x10008bd0                flatbuffers::Vector<flatbuffers::Offset<tflite::SubGraph>, unsigned long>::Get(unsigned long) const
 .text._ZN6tflite14MicroAllocator28AllocateNodeAndRegistrationsEPKNS_5ModelEPNS_19SubgraphAllocationsE
                0x10008bfc       0x58 /home/jslucena/Work/tflite-micro/gen/cortex_m_generic_cortex-m0plus_default_gcc/lib/libtensorflow-microlite.a(micro_allocator.o)
                0x10008bfc                tflite::MicroAllocator::AllocateNodeAndRegistrations(tflite::Model const*, tflite::SubgraphAllocations*)
 .text._ZN6tflite14MicroAllocator30AllocatePersistentTfLiteTensorEPKNS_5ModelEPKNS_19SubgraphAllocationsEii
                0x10008c54       0x80 /home/jslucena/Work/tflite-micro/gen/cortex_m_generic_cortex-m0plus_default_gcc/lib/libtensorflow-microlite.a(micro_allocator.o)
                0x10008c54                tflite::MicroAllocator::AllocatePersistentTfLiteTensor(tflite::Model const*, tflite::SubgraphAllocations const*, int, int)
 .text._ZN6tflite14MicroAllocator24AllocateTempTfLiteTensorEPKNS_5ModelEPKNS_19SubgraphAllocationsEii
                0x10008cd4       0x7c /home/jslucena/Work/tflite-micro/gen/cortex_m_generic_cortex-m0plus_default_gcc/lib/libtensorflow-microlite.a(micro_allocator.o)
                0x10008cd4                tflite::MicroAllocator::AllocateTempTfLiteTensor(tflite::Model const*, tflite::SubgraphAllocations const*, int, int)
 .text._ZN6tflite14MicroAllocator22CommitStaticMemoryPlanEPKNS_5ModelEPNS_19SubgraphAllocationsEPNS_19ScratchBufferHandleE
                0x10008d50      0x1be /home/jslucena/Work/tflite-micro/gen/cortex_m_generic_cortex-m0plus_default_gcc/lib/libtensorflow-microlite.a(micro_allocator.o)
                0x10008d50                tflite::MicroAllocator::CommitStaticMemoryPlan(tflite::Model const*, tflite::SubgraphAllocations*, tflite::ScratchBufferHandle*)
 .text._ZN6tflite14MicroAllocator34PopulateTfLiteTensorFromFlatbufferEPKNS_5ModelEP12TfLiteTensoriib
                0x10008f0e       0x58 /home/jslucena/Work/tflite-micro/gen/cortex_m_generic_cortex-m0plus_default_gcc/lib/libtensorflow-microlite.a(micro_allocator.o)
                0x10008f0e                tflite::MicroAllocator::PopulateTfLiteTensorFromFlatbuffer(tflite::Model const*, TfLiteTensor*, int, int, bool)
 *fill*         0x10008f66        0x2 
 .text._ZN6tflite14MicroAllocator25AllocateTfLiteEvalTensorsEPKNS_5ModelEPNS_19SubgraphAllocationsE
                0x10008f68       0xb4 /home/jslucena/Work/tflite-micro/gen/cortex_m_generic_cortex-m0plus_default_gcc/lib/libtensorflow-microlite.a(micro_allocator.o)
                0x10008f68                tflite::MicroAllocator::AllocateTfLiteEvalTensors(tflite::Model const*, tflite::SubgraphAllocations*)
 .text._ZN6tflite36MicroContextAllocatePersistentBufferEP13TfLiteContextj
                0x1000901c        0xc /home/jslucena/Work/tflite-micro/gen/cortex_m_generic_cortex-m0plus_default_gcc/lib/libtensorflow-microlite.a(micro_interpreter.o)
                0x1000901c                tflite::MicroContextAllocatePersistentBuffer(TfLiteContext*, unsigned int)
 .text._ZN6tflite39MicroContextRequestScratchBufferInArenaEP13TfLiteContextjPi
                0x10009028        0xc /home/jslucena/Work/tflite-micro/gen/cortex_m_generic_cortex-m0plus_default_gcc/lib/libtensorflow-microlite.a(micro_interpreter.o)
                0x10009028                tflite::MicroContextRequestScratchBufferInArena(TfLiteContext*, unsigned int, int*)
 .text._ZN6tflite28MicroContextGetScratchBufferEP13TfLiteContexti
                0x10009034        0xc /home/jslucena/Work/tflite-micro/gen/cortex_m_generic_cortex-m0plus_default_gcc/lib/libtensorflow-microlite.a(micro_interpreter.o)
                0x10009034                tflite::MicroContextGetScratchBuffer(TfLiteContext*, int)
 .text._ZN6tflite21MicroContextGetTensorEPK13TfLiteContexti
                0x10009040        0xc /home/jslucena/Work/tflite-micro/gen/cortex_m_generic_cortex-m0plus_default_gcc/lib/libtensorflow-microlite.a(micro_interpreter.o)
                0x10009040                tflite::MicroContextGetTensor(TfLiteContext const*, int)
 .text._ZN6tflite25MicroContextGetEvalTensorEPK13TfLiteContexti
                0x1000904c        0xc /home/jslucena/Work/tflite-micro/gen/cortex_m_generic_cortex-m0plus_default_gcc/lib/libtensorflow-microlite.a(micro_interpreter.o)
                0x1000904c                tflite::MicroContextGetEvalTensor(TfLiteContext const*, int)
 .text._ZN6tflite30MicroContextGetExternalContextEP13TfLiteContext25TfLiteExternalContextType
                0x10009058        0xc /home/jslucena/Work/tflite-micro/gen/cortex_m_generic_cortex-m0plus_default_gcc/lib/libtensorflow-microlite.a(micro_interpreter.o)
                0x10009058                tflite::MicroContextGetExternalContext(TfLiteContext*, TfLiteExternalContextType)
 .text._ZN6tflite23EnumNameBuiltinOperatorENS_15BuiltinOperatorE
                0x10009064       0x18 /home/jslucena/Work/tflite-micro/gen/cortex_m_generic_cortex-m0plus_default_gcc/lib/libtensorflow-microlite.a(micro_interpreter.o)
                0x10009064                tflite::EnumNameBuiltinOperator(tflite::BuiltinOperator)
 .text._ZN6tflite16MicroInterpreter4InitEPNS_22MicroProfilerInterfaceE
                0x1000907c       0x58 /home/jslucena/Work/tflite-micro/gen/cortex_m_generic_cortex-m0plus_default_gcc/lib/libtensorflow-microlite.a(micro_interpreter.o)
                0x1000907c                tflite::MicroInterpreter::Init(tflite::MicroProfilerInterface*)
 .text._ZN6tflite16MicroInterpreterC2EPKNS_5ModelERKNS_15MicroOpResolverEPhjPNS_22MicroResourceVariablesEPNS_22MicroProfilerInterfaceEb
                0x100090d4       0x72 /home/jslucena/Work/tflite-micro/gen/cortex_m_generic_cortex-m0plus_default_gcc/lib/libtensorflow-microlite.a(micro_interpreter.o)
                0x100090d4                tflite::MicroInterpreter::MicroInterpreter(tflite::Model const*, tflite::MicroOpResolver const&, unsigned char*, unsigned int, tflite::MicroResourceVariables*, tflite::MicroProfilerInterface*, bool)
                0x100090d4                tflite::MicroInterpreter::MicroInterpreter(tflite::Model const*, tflite::MicroOpResolver const&, unsigned char*, unsigned int, tflite::MicroResourceVariables*, tflite::MicroProfilerInterface*, bool)
 *fill*         0x10009146        0x2 
 .text._ZNK11flatbuffers6VectorIlmE3GetEm
                0x10009148       0x28 /home/jslucena/Work/tflite-micro/gen/cortex_m_generic_cortex-m0plus_default_gcc/lib/libtensorflow-microlite.a(micro_interpreter.o)
                0x10009148                flatbuffers::Vector<long, unsigned long>::Get(unsigned long) const
 .text._ZN11flatbuffers5Table10GetPointerIPKNS_6VectorIlmEEmEET_t
                0x10009170       0x14 /home/jslucena/Work/tflite-micro/gen/cortex_m_generic_cortex-m0plus_default_gcc/lib/libtensorflow-microlite.a(micro_interpreter.o)
                0x10009170                flatbuffers::Vector<long, unsigned long> const* flatbuffers::Table::GetPointer<flatbuffers::Vector<long, unsigned long> const*, unsigned long>(unsigned short)
 .text._ZNK6tflite16MicroInterpreter11inputs_sizeEv.isra.0
                0x10009184       0x16 /home/jslucena/Work/tflite-micro/gen/cortex_m_generic_cortex-m0plus_default_gcc/lib/libtensorflow-microlite.a(micro_interpreter.o)
 *fill*         0x1000919a        0x2 
 .text._ZN6tflite16MicroInterpreter5inputEj
                0x1000919c       0x2c /home/jslucena/Work/tflite-micro/gen/cortex_m_generic_cortex-m0plus_default_gcc/lib/libtensorflow-microlite.a(micro_interpreter.o)
                0x1000919c                tflite::MicroInterpreter::input(unsigned int)
 .text._ZNK6tflite16MicroInterpreter12outputs_sizeEv.isra.0
                0x100091c8       0x16 /home/jslucena/Work/tflite-micro/gen/cortex_m_generic_cortex-m0plus_default_gcc/lib/libtensorflow-microlite.a(micro_interpreter.o)
 *fill*         0x100091de        0x2 
 .text._ZN6tflite16MicroInterpreter6outputEj
                0x100091e0       0x2c /home/jslucena/Work/tflite-micro/gen/cortex_m_generic_cortex-m0plus_default_gcc/lib/libtensorflow-microlite.a(micro_interpreter.o)
                0x100091e0                tflite::MicroInterpreter::output(unsigned int)
 .text._ZN6tflite16MicroInterpreterD2Ev
                0x1000920c       0x28 /home/jslucena/Work/tflite-micro/gen/cortex_m_generic_cortex-m0plus_default_gcc/lib/libtensorflow-microlite.a(micro_interpreter.o)
                0x1000920c                tflite::MicroInterpreter::~MicroInterpreter()
                0x1000920c                tflite::MicroInterpreter::~MicroInterpreter()
 .text._ZN6tflite16MicroInterpreter44PrepareNodeAndRegistrationDataFromFlatbufferEv
                0x10009234      0x220 /home/jslucena/Work/tflite-micro/gen/cortex_m_generic_cortex-m0plus_default_gcc/lib/libtensorflow-microlite.a(micro_interpreter.o)
                0x10009234                tflite::MicroInterpreter::PrepareNodeAndRegistrationDataFromFlatbuffer()
 .text._ZN6tflite16MicroInterpreter5ResetEv
                0x10009454       0x16 /home/jslucena/Work/tflite-micro/gen/cortex_m_generic_cortex-m0plus_default_gcc/lib/libtensorflow-microlite.a(micro_interpreter.o)
                0x10009454                tflite::MicroInterpreter::Reset()
 *fill*         0x1000946a        0x2 
 .text._ZN6tflite16MicroInterpreter15AllocateTensorsEv
                0x1000946c      0x1d8 /home/jslucena/Work/tflite-micro/gen/cortex_m_generic_cortex-m0plus_default_gcc/lib/libtensorflow-microlite.a(micro_interpreter.o)
                0x1000946c                tflite::MicroInterpreter::AllocateTensors()
 .text._ZN6tflite16MicroInterpreter6InvokeEv
                0x10009644       0x3c /home/jslucena/Work/tflite-micro/gen/cortex_m_generic_cortex-m0plus_default_gcc/lib/libtensorflow-microlite.a(micro_interpreter.o)
                0x10009644                tflite::MicroInterpreter::Invoke()
 .text._ZN6tflite23MicroInterpreterContext16external_contextEv
                0x10009680        0x4 /home/jslucena/Work/tflite-micro/gen/cortex_m_generic_cortex-m0plus_default_gcc/lib/libtensorflow-microlite.a(micro_interpreter_context.o)
                0x10009680                tflite::MicroInterpreterContext::external_context()
 .text._ZN6tflite23MicroInterpreterContext5graphEv
                0x10009684        0x4 /home/jslucena/Work/tflite-micro/gen/cortex_m_generic_cortex-m0plus_default_gcc/lib/libtensorflow-microlite.a(micro_interpreter_context.o)
                0x10009684                tflite::MicroInterpreterContext::graph()
 .text._ZN6tflite23MicroInterpreterContextD0Ev
                0x10009688        0x2 /home/jslucena/Work/tflite-micro/gen/cortex_m_generic_cortex-m0plus_default_gcc/lib/libtensorflow-microlite.a(micro_interpreter_context.o)
                0x10009688                tflite::MicroInterpreterContext::~MicroInterpreterContext()
                0x10009688                tflite::MicroInterpreterContext::~MicroInterpreterContext()
                0x10009688                tflite::MicroInterpreterContext::~MicroInterpreterContext()
 .text._ZN6tflite23MicroInterpreterContext24AllocateTempTfLiteTensorEi
                0x1000968a       0x1a /home/jslucena/Work/tflite-micro/gen/cortex_m_generic_cortex-m0plus_default_gcc/lib/libtensorflow-microlite.a(micro_interpreter_context.o)
                0x1000968a                tflite::MicroInterpreterContext::AllocateTempTfLiteTensor(int)
 .text._ZN6tflite23MicroInterpreterContext26DeallocateTempTfLiteTensorEP12TfLiteTensor
                0x100096a4        0xc /home/jslucena/Work/tflite-micro/gen/cortex_m_generic_cortex-m0plus_default_gcc/lib/libtensorflow-microlite.a(micro_interpreter_context.o)
                0x100096a4                tflite::MicroInterpreterContext::DeallocateTempTfLiteTensor(TfLiteTensor*)
 .text._ZN6tflite23MicroInterpreterContext13GetEvalTensorEi
                0x100096b0       0x14 /home/jslucena/Work/tflite-micro/gen/cortex_m_generic_cortex-m0plus_default_gcc/lib/libtensorflow-microlite.a(micro_interpreter_context.o)
                0x100096b0                tflite::MicroInterpreterContext::GetEvalTensor(int)
 .text._ZN6tflite23MicroInterpreterContext20SetAlternateProfilerEPNS_22MicroProfilerInterfaceE
                0x100096c4        0x6 /home/jslucena/Work/tflite-micro/gen/cortex_m_generic_cortex-m0plus_default_gcc/lib/libtensorflow-microlite.a(micro_interpreter_context.o)
                0x100096c4                tflite::MicroInterpreterContext::SetAlternateProfiler(tflite::MicroProfilerInterface*)
 .text._ZNK6tflite23MicroInterpreterContext20GetAlternateProfilerEv
                0x100096ca        0x4 /home/jslucena/Work/tflite-micro/gen/cortex_m_generic_cortex-m0plus_default_gcc/lib/libtensorflow-microlite.a(micro_interpreter_context.o)
                0x100096ca                tflite::MicroInterpreterContext::GetAlternateProfiler() const
 .text._ZN6tflite23MicroInterpreterContext24AllocatePersistentBufferEj
                0x100096ce       0x16 /home/jslucena/Work/tflite-micro/gen/cortex_m_generic_cortex-m0plus_default_gcc/lib/libtensorflow-microlite.a(micro_interpreter_context.o)
                0x100096ce                tflite::MicroInterpreterContext::AllocatePersistentBuffer(unsigned int)
 .text._ZN6tflite23MicroInterpreterContext27RequestScratchBufferInArenaEjPi
                0x100096e4       0x1a /home/jslucena/Work/tflite-micro/gen/cortex_m_generic_cortex-m0plus_default_gcc/lib/libtensorflow-microlite.a(micro_interpreter_context.o)
                0x100096e4                tflite::MicroInterpreterContext::RequestScratchBufferInArena(unsigned int, int*)
 .text._ZN6tflite23MicroInterpreterContext16GetScratchBufferEi
                0x100096fe       0x14 /home/jslucena/Work/tflite-micro/gen/cortex_m_generic_cortex-m0plus_default_gcc/lib/libtensorflow-microlite.a(micro_interpreter_context.o)
                0x100096fe                tflite::MicroInterpreterContext::GetScratchBuffer(int)
 .text._ZN6tflite23MicroInterpreterContext18AllocateTempBufferEjj
                0x10009712       0x16 /home/jslucena/Work/tflite-micro/gen/cortex_m_generic_cortex-m0plus_default_gcc/lib/libtensorflow-microlite.a(micro_interpreter_context.o)
                0x10009712                tflite::MicroInterpreterContext::AllocateTempBuffer(unsigned int, unsigned int)
 .text._ZN6tflite23MicroInterpreterContext20DeallocateTempBufferEPh
                0x10009728       0x16 /home/jslucena/Work/tflite-micro/gen/cortex_m_generic_cortex-m0plus_default_gcc/lib/libtensorflow-microlite.a(micro_interpreter_context.o)
                0x10009728                tflite::MicroInterpreterContext::DeallocateTempBuffer(unsigned char*)
 *fill*         0x1000973e        0x2 
 .text._ZN6tflite23MicroInterpreterContext20set_external_contextEPv
                0x10009740       0x30 /home/jslucena/Work/tflite-micro/gen/cortex_m_generic_cortex-m0plus_default_gcc/lib/libtensorflow-microlite.a(micro_interpreter_context.o)
                0x10009740                tflite::MicroInterpreterContext::set_external_context(void*)
 .text._ZN6tflite23MicroInterpreterContextC2EPNS_14MicroAllocatorEPKNS_5ModelEPNS_21MicroInterpreterGraphE
                0x10009770       0x1c /home/jslucena/Work/tflite-micro/gen/cortex_m_generic_cortex-m0plus_default_gcc/lib/libtensorflow-microlite.a(micro_interpreter_context.o)
                0x10009770                tflite::MicroInterpreterContext::MicroInterpreterContext(tflite::MicroAllocator*, tflite::Model const*, tflite::MicroInterpreterGraph*)
                0x10009770                tflite::MicroInterpreterContext::MicroInterpreterContext(tflite::MicroAllocator*, tflite::Model const*, tflite::MicroInterpreterGraph*)
 .text._ZN6tflite23MicroInterpreterContext23SetScratchBufferHandlesEPNS_19ScratchBufferHandleE
                0x1000978c        0x4 /home/jslucena/Work/tflite-micro/gen/cortex_m_generic_cortex-m0plus_default_gcc/lib/libtensorflow-microlite.a(micro_interpreter_context.o)
                0x1000978c                tflite::MicroInterpreterContext::SetScratchBufferHandles(tflite::ScratchBufferHandle*)
 .text._ZN6tflite23MicroInterpreterContext19SetInterpreterStateENS0_16InterpreterStateE
                0x10009790        0x4 /home/jslucena/Work/tflite-micro/gen/cortex_m_generic_cortex-m0plus_default_gcc/lib/libtensorflow-microlite.a(micro_interpreter_context.o)
                0x10009790                tflite::MicroInterpreterContext::SetInterpreterState(tflite::MicroInterpreterContext::InterpreterState)
 .text._ZN6tflite21MicroInterpreterGraph20GetResourceVariablesEv
                0x10009794        0x4 /home/jslucena/Work/tflite-micro/gen/cortex_m_generic_cortex-m0plus_default_gcc/lib/libtensorflow-microlite.a(micro_interpreter_graph.o)
                0x10009794                tflite::MicroInterpreterGraph::GetResourceVariables()
 .text._ZN6tflite21MicroInterpreterGraphD0Ev
                0x10009798        0x2 /home/jslucena/Work/tflite-micro/gen/cortex_m_generic_cortex-m0plus_default_gcc/lib/libtensorflow-microlite.a(micro_interpreter_graph.o)
                0x10009798                tflite::MicroInterpreterGraph::~MicroInterpreterGraph()